Archive member included because of file (symbol)

d:/armm4/bin/../lib/gcc/arm-none-eabi/4.7.3/../../../../arm-none-eabi/lib/armv7-m\libm.a(lib_a-sf_cos.o)
                              obj/src/gps.o (cosf)
d:/armm4/bin/../lib/gcc/arm-none-eabi/4.7.3/../../../../arm-none-eabi/lib/armv7-m\libm.a(lib_a-sf_sin.o)
                              obj/src/gps.o (sinf)
d:/armm4/bin/../lib/gcc/arm-none-eabi/4.7.3/../../../../arm-none-eabi/lib/armv7-m\libm.a(lib_a-wf_atan2.o)
                              obj/src/gps.o (atan2f)
d:/armm4/bin/../lib/gcc/arm-none-eabi/4.7.3/../../../../arm-none-eabi/lib/armv7-m\libm.a(lib_a-wf_log.o)
                              obj/src/imu.o (logf)
d:/armm4/bin/../lib/gcc/arm-none-eabi/4.7.3/../../../../arm-none-eabi/lib/armv7-m\libm.a(lib_a-wf_sqrt.o)
                              obj/src/gps.o (sqrtf)
d:/armm4/bin/../lib/gcc/arm-none-eabi/4.7.3/../../../../arm-none-eabi/lib/armv7-m\libm.a(lib_a-ef_atan2.o)
                              d:/armm4/bin/../lib/gcc/arm-none-eabi/4.7.3/../../../../arm-none-eabi/lib/armv7-m\libm.a(lib_a-wf_atan2.o) (__ieee754_atan2f)
d:/armm4/bin/../lib/gcc/arm-none-eabi/4.7.3/../../../../arm-none-eabi/lib/armv7-m\libm.a(lib_a-ef_log.o)
                              d:/armm4/bin/../lib/gcc/arm-none-eabi/4.7.3/../../../../arm-none-eabi/lib/armv7-m\libm.a(lib_a-wf_log.o) (__ieee754_logf)
d:/armm4/bin/../lib/gcc/arm-none-eabi/4.7.3/../../../../arm-none-eabi/lib/armv7-m\libm.a(lib_a-ef_rem_pio2.o)
                              d:/armm4/bin/../lib/gcc/arm-none-eabi/4.7.3/../../../../arm-none-eabi/lib/armv7-m\libm.a(lib_a-sf_cos.o) (__ieee754_rem_pio2f)
d:/armm4/bin/../lib/gcc/arm-none-eabi/4.7.3/../../../../arm-none-eabi/lib/armv7-m\libm.a(lib_a-ef_sqrt.o)
                              d:/armm4/bin/../lib/gcc/arm-none-eabi/4.7.3/../../../../arm-none-eabi/lib/armv7-m\libm.a(lib_a-wf_sqrt.o) (__ieee754_sqrtf)
d:/armm4/bin/../lib/gcc/arm-none-eabi/4.7.3/../../../../arm-none-eabi/lib/armv7-m\libm.a(lib_a-kf_cos.o)
                              d:/armm4/bin/../lib/gcc/arm-none-eabi/4.7.3/../../../../arm-none-eabi/lib/armv7-m\libm.a(lib_a-sf_cos.o) (__kernel_cosf)
d:/armm4/bin/../lib/gcc/arm-none-eabi/4.7.3/../../../../arm-none-eabi/lib/armv7-m\libm.a(lib_a-kf_rem_pio2.o)
                              d:/armm4/bin/../lib/gcc/arm-none-eabi/4.7.3/../../../../arm-none-eabi/lib/armv7-m\libm.a(lib_a-ef_rem_pio2.o) (__kernel_rem_pio2f)
d:/armm4/bin/../lib/gcc/arm-none-eabi/4.7.3/../../../../arm-none-eabi/lib/armv7-m\libm.a(lib_a-kf_sin.o)
                              d:/armm4/bin/../lib/gcc/arm-none-eabi/4.7.3/../../../../arm-none-eabi/lib/armv7-m\libm.a(lib_a-sf_cos.o) (__kernel_sinf)
d:/armm4/bin/../lib/gcc/arm-none-eabi/4.7.3/../../../../arm-none-eabi/lib/armv7-m\libm.a(lib_a-s_lib_ver.o)
                              d:/armm4/bin/../lib/gcc/arm-none-eabi/4.7.3/../../../../arm-none-eabi/lib/armv7-m\libm.a(lib_a-wf_log.o) (__fdlib_version)
d:/armm4/bin/../lib/gcc/arm-none-eabi/4.7.3/../../../../arm-none-eabi/lib/armv7-m\libm.a(lib_a-s_matherr.o)
                              d:/armm4/bin/../lib/gcc/arm-none-eabi/4.7.3/../../../../arm-none-eabi/lib/armv7-m\libm.a(lib_a-wf_log.o) (matherr)
d:/armm4/bin/../lib/gcc/arm-none-eabi/4.7.3/../../../../arm-none-eabi/lib/armv7-m\libm.a(lib_a-s_nan.o)
                              d:/armm4/bin/../lib/gcc/arm-none-eabi/4.7.3/../../../../arm-none-eabi/lib/armv7-m\libm.a(lib_a-wf_log.o) (nan)
d:/armm4/bin/../lib/gcc/arm-none-eabi/4.7.3/../../../../arm-none-eabi/lib/armv7-m\libm.a(lib_a-sf_atan.o)
                              d:/armm4/bin/../lib/gcc/arm-none-eabi/4.7.3/../../../../arm-none-eabi/lib/armv7-m\libm.a(lib_a-ef_atan2.o) (atanf)
d:/armm4/bin/../lib/gcc/arm-none-eabi/4.7.3/../../../../arm-none-eabi/lib/armv7-m\libm.a(lib_a-sf_fabs.o)
                              d:/armm4/bin/../lib/gcc/arm-none-eabi/4.7.3/../../../../arm-none-eabi/lib/armv7-m\libm.a(lib_a-ef_atan2.o) (fabsf)
d:/armm4/bin/../lib/gcc/arm-none-eabi/4.7.3/../../../../arm-none-eabi/lib/armv7-m\libm.a(lib_a-sf_floor.o)
                              d:/armm4/bin/../lib/gcc/arm-none-eabi/4.7.3/../../../../arm-none-eabi/lib/armv7-m\libm.a(lib_a-kf_rem_pio2.o) (floorf)
d:/armm4/bin/../lib/gcc/arm-none-eabi/4.7.3/../../../../arm-none-eabi/lib/armv7-m\libm.a(lib_a-sf_fpclassify.o)
                              d:/armm4/bin/../lib/gcc/arm-none-eabi/4.7.3/../../../../arm-none-eabi/lib/armv7-m\libm.a(lib_a-wf_log.o) (__fpclassifyf)
d:/armm4/bin/../lib/gcc/arm-none-eabi/4.7.3/../../../../arm-none-eabi/lib/armv7-m\libm.a(lib_a-sf_scalbn.o)
                              d:/armm4/bin/../lib/gcc/arm-none-eabi/4.7.3/../../../../arm-none-eabi/lib/armv7-m\libm.a(lib_a-kf_rem_pio2.o) (scalbnf)
d:/armm4/bin/../lib/gcc/arm-none-eabi/4.7.3/../../../../arm-none-eabi/lib/armv7-m\libm.a(lib_a-sf_copysign.o)
[...]
Memory Configuration

Name             Origin             Length             Attributes
FLASH            0x08000000         0x0001fc00         xr
RAM              0x20000000         0x00005000         xrw
MEMORY_B1        0x60000000         0x00000000         xr
*default*        0x00000000         0xffffffff

Linker script and memory map

LOAD d:/armm4/bin/../lib/gcc/arm-none-eabi/4.7.3/armv7-m/crti.o
LOAD d:/armm4/bin/../lib/gcc/arm-none-eabi/4.7.3/armv7-m/crtbegin.o
LOAD d:/armm4/bin/../lib/gcc/arm-none-eabi/4.7.3/../../../../arm-none-eabi/lib/armv7-m/crt0.o
LOAD obj/lib/CMSIS/CM3/DeviceSupport/ST/STM32F10x/system_stm32f10x.o
LOAD obj/lib/CMSIS/CM3/CoreSupport/core_cm3.o
LOAD obj/lib/STM32F10x_StdPeriph_Driver/src/misc.o
LOAD obj/lib/STM32F10x_StdPeriph_Driver/src/stm32f10x_adc.o
LOAD obj/lib/STM32F10x_StdPeriph_Driver/src/stm32f10x_bkp.o
LOAD obj/lib/STM32F10x_StdPeriph_Driver/src/stm32f10x_can.o
LOAD obj/lib/STM32F10x_StdPeriph_Driver/src/stm32f10x_cec.o
LOAD obj/lib/STM32F10x_StdPeriph_Driver/src/stm32f10x_crc.o
LOAD obj/lib/STM32F10x_StdPeriph_Driver/src/stm32f10x_dac.o
LOAD obj/lib/STM32F10x_StdPeriph_Driver/src/stm32f10x_dbgmcu.o
LOAD obj/lib/STM32F10x_StdPeriph_Driver/src/stm32f10x_dma.o
LOAD obj/lib/STM32F10x_StdPeriph_Driver/src/stm32f10x_exti.o
LOAD obj/lib/STM32F10x_StdPeriph_Driver/src/stm32f10x_flash.o
LOAD obj/lib/STM32F10x_StdPeriph_Driver/src/stm32f10x_fsmc.o
LOAD obj/lib/STM32F10x_StdPeriph_Driver/src/stm32f10x_gpio.o
LOAD obj/lib/STM32F10x_StdPeriph_Driver/src/stm32f10x_i2c.o
LOAD obj/lib/STM32F10x_StdPeriph_Driver/src/stm32f10x_iwdg.o
LOAD obj/lib/STM32F10x_StdPeriph_Driver/src/stm32f10x_pwr.o
LOAD obj/lib/STM32F10x_StdPeriph_Driver/src/stm32f10x_rcc.o
LOAD obj/lib/STM32F10x_StdPeriph_Driver/src/stm32f10x_rtc.o
LOAD obj/lib/STM32F10x_StdPeriph_Driver/src/stm32f10x_sdio.o
LOAD obj/lib/STM32F10x_StdPeriph_Driver/src/stm32f10x_spi.o
LOAD obj/lib/STM32F10x_StdPeriph_Driver/src/stm32f10x_tim.o
LOAD obj/lib/STM32F10x_StdPeriph_Driver/src/stm32f10x_usart.o
LOAD obj/lib/STM32F10x_StdPeriph_Driver/src/stm32f10x_wwdg.o
LOAD obj/src/buzzer.o
LOAD obj/src/cli.o
LOAD obj/src/config.o
LOAD obj/src/drv_adc.o
LOAD obj/src/drv_adc_fy90q.o
LOAD obj/src/drv_adxl345.o
LOAD obj/src/drv_bmp085.o
LOAD obj/src/drv_hcsr04.o
LOAD obj/src/drv_hmc5883l.o
LOAD obj/src/drv_i2c.o
LOAD obj/src/drv_i2c_soft.o
LOAD obj/src/drv_l3g4200d.o
LOAD obj/src/drv_ledring.o
LOAD obj/src/drv_mma845x.o
LOAD obj/src/drv_mpu3050.o
LOAD obj/src/drv_mpu6050.o
LOAD obj/src/drv_ms5611.o
LOAD obj/src/drv_pwm.o
LOAD obj/src/drv_pwm_fy90q.o
LOAD obj/src/drv_system.o
LOAD obj/src/drv_uart.o
LOAD obj/src/filter.o
LOAD obj/src/gps.o
LOAD obj/src/imu.o
LOAD obj/src/main.o
LOAD obj/src/mixer.o
LOAD obj/src/mw.o
LOAD obj/src/printf.o
LOAD obj/src/sensors.o
LOAD obj/src/serial.o
LOAD obj/src/spektrum.o
LOAD obj/src/telemetry.o
LOAD obj/src/baseflight_startups/startup_stm32f10x_md_gcc.o
LOAD d:/armm4/bin/../lib/gcc/arm-none-eabi/4.7.3/../../../../arm-none-eabi/lib/armv7-m\libm.a
                0x00001000                malloc_getpagesize_P = 0x1000
START GROUP
LOAD d:/armm4/bin/../lib/gcc/arm-none-eabi/4.7.3/armv7-m\libgcc.a
LOAD d:/armm4/bin/../lib/gcc/arm-none-eabi/4.7.3/../../../../arm-none-eabi/lib/armv7-m\libc.a
END GROUP
LOAD d:/armm4/bin/../lib/gcc/arm-none-eabi/4.7.3/armv7-m/crtend.o
LOAD d:/armm4/bin/../lib/gcc/arm-none-eabi/4.7.3/armv7-m/crtn.o
                0x20005000                _estack = 0x20005000
                0x00000000                _Min_Heap_Size = 0x0
                0x00000400                _Min_Stack_Size = 0x400

.isr_vector     0x08000000      0x10c
                0x08000000                . = ALIGN (0x4)
 *(.isr_vector)
 .isr_vector    0x08000000      0x10c obj/src/baseflight_startups/startup_stm32f10x_md_gcc.o
                0x08000000                g_pfnVectors
                0x0800010c                . = ALIGN (0x4)

.text           0x08000110    0x16244
                0x08000110                . = ALIGN (0x4)
 *(.text)
 .text          0x08000110       0x54 d:/armm4/bin/../lib/gcc/arm-none-eabi/4.7.3/armv7-m/crtbegin.o
 .text          0x08000164      0x370 d:/armm4/bin/../lib/gcc/arm-none-eabi/4.7.3/armv7-m\libgcc.a(_arm_addsubdf3.o)
                0x08000164                __aeabi_drsub
                0x0800016c                __aeabi_dsub
                0x0800016c                __subdf3
                0x08000170                __aeabi_dadd
                0x08000170                __adddf3
                0x080003e8                __floatunsidf
                0x080003e8                __aeabi_ui2d
                0x08000408                __floatsidf
                0x08000408                __aeabi_i2d
                0x0800042c                __aeabi_f2d
                0x0800042c                __extendsfdf2
                0x08000468                __floatundidf
                0x08000468                __aeabi_ul2d
                0x08000478                __floatdidf
                0x08000478                __aeabi_l2d
 .text          0x080004d4      0x424 d:/armm4/bin/../lib/gcc/arm-none-eabi/4.7.3/armv7-m\libgcc.a(_arm_muldivdf3.o)
                0x080004d4                __aeabi_dmul
                0x080004d4                __muldf3
                0x08000728                __divdf3
                0x08000728                __aeabi_ddiv
 .text          0x080008f8       0xa0 d:/armm4/bin/../lib/gcc/arm-none-eabi/4.7.3/armv7-m\libgcc.a(_arm_truncdfsf2.o)
                0x080008f8                __truncdfsf2
                0x080008f8                __aeabi_d2f
 .text          0x08000998      0x21c d:/armm4/bin/../lib/gcc/arm-none-eabi/4.7.3/armv7-m\libgcc.a(_arm_addsubsf3.o)
                0x08000998                __aeabi_frsub
                0x080009a0                __subsf3
                0x080009a0                __aeabi_fsub
                0x080009a4                __aeabi_fadd
                0x080009a4                __addsf3
                0x08000b04                __aeabi_ui2f
                0x08000b04                __floatunsisf
                0x08000b0c                __aeabi_i2f
                0x08000b0c                __floatsisf
                0x08000b28                __aeabi_ul2f
                0x08000b28                __floatundisf
                0x08000b38                __aeabi_l2f
                0x08000b38                __floatdisf
 .text          0x08000bb4      0x2a0 d:/armm4/bin/../lib/gcc/arm-none-eabi/4.7.3/armv7-m\libgcc.a(_arm_muldivsf3.o)
                0x08000bb4                __mulsf3
                0x08000bb4                __aeabi_fmul
                0x08000d1c                __aeabi_fdiv
                0x08000d1c                __divsf3
 .text          0x08000e54       0xec d:/armm4/bin/../lib/gcc/arm-none-eabi/4.7.3/armv7-m\libgcc.a(_arm_cmpsf2.o)
                0x08000e54                __gesf2
                0x08000e54                __gtsf2
                0x08000e5c                __lesf2
                0x08000e5c                __ltsf2
                0x08000e64                __nesf2
                0x08000e64                __eqsf2
                0x08000e64                __cmpsf2
                0x08000ec4                __aeabi_cfrcmple
                0x08000ecc                __aeabi_cfcmpeq
                0x08000ecc                __aeabi_cfcmple
                0x08000edc                __aeabi_fcmpeq
                0x08000ef0                __aeabi_fcmplt
                0x08000f04                __aeabi_fcmple
                0x08000f18                __aeabi_fcmpge
                0x08000f2c                __aeabi_fcmpgt
 .text          0x08000f40       0x4c d:/armm4/bin/../lib/gcc/arm-none-eabi/4.7.3/armv7-m\libgcc.a(_arm_fixsfsi.o)
                0x08000f40                __aeabi_f2iz
                0x08000f40                __fixsfsi
 .text          0x08000f8c       0x40 d:/armm4/bin/../lib/gcc/arm-none-eabi/4.7.3/armv7-m\libgcc.a(_arm_fixunssfsi.o)
                0x08000f8c                __fixunssfsi
                0x08000f8c                __aeabi_f2uiz
 *(.text*)
 .text.SystemCoreClockUpdate
                0x08000fcc       0x70 obj/lib/CMSIS/CM3/DeviceSupport/ST/STM32F10x/system_stm32f10x.o
                0x08000fcc                SystemCoreClockUpdate
 .text.SystemInit
                0x0800103c      0x1dc obj/lib/CMSIS/CM3/DeviceSupport/ST/STM32F10x/system_stm32f10x.o
                0x0800103c                SystemInit
 .text.NVIC_PriorityGroupConfig
                0x08001218       0x14 obj/lib/STM32F10x_StdPeriph_Driver/src/misc.o
                0x08001218                NVIC_PriorityGroupConfig
 .text.NVIC_Init
                0x0800122c       0x7c obj/lib/STM32F10x_StdPeriph_Driver/src/misc.o
                0x0800122c                NVIC_Init
 .text.ADC_Init
                0x080012a8       0x4c obj/lib/STM32F10x_StdPeriph_Driver/src/stm32f10x_adc.o
                0x080012a8                ADC_Init
 .text.ADC_Cmd  0x080012f4       0x14 obj/lib/STM32F10x_StdPeriph_Driver/src/stm32f10x_adc.o
                0x080012f4                ADC_Cmd
 .text.ADC_DMACmd
                0x08001308       0x14 obj/lib/STM32F10x_StdPeriph_Driver/src/stm32f10x_adc.o
                0x08001308                ADC_DMACmd
 .text.ADC_ResetCalibration
                0x0800131c        0xc obj/lib/STM32F10x_StdPeriph_Driver/src/stm32f10x_adc.o
                0x0800131c                ADC_ResetCalibration
 .text.ADC_GetResetCalibrationStatus
                0x08001328        0x8 obj/lib/STM32F10x_StdPeriph_Driver/src/stm32f10x_adc.o
                0x08001328                ADC_GetResetCalibrationStatus
 .text.ADC_StartCalibration
                0x08001330        0xc obj/lib/STM32F10x_StdPeriph_Driver/src/stm32f10x_adc.o
                0x08001330                ADC_StartCalibration
 .text.ADC_GetCalibrationStatus
                0x0800133c        0x8 obj/lib/STM32F10x_StdPeriph_Driver/src/stm32f10x_adc.o
                0x0800133c                ADC_GetCalibrationStatus
 .text.ADC_SoftwareStartConvCmd
                0x08001344       0x14 obj/lib/STM32F10x_StdPeriph_Driver/src/stm32f10x_adc.o
                0x08001344                ADC_SoftwareStartConvCmd
 .text.ADC_RegularChannelConfig
                0x08001358       0x98 obj/lib/STM32F10x_StdPeriph_Driver/src/stm32f10x_adc.o
                0x08001358                ADC_RegularChannelConfig
 .text.DMA_DeInit
                0x080013f0      0x158 obj/lib/STM32F10x_StdPeriph_Driver/src/stm32f10x_dma.o
                0x080013f0                DMA_DeInit
 .text.DMA_Init
                0x08001548       0x44 obj/lib/STM32F10x_StdPeriph_Driver/src/stm32f10x_dma.o
                0x08001548                DMA_Init
 .text.DMA_Cmd  0x0800158c       0x18 obj/lib/STM32F10x_StdPeriph_Driver/src/stm32f10x_dma.o
                0x0800158c                DMA_Cmd
 .text.DMA_ITConfig
                0x080015a4       0x14 obj/lib/STM32F10x_StdPeriph_Driver/src/stm32f10x_dma.o
                0x080015a4                DMA_ITConfig
 .text.DMA_GetCurrDataCounter
                0x080015b8        0x8 obj/lib/STM32F10x_StdPeriph_Driver/src/stm32f10x_dma.o
                0x080015b8                DMA_GetCurrDataCounter
 .text.DMA_ClearITPendingBit
                0x080015c0       0x14 obj/lib/STM32F10x_StdPeriph_Driver/src/stm32f10x_dma.o
                0x080015c0                DMA_ClearITPendingBit
 .text.EXTI_Init
                0x080015d4       0x7c obj/lib/STM32F10x_StdPeriph_Driver/src/stm32f10x_exti.o
                0x080015d4                EXTI_Init
 .text.EXTI_GetITStatus
                0x08001650       0x20 obj/lib/STM32F10x_StdPeriph_Driver/src/stm32f10x_exti.o
                0x08001650                EXTI_GetITStatus
 .text.EXTI_ClearITPendingBit
                0x08001670        0xc obj/lib/STM32F10x_StdPeriph_Driver/src/stm32f10x_exti.o
                0x08001670                EXTI_ClearITPendingBit
 .text.FLASH_Unlock
                0x0800167c       0x20 obj/lib/STM32F10x_StdPeriph_Driver/src/stm32f10x_flash.o
                0x0800167c                FLASH_Unlock
 .text.FLASH_Lock
                0x0800169c       0x14 obj/lib/STM32F10x_StdPeriph_Driver/src/stm32f10x_flash.o
                0x0800169c                FLASH_Lock
 .text.FLASH_ClearFlag
                0x080016b0        0xc obj/lib/STM32F10x_StdPeriph_Driver/src/stm32f10x_flash.o
                0x080016b0                FLASH_ClearFlag
 .text.FLASH_GetBank1Status
                0x080016bc       0x2c obj/lib/STM32F10x_StdPeriph_Driver/src/stm32f10x_flash.o
                0x080016bc                FLASH_GetBank1Status
 .text.FLASH_WaitForLastOperation
                0x080016e8       0x40 obj/lib/STM32F10x_StdPeriph_Driver/src/stm32f10x_flash.o
                0x080016e8                FLASH_WaitForLastOperation
 .text.FLASH_ProgramWord
                0x08001728       0x68 obj/lib/STM32F10x_StdPeriph_Driver/src/stm32f10x_flash.o
                0x08001728                FLASH_ProgramWord
 .text.FLASH_ErasePage
                0x08001790       0x40 obj/lib/STM32F10x_StdPeriph_Driver/src/stm32f10x_flash.o
                0x08001790                FLASH_ErasePage
 .text.GPIO_Init
                0x080017d0      0x264 obj/lib/STM32F10x_StdPeriph_Driver/src/stm32f10x_gpio.o
                0x080017d0                GPIO_Init
 .text.GPIO_StructInit
                0x08001a34       0x10 obj/lib/STM32F10x_StdPeriph_Driver/src/stm32f10x_gpio.o
                0x08001a34                GPIO_StructInit
 .text.GPIO_ReadInputDataBit
                0x08001a44        0xc obj/lib/STM32F10x_StdPeriph_Driver/src/stm32f10x_gpio.o
                0x08001a44                GPIO_ReadInputDataBit
 .text.GPIO_SetBits
                0x08001a50        0x4 obj/lib/STM32F10x_StdPeriph_Driver/src/stm32f10x_gpio.o
                0x08001a50                GPIO_SetBits
 .text.GPIO_ResetBits
                0x08001a54        0x4 obj/lib/STM32F10x_StdPeriph_Driver/src/stm32f10x_gpio.o
                0x08001a54                GPIO_ResetBits
 .text.GPIO_PinRemapConfig
                0x08001a58       0x78 obj/lib/STM32F10x_StdPeriph_Driver/src/stm32f10x_gpio.o
                0x08001a58                GPIO_PinRemapConfig
 .text.GPIO_EXTILineConfig
                0x08001ad0       0x38 obj/lib/STM32F10x_StdPeriph_Driver/src/stm32f10x_gpio.o
                0x08001ad0                GPIO_EXTILineConfig
 .text.I2C_DeInit
                0x08001b08       0x40 obj/lib/STM32F10x_StdPeriph_Driver/src/stm32f10x_i2c.o
                0x08001b08                I2C_DeInit
 .text.I2C_Init
                0x08001b48       0xe8 obj/lib/STM32F10x_StdPeriph_Driver/src/stm32f10x_i2c.o
                0x08001b48                I2C_Init
 .text.I2C_StructInit
                0x08001c30       0x1c obj/lib/STM32F10x_StdPeriph_Driver/src/stm32f10x_i2c.o
                0x08001c30                I2C_StructInit
 .text.I2C_Cmd  0x08001c4c       0x1c obj/lib/STM32F10x_StdPeriph_Driver/src/stm32f10x_i2c.o
                0x08001c4c                I2C_Cmd
 .text.I2C_GenerateSTART
                0x08001c68       0x1c obj/lib/STM32F10x_StdPeriph_Driver/src/stm32f10x_i2c.o
                0x08001c68                I2C_GenerateSTART
 .text.I2C_GenerateSTOP
                0x08001c84       0x1c obj/lib/STM32F10x_StdPeriph_Driver/src/stm32f10x_i2c.o
                0x08001c84                I2C_GenerateSTOP
 .text.I2C_AcknowledgeConfig
                0x08001ca0       0x1c obj/lib/STM32F10x_StdPeriph_Driver/src/stm32f10x_i2c.o
                0x08001ca0                I2C_AcknowledgeConfig
 .text.I2C_ITConfig
                0x08001cbc       0x14 obj/lib/STM32F10x_StdPeriph_Driver/src/stm32f10x_i2c.o
                0x08001cbc                I2C_ITConfig
 .text.I2C_SendData
                0x08001cd0        0x4 obj/lib/STM32F10x_StdPeriph_Driver/src/stm32f10x_i2c.o
                0x08001cd0                I2C_SendData
 .text.I2C_ReceiveData
                0x08001cd4        0x8 obj/lib/STM32F10x_StdPeriph_Driver/src/stm32f10x_i2c.o
                0x08001cd4                I2C_ReceiveData
 .text.I2C_Send7bitAddress
                0x08001cdc       0x14 obj/lib/STM32F10x_StdPeriph_Driver/src/stm32f10x_i2c.o
                0x08001cdc                I2C_Send7bitAddress
 .text.RCC_GetClocksFreq
                0x08001cf0       0xa8 obj/lib/STM32F10x_StdPeriph_Driver/src/stm32f10x_rcc.o
                0x08001cf0                RCC_GetClocksFreq
 .text.RCC_AHBPeriphClockCmd
                0x08001d98       0x1c obj/lib/STM32F10x_StdPeriph_Driver/src/stm32f10x_rcc.o
                0x08001d98                RCC_AHBPeriphClockCmd
 .text.RCC_APB2PeriphClockCmd
                0x08001db4       0x1c obj/lib/STM32F10x_StdPeriph_Driver/src/stm32f10x_rcc.o
                0x08001db4                RCC_APB2PeriphClockCmd
 .text.RCC_APB1PeriphClockCmd
                0x08001dd0       0x1c obj/lib/STM32F10x_StdPeriph_Driver/src/stm32f10x_rcc.o
                0x08001dd0                RCC_APB1PeriphClockCmd
 .text.RCC_APB1PeriphResetCmd
                0x08001dec       0x1c obj/lib/STM32F10x_StdPeriph_Driver/src/stm32f10x_rcc.o
                0x08001dec                RCC_APB1PeriphResetCmd
 .text.RCC_ClearFlag
                0x08001e08       0x14 obj/lib/STM32F10x_StdPeriph_Driver/src/stm32f10x_rcc.o
                0x08001e08                RCC_ClearFlag
 .text.TI1_Config
                0x08001e1c       0x84 obj/lib/STM32F10x_StdPeriph_Driver/src/stm32f10x_tim.o
 .text.TI2_Config
                0x08001ea0       0x8c obj/lib/STM32F10x_StdPeriph_Driver/src/stm32f10x_tim.o
 .text.TIM_TimeBaseInit
                0x08001f2c       0xd8 obj/lib/STM32F10x_StdPeriph_Driver/src/stm32f10x_tim.o
                0x08001f2c                TIM_TimeBaseInit
 .text.TIM_OC1Init
                0x08002004       0xb8 obj/lib/STM32F10x_StdPeriph_Driver/src/stm32f10x_tim.o
                0x08002004                TIM_OC1Init
 .text.TIM_OC2Init
                0x080020bc       0x94 obj/lib/STM32F10x_StdPeriph_Driver/src/stm32f10x_tim.o
                0x080020bc                TIM_OC2Init
 .text.TIM_OC3Init
                0x08002150       0x94 obj/lib/STM32F10x_StdPeriph_Driver/src/stm32f10x_tim.o
                0x08002150                TIM_OC3Init
 .text.TIM_OC4Init
                0x080021e4       0x74 obj/lib/STM32F10x_StdPeriph_Driver/src/stm32f10x_tim.o
                0x080021e4                TIM_OC4Init
 .text.TIM_ICInit
                0x08002258      0x1a8 obj/lib/STM32F10x_StdPeriph_Driver/src/stm32f10x_tim.o
                0x08002258                TIM_ICInit
 .text.TIM_TimeBaseStructInit
                0x08002400       0x14 obj/lib/STM32F10x_StdPeriph_Driver/src/stm32f10x_tim.o
                0x08002400                TIM_TimeBaseStructInit
 .text.TIM_OCStructInit
                0x08002414       0x14 obj/lib/STM32F10x_StdPeriph_Driver/src/stm32f10x_tim.o
                0x08002414                TIM_OCStructInit
 .text.TIM_ICStructInit
                0x08002428       0x10 obj/lib/STM32F10x_StdPeriph_Driver/src/stm32f10x_tim.o
                0x08002428                TIM_ICStructInit
 .text.TIM_Cmd  0x08002438       0x1c obj/lib/STM32F10x_StdPeriph_Driver/src/stm32f10x_tim.o
                0x08002438                TIM_Cmd
 .text.TIM_CtrlPWMOutputs
                0x08002454       0x20 obj/lib/STM32F10x_StdPeriph_Driver/src/stm32f10x_tim.o
                0x08002454                TIM_CtrlPWMOutputs
 .text.TIM_ITConfig
                0x08002474       0x14 obj/lib/STM32F10x_StdPeriph_Driver/src/stm32f10x_tim.o
                0x08002474                TIM_ITConfig
 .text.TIM_OC1PreloadConfig
                0x08002488       0x10 obj/lib/STM32F10x_StdPeriph_Driver/src/stm32f10x_tim.o
                0x08002488                TIM_OC1PreloadConfig
 .text.TIM_OC2PreloadConfig
                0x08002498       0x14 obj/lib/STM32F10x_StdPeriph_Driver/src/stm32f10x_tim.o
                0x08002498                TIM_OC2PreloadConfig
 .text.TIM_OC3PreloadConfig
                0x080024ac       0x10 obj/lib/STM32F10x_StdPeriph_Driver/src/stm32f10x_tim.o
                0x080024ac                TIM_OC3PreloadConfig
 .text.TIM_OC4PreloadConfig
                0x080024bc       0x14 obj/lib/STM32F10x_StdPeriph_Driver/src/stm32f10x_tim.o
                0x080024bc                TIM_OC4PreloadConfig
 .text.TIM_GetCapture1
                0x080024d0        0x8 obj/lib/STM32F10x_StdPeriph_Driver/src/stm32f10x_tim.o
                0x080024d0                TIM_GetCapture1
 .text.TIM_GetCapture2
                0x080024d8        0x8 obj/lib/STM32F10x_StdPeriph_Driver/src/stm32f10x_tim.o
                0x080024d8                TIM_GetCapture2
 .text.TIM_GetCapture3
                0x080024e0        0x8 obj/lib/STM32F10x_StdPeriph_Driver/src/stm32f10x_tim.o
                0x080024e0                TIM_GetCapture3
 .text.TIM_GetCapture4
                0x080024e8        0x8 obj/lib/STM32F10x_StdPeriph_Driver/src/stm32f10x_tim.o
                0x080024e8                TIM_GetCapture4
 .text.TIM_GetITStatus
                0x080024f0       0x18 obj/lib/STM32F10x_StdPeriph_Driver/src/stm32f10x_tim.o
                0x080024f0                TIM_GetITStatus
 .text.TIM_ClearITPendingBit
                0x08002508        0x8 obj/lib/STM32F10x_StdPeriph_Driver/src/stm32f10x_tim.o
                0x08002508                TIM_ClearITPendingBit
 .text.USART_Init
                0x08002510       0xcc obj/lib/STM32F10x_StdPeriph_Driver/src/stm32f10x_usart.o
                0x08002510                USART_Init
 .text.USART_StructInit
                0x080025dc       0x18 obj/lib/STM32F10x_StdPeriph_Driver/src/stm32f10x_usart.o
                0x080025dc                USART_StructInit
 .text.USART_Cmd
                0x080025f4       0x1c obj/lib/STM32F10x_StdPeriph_Driver/src/stm32f10x_usart.o
                0x080025f4                USART_Cmd
 .text.USART_ITConfig
                0x08002610       0x38 obj/lib/STM32F10x_StdPeriph_Driver/src/stm32f10x_usart.o
                0x08002610                USART_ITConfig
 .text.USART_DMACmd
                0x08002648       0x14 obj/lib/STM32F10x_StdPeriph_Driver/src/stm32f10x_usart.o
                0x08002648                USART_DMACmd
 .text.USART_ReceiveData
                0x0800265c        0x8 obj/lib/STM32F10x_StdPeriph_Driver/src/stm32f10x_usart.o
                0x0800265c                USART_ReceiveData
 .text.beep     0x08002664       0x88 obj/src/buzzer.o
 .text.beep_code
                0x080026ec       0xb8 obj/src/buzzer.o
 .text.buzzer   0x080027a4      0x174 obj/src/buzzer.o
                0x080027a4                buzzer
 .text.i2a      0x08002918       0x28 obj/src/cli.o
 .text._atof    0x08002940      0x2e0 obj/src/cli.o
 .text.cliVersion
                0x08002c20        0xc obj/src/cli.o
 .text.cliHelp  0x08002c2c      0x144 obj/src/cli.o
 .text.cliStatus
                0x08002d70      0x10c obj/src/cli.o
 .text.cliCompare
                0x08002e7c       0x1c obj/src/cli.o
 .text.cliSave  0x08002e98       0x34 obj/src/cli.o
 .text.cliExit  0x08002ecc       0x3c obj/src/cli.o
 .text.cliMap   0x08002f08      0x2a0 obj/src/cli.o
 .text.cliFeature
                0x080031a8      0x110 obj/src/cli.o
 .text.cliDefaults
                0x080032b8       0x30 obj/src/cli.o
 .text.cliMixer
                0x080032e8       0xbc obj/src/cli.o
 .text.cliProfile
                0x080033a4       0x50 obj/src/cli.o
 .text.cliAux   0x080033f4       0x70 obj/src/cli.o
 .text.itoa     0x08003464       0x30 obj/src/cli.o
                0x08003464                itoa
 .text.ftoa     0x08003494       0xf0 obj/src/cli.o
 .text.cliPrintVar
                0x08003584       0xa8 obj/src/cli.o
 .text.cliSet   0x0800362c      0x274 obj/src/cli.o
 .text.cliDump  0x080038a0      0x29c obj/src/cli.o
 .text.cliCMix  0x08003b3c      0x75c obj/src/cli.o
 .text.cliProcess
                0x08004298      0x36c obj/src/cli.o
                0x08004298                cliProcess
 .text.validEEPROM
                0x08004604       0x5c obj/src/config.o
 .text.parseRcChannels
                0x08004660       0x34 obj/src/config.o
                0x08004660                parseRcChannels
 .text.readEEPROM
                0x08004694      0x670 obj/src/config.o
                0x08004694                readEEPROM
 .text.writeEEPROM
                0x08004d04      0x110 obj/src/config.o
                0x08004d04                writeEEPROM
 .text.checkFirstTime
                0x08004e14      0x2a4 obj/src/config.o
                0x08004e14                checkFirstTime
 .text.sensors  0x080050b8       0x14 obj/src/config.o
                0x080050b8                sensors
 .text.sensorsSet
                0x080050cc       0x10 obj/src/config.o
                0x080050cc                sensorsSet
 .text.sensorsClear
                0x080050dc       0x14 obj/src/config.o
                0x080050dc                sensorsClear
 .text.sensorsMask
                0x080050f0        0xc obj/src/config.o
                0x080050f0                sensorsMask
 .text.feature  0x080050fc       0x14 obj/src/config.o
                0x080050fc                feature
 .text.featureSet
                0x08005110       0x10 obj/src/config.o
                0x08005110                featureSet
 .text.featureClear
                0x08005120       0x14 obj/src/config.o
                0x08005120                featureClear
 .text.featureMask
                0x08005134        0xc obj/src/config.o
                0x08005134                featureMask
 .text.adcInit  0x08005140      0x160 obj/src/drv_adc.o
                0x08005140                adcInit
 .text.adcGetChannel
                0x080052a0       0x10 obj/src/drv_adc.o
                0x080052a0                adcGetChannel
 .text.adxl345Align
                0x080052b0        0x4 obj/src/drv_adxl345.o
 .text.adxl345Read
                0x080052b4      0x15c obj/src/drv_adxl345.o
 .text.adxl345Init
                0x08005410       0x5c obj/src/drv_adxl345.o
 .text.adxl345Detect
                0x0800546c       0x50 obj/src/drv_adxl345.o
                0x0800546c                adxl345Detect
 .text.bmp085_calculate
                0x080054bc       0xfc obj/src/drv_bmp085.o
 .text.bmp085_get_up
                0x080055b8       0x58 obj/src/drv_bmp085.o
 .text.bmp085_get_ut
                0x08005610       0x40 obj/src/drv_bmp085.o
 .text.bmp085_start_up
                0x08005650       0x2c obj/src/drv_bmp085.o
 .text.bmp085_start_ut
                0x0800567c       0x1c obj/src/drv_bmp085.o
 .text.EXTI15_10_IRQHandler
                0x08005698       0x24 obj/src/drv_bmp085.o
                0x08005698                EXTI15_10_IRQHandler
 .text.bmp085Detect
                0x080056bc      0x23c obj/src/drv_bmp085.o
                0x080056bc                bmp085Detect
 .text.ECHO_EXTI_IRQHandler
                0x080058f8       0x64 obj/src/drv_hcsr04.o
                0x080058f8                ECHO_EXTI_IRQHandler
 .text.EXTI1_IRQHandler
                0x0800595c        0x4 obj/src/drv_hcsr04.o
                0x0800595c                EXTI1_IRQHandler
 .text.EXTI9_5_IRQHandler
                0x08005960        0x4 obj/src/drv_hcsr04.o
                0x08005960                EXTI9_5_IRQHandler
 .text.hcsr04_init
                0x08005964      0x100 obj/src/drv_hcsr04.o
                0x08005964                hcsr04_init
 .text.hcsr04_get_distance
                0x08005a64       0x50 obj/src/drv_hcsr04.o
                0x08005a64                hcsr04_get_distance
 .text.hmc5883lDetect
                0x08005ab4       0x3c obj/src/drv_hmc5883l.o
                0x08005ab4                hmc5883lDetect
 .text.hmc5883lRead
                0x08005af0       0xac obj/src/drv_hmc5883l.o
                0x08005af0                hmc5883lRead
 *fill*         0x08005b9c        0x4 00
 .text.hmc5883lInit
                0x08005ba0      0x730 obj/src/drv_hmc5883l.o
                0x08005ba0                hmc5883lInit
 .text.i2c_ev_handler
                0x080062d0      0x3ec obj/src/drv_i2c.o
 .text.I2C1_EV_IRQHandler
                0x080066bc        0x4 obj/src/drv_i2c.o
                0x080066bc                I2C1_EV_IRQHandler
 .text.I2C2_EV_IRQHandler
                0x080066c0        0x4 obj/src/drv_i2c.o
                0x080066c0                I2C2_EV_IRQHandler
 .text.i2cInit  0x080066c4      0x198 obj/src/drv_i2c.o
                0x080066c4                i2cInit
 .text.i2cRead  0x0800685c       0xdc obj/src/drv_i2c.o
                0x0800685c                i2cRead
 .text.i2cWriteBuffer
                0x08006938       0xdc obj/src/drv_i2c.o
                0x08006938                i2cWriteBuffer
 .text.i2cWrite
                0x08006a14       0x14 obj/src/drv_i2c.o
                0x08006a14                i2cWrite
 .text.i2c_er_handler
                0x08006a28       0xb4 obj/src/drv_i2c.o
 .text.I2C2_ER_IRQHandler
                0x08006adc        0x4 obj/src/drv_i2c.o
                0x08006adc                I2C2_ER_IRQHandler
 .text.I2C1_ER_IRQHandler
                0x08006ae0        0x4 obj/src/drv_i2c.o
                0x08006ae0                I2C1_ER_IRQHandler
 .text.i2cGetErrorCounter
                0x08006ae4       0x10 obj/src/drv_i2c.o
                0x08006ae4                i2cGetErrorCounter
 .text.l3g4200dAlign
                0x08006af4       0x10 obj/src/drv_l3g4200d.o
 .text.l3g4200dRead
                0x08006b04       0x60 obj/src/drv_l3g4200d.o
 .text.l3g4200dInit
                0x08006b64       0x38 obj/src/drv_l3g4200d.o
 .text.l3g4200dDetect
                0x08006b9c       0x84 obj/src/drv_l3g4200d.o
                0x08006b9c                l3g4200dDetect
 .text.ledringState
                0x08006c20      0x108 obj/src/drv_ledring.o
                0x08006c20                ledringState
 .text.mma8452Align
                0x08006d28       0x10 obj/src/drv_mma845x.o
 .text.mma8452Read
                0x08006d38       0x64 obj/src/drv_mma845x.o
 .text.mma8452Init
                0x08006d9c       0x88 obj/src/drv_mma845x.o
 .text.mma8452Detect
                0x08006e24       0x50 obj/src/drv_mma845x.o
                0x08006e24                mma8452Detect
 .text.mpu3050Align
                0x08006e74        0x8 obj/src/drv_mpu3050.o
 .text.mpu3050ReadTemp
                0x08006e7c       0x3c obj/src/drv_mpu3050.o
 .text.mpu3050Read
                0x08006eb8       0x60 obj/src/drv_mpu3050.o
 .text.mpu3050Init
                0x08006f18       0x50 obj/src/drv_mpu3050.o
 .text.mpu3050Detect
                0x08006f68       0x98 obj/src/drv_mpu3050.o
                0x08006f68                mpu3050Detect
 .text.mpu6050AccInit
                0x08007000       0x20 obj/src/drv_mpu6050.o
 .text.mpu6050AccAlign
                0x08007020        0xc obj/src/drv_mpu6050.o
 .text.mpu6050GyroAlign
                0x0800702c        0x8 obj/src/drv_mpu6050.o
 .text.mpu6050GyroRead
                0x08007034       0x60 obj/src/drv_mpu6050.o
 .text.mpu6050AccRead
                0x08007094       0x60 obj/src/drv_mpu6050.o
 .text.mpu6050GyroInit
                0x080070f4       0x80 obj/src/drv_mpu6050.o
 .text.mpu6050Detect
                0x08007174      0x15c obj/src/drv_mpu6050.o
                0x08007174                mpu6050Detect
 .text.ms5611_calculate
                0x080072d0       0xa0 obj/src/drv_ms5611.o
 .text.ms5611_read_adc
                0x08007370       0x28 obj/src/drv_ms5611.o
 .text.ms5611_get_up
                0x08007398       0x14 obj/src/drv_ms5611.o
 .text.ms5611_get_ut
                0x080073ac       0x14 obj/src/drv_ms5611.o
 .text.ms5611_start_up
                0x080073c0        0xc obj/src/drv_ms5611.o
 .text.ms5611_start_ut
                0x080073cc        0xc obj/src/drv_ms5611.o
 .text.ms5611Detect
                0x080073d8      0x294 obj/src/drv_ms5611.o
                0x080073d8                ms5611Detect
 .text.pwmTimeBase
                0x0800766c       0x48 obj/src/drv_pwm.o
 .text.pwmICConfig
                0x080076b4       0x34 obj/src/drv_pwm.o
 .text.pwmCallback
                0x080076e8       0x70 obj/src/drv_pwm.o
 .text.pwmTIMxHandler
                0x08007758       0xcc obj/src/drv_pwm.o
 .text.ppmCallback
                0x08007824       0x94 obj/src/drv_pwm.o
 .text.pwmOutConfig.constprop.1
                0x080078b8      0x138 obj/src/drv_pwm.o
 .text.pwmInConfig
                0x080079f0       0xe0 obj/src/drv_pwm.o
 .text.TIM1_CC_IRQHandler
                0x08007ad0       0x78 obj/src/drv_pwm.o
                0x08007ad0                TIM1_CC_IRQHandler
 .text.TIM2_IRQHandler
                0x08007b48        0xc obj/src/drv_pwm.o
                0x08007b48                TIM2_IRQHandler
 .text.TIM3_IRQHandler
                0x08007b54       0x10 obj/src/drv_pwm.o
                0x08007b54                TIM3_IRQHandler
 .text.TIM4_IRQHandler
                0x08007b64       0x10 obj/src/drv_pwm.o
                0x08007b64                TIM4_IRQHandler
 .text.pwmInit  0x08007b74      0x158 obj/src/drv_pwm.o
                0x08007b74                pwmInit
 .text.pwmWriteMotor
                0x08007ccc       0x1c obj/src/drv_pwm.o
                0x08007ccc                pwmWriteMotor
 .text.pwmWriteServo
                0x08007ce8       0x1c obj/src/drv_pwm.o
                0x08007ce8                pwmWriteServo
 .text.pwmRead  0x08007d04       0x10 obj/src/drv_pwm.o
                0x08007d04                pwmRead
 .text.SysTick_Handler
                0x08007d14       0x10 obj/src/drv_system.o
                0x08007d14                SysTick_Handler
 .text.micros   0x08007d24       0x3c obj/src/drv_system.o
                0x08007d24                micros
 .text.millis   0x08007d60        0xc obj/src/drv_system.o
                0x08007d60                millis
 .text.delayMicroseconds
                0x08007d6c       0x70 obj/src/drv_system.o
                0x08007d6c                delayMicroseconds
 .text.delay    0x08007ddc       0x40 obj/src/drv_system.o
                0x08007ddc                delay
 .text.systemInit
                0x08007e1c      0x15c obj/src/drv_system.o
                0x08007e1c                systemInit
 .text.failureMode
                0x08007f78       0x4c obj/src/drv_system.o
                0x08007f78                failureMode
 .text.systemReset
                0x08007fc4       0x28 obj/src/drv_system.o
                0x08007fc4                systemReset
 .text.uart2Open
                0x08007fec       0x54 obj/src/drv_uart.o
 .text.uartTxDMA
                0x08008040       0x5c obj/src/drv_uart.o
 .text.DMA1_Channel4_IRQHandler
                0x0800809c       0x40 obj/src/drv_uart.o
                0x0800809c                DMA1_Channel4_IRQHandler
 .text.uartInit
                0x080080dc      0x148 obj/src/drv_uart.o
                0x080080dc                uartInit
 .text.uartAvailable
                0x08008224       0x20 obj/src/drv_uart.o
                0x08008224                uartAvailable
 .text.uartTransmitEmpty
                0x08008244       0x20 obj/src/drv_uart.o
                0x08008244                uartTransmitEmpty
 .text.uartRead
                0x08008264       0x24 obj/src/drv_uart.o
                0x08008264                uartRead
 .text.uartReadPoll
                0x08008288       0x30 obj/src/drv_uart.o
                0x08008288                uartReadPoll
 .text.uartWrite
                0x080082b8       0x2c obj/src/drv_uart.o
                0x080082b8                uartWrite
 .text.uartPrint
                0x080082e4       0x18 obj/src/drv_uart.o
                0x080082e4                uartPrint
 .text.uart2Init
                0x080082fc       0xe0 obj/src/drv_uart.o
                0x080082fc                uart2Init
 .text.uart2ChangeBaud
                0x080083dc        0x4 obj/src/drv_uart.o
                0x080083dc                uart2ChangeBaud
 .text.uart2Write
                0x080083e0       0x40 obj/src/drv_uart.o
                0x080083e0                uart2Write
 .text.uart2TransmitEmpty
                0x08008420       0x20 obj/src/drv_uart.o
                0x08008420                uart2TransmitEmpty
 .text.USART2_IRQHandler
                0x08008440       0x78 obj/src/drv_uart.o
                0x08008440                USART2_IRQHandler
 .text.initFirstOrderFilter
                0x080084b8       0x48 obj/src/filter.o
                0x080084b8                initFirstOrderFilter
 .text.accelFilterStep
                0x08008500       0xe0 obj/src/filter.o
                0x08008500                accelFilterStep
 .text.GPS_calc_longitude_scaling
                0x080085e0       0x58 obj/src/gps.o
 .text.gpsPrint
                0x08008638       0x44 obj/src/gps.o
 .text.GPS_distance_cm_bearing.isra.2
                0x0800867c       0x90 obj/src/gps.o
 .text.grab_fields.constprop.4
                0x0800870c       0x44 obj/src/gps.o
 .text.gpsInit  0x08008750      0x334 obj/src/gps.o
                0x08008750                gpsInit
 .text.GPS_reset_home_position
                0x08008a84       0x4c obj/src/gps.o
                0x08008a84                GPS_reset_home_position
 .text.GPS_reset_nav
                0x08008ad0       0x6c obj/src/gps.o
                0x08008ad0                GPS_reset_nav
 .text.GPS_set_next_wp
                0x08008b3c       0xa8 obj/src/gps.o
                0x08008b3c                GPS_set_next_wp
 .text.wrap_18000
                0x08008be4       0x24 obj/src/gps.o
                0x08008be4                wrap_18000
 .text.GPS_coord_to_degrees
                0x08008c08      0x194 obj/src/gps.o
                0x08008c08                GPS_coord_to_degrees
 .text.GPS_NewData
                0x08008d9c     0x1210 obj/src/gps.o
 .text.imuInit  0x08009fac       0x5c obj/src/imu.o
                0x08009fac                imuInit
 .text.rotateV  0x0800a008      0x154 obj/src/imu.o
                0x0800a008                rotateV
 .text.computeIMU
                0x0800a15c      0x6b8 obj/src/imu.o
                0x0800a15c                computeIMU
 .text.applyDeadband
                0x0800a814       0x24 obj/src/imu.o
                0x0800a814                applyDeadband
 .text.getEstimatedAltitude
                0x0800a838      0x2dc obj/src/imu.o
                0x0800a838                getEstimatedAltitude
 .text._putc    0x0800ab14        0x8 obj/src/main.o
 .text.startup.main
                0x0800ab1c      0x350 obj/src/main.o
                0x0800ab1c                main
 .text.HardFault_Handler
                0x0800ae6c       0x14 obj/src/main.o
                0x0800ae6c                HardFault_Handler
 .text.mixerInit
                0x0800ae80      0x280 obj/src/mixer.o
                0x0800ae80                mixerInit
 .text.mixerLoadMix
                0x0800b100       0xa0 obj/src/mixer.o
                0x0800b100                mixerLoadMix
 .text.writeServos
                0x0800b1a0       0x74 obj/src/mixer.o
                0x0800b1a0                writeServos
 .text.writeMotors
                0x0800b214       0x2c obj/src/mixer.o
                0x0800b214                writeMotors
 .text.writeAllMotors
                0x0800b240       0x44 obj/src/mixer.o
                0x0800b240                writeAllMotors
 .text.mixTable
                0x0800b284      0x7f4 obj/src/mixer.o
                0x0800b284                mixTable
 .text.pidMultiWii
                0x0800ba78      0x7a8 obj/src/mw.o
 .text.pidRewrite
                0x0800c220      0x488 obj/src/mw.o
 .text.blinkLED
                0x0800c6a8       0xd4 obj/src/mw.o
                0x0800c6a8                blinkLED
 .text.mwArm    0x0800c77c       0x44 obj/src/mw.o
 .text.annexCode
                0x0800c7c0      0x7d0 obj/src/mw.o
                0x0800c7c0                annexCode
 .text.pwmReadRawRC
                0x0800cf90       0x28 obj/src/mw.o
                0x0800cf90                pwmReadRawRC
 .text.computeRC
                0x0800cfb8      0x2a4 obj/src/mw.o
                0x0800cfb8                computeRC
 .text.setPIDController
                0x0800d25c       0x1c obj/src/mw.o
                0x0800d25c                setPIDController
 .text.loop     0x0800d278      0xd04 obj/src/mw.o
                0x0800d278                loop
 .text.uli2a    0x0800df7c       0x68 obj/src/printf.o
 .text.ui2a     0x0800dfe4       0x68 obj/src/printf.o
 .text.putchw   0x0800e04c       0xa4 obj/src/printf.o
 .text.tfp_format
                0x0800e0f0      0x198 obj/src/printf.o
                0x0800e0f0                tfp_format
 .text.init_printf
                0x0800e288       0x18 obj/src/printf.o
                0x0800e288                init_printf
 .text.tfp_printf
                0x0800e2a0       0x38 obj/src/printf.o
                0x0800e2a0                tfp_printf
 .text.alignSensors
                0x0800e2d8       0x7c obj/src/sensors.o
 .text.sensorsAutodetect
                0x0800e354      0x194 obj/src/sensors.o
                0x0800e354                sensorsAutodetect
 .text.batteryAdcToVoltage
                0x0800e4e8       0x40 obj/src/sensors.o
                0x0800e4e8                batteryAdcToVoltage
 .text.batteryInit
                0x0800e528       0xb4 obj/src/sensors.o
                0x0800e528                batteryInit
 .text.ACC_getADC
                0x0800e5dc      0x2a4 obj/src/sensors.o
                0x0800e5dc                ACC_getADC
 .text.Baro_Common
                0x0800e880       0x48 obj/src/sensors.o
                0x0800e880                Baro_Common
 .text.Baro_update
                0x0800e8c8       0x70 obj/src/sensors.o
                0x0800e8c8                Baro_update
 .text.Gyro_getADC
                0x0800e938      0x3fc obj/src/sensors.o
                0x0800e938                Gyro_getADC
 .text.Mag_init
                0x0800ed34       0x2c obj/src/sensors.o
                0x0800ed34                Mag_init
 .text.Mag_getADC
                0x0800ed60      0x1f4 obj/src/sensors.o
                0x0800ed60                Mag_getADC
 .text.Sonar_init
                0x0800ef54       0x1c obj/src/sensors.o
                0x0800ef54                Sonar_init
 .text.Sonar_update
                0x0800ef70        0xc obj/src/sensors.o
                0x0800ef70                Sonar_update
 .text.serialize32
                0x0800ef7c       0x68 obj/src/serial.o
                0x0800ef7c                serialize32
 .text.serialize16
                0x0800efe4       0x40 obj/src/serial.o
                0x0800efe4                serialize16
 .text.serialize8
                0x0800f024       0x18 obj/src/serial.o
                0x0800f024                serialize8
 .text.read32   0x0800f03c       0x40 obj/src/serial.o
                0x0800f03c                read32
 .text.headSerialResponse
                0x0800f07c       0x40 obj/src/serial.o
                0x0800f07c                headSerialResponse
 .text.headSerialReply
                0x0800f0bc        0x8 obj/src/serial.o
                0x0800f0bc                headSerialReply
 .text.headSerialError
                0x0800f0c4        0x8 obj/src/serial.o
                0x0800f0c4                headSerialError
 .text.tailSerialReply
                0x0800f0cc       0x10 obj/src/serial.o
                0x0800f0cc                tailSerialReply
 .text.serializeNames
                0x0800f0dc       0x18 obj/src/serial.o
                0x0800f0dc                serializeNames
 .text.serializeBoxNamesReply
                0x0800f0f4       0xcc obj/src/serial.o
                0x0800f0f4                serializeBoxNamesReply
 .text.serialInit
                0x0800f1c0       0xec obj/src/serial.o
                0x0800f1c0                serialInit
 .text.serialCom
                0x0800f2ac     0x1298 obj/src/serial.o
                0x0800f2ac                serialCom
 .text.spektrumDataReceive
                0x08010544       0x70 obj/src/spektrum.o
 .text.spektrumInit
                0x080105b4       0x40 obj/src/spektrum.o
                0x080105b4                spektrumInit
 .text.spektrumFrameComplete
                0x080105f4        0xc obj/src/spektrum.o
                0x080105f4                spektrumFrameComplete
 .text.spektrumReadRawRC
                0x08010600      0x158 obj/src/spektrum.o
                0x08010600                spektrumReadRawRC
 .text.sendDataHead
                0x08010758       0x14 obj/src/telemetry.o
 .text.serializeFrsky
                0x0801076c       0x30 obj/src/telemetry.o
 .text.serialize16
                0x0801079c       0x18 obj/src/telemetry.o
 .text.initTelemetry
                0x080107b4       0x30 obj/src/telemetry.o
                0x080107b4                initTelemetry
 .text.sendTelemetry
                0x080107e4      0x39c obj/src/telemetry.o
                0x080107e4                sendTelemetry
 .text.Reset_Handler
                0x08010b80       0xb0 obj/src/baseflight_startups/startup_stm32f10x_md_gcc.o
                0x08010b80                Reset_Handler
 .text.Default_Handler
                0x08010c30        0x4 obj/src/baseflight_startups/startup_stm32f10x_md_gcc.o
                0x08010c30                EXTI2_IRQHandler
                0x08010c30                DebugMon_Handler
                0x08010c30                PVD_IRQHandler
                0x08010c30                PendSV_Handler
                0x08010c30                NMI_Handler
                0x08010c30                EXTI3_IRQHandler
                0x08010c30                EXTI0_IRQHandler
                0x08010c30                UsageFault_Handler
                0x08010c30                ADC1_2_IRQHandler
                0x08010c30                SPI1_IRQHandler
                0x08010c30                TAMPER_IRQHandler
                0x08010c30                USART3_IRQHandler
                0x08010c30                RTC_IRQHandler
                0x08010c30                DMA1_Channel7_IRQHandler
                0x08010c30                CAN1_RX1_IRQHandler
                0x08010c30                DMA1_Channel6_IRQHandler
                0x08010c30                RCC_IRQHandler
                0x08010c30                TIM1_TRG_COM_IRQHandler
                0x08010c30                DMA1_Channel1_IRQHandler
                0x08010c30                Default_Handler
                0x08010c30                SPI2_IRQHandler
                0x08010c30                MemManage_Handler
                0x08010c30                SVC_Handler
                0x08010c30                DMA1_Channel5_IRQHandler
                0x08010c30                EXTI4_IRQHandler
                0x08010c30                USB_LP_CAN1_RX0_IRQHandler
                0x08010c30                USB_HP_CAN1_TX_IRQHandler
                0x08010c30                DMA1_Channel3_IRQHandler
                0x08010c30                TIM1_UP_IRQHandler
                0x08010c30                WWDG_IRQHandler
                0x08010c30                TIM1_BRK_IRQHandler
                0x08010c30                RTCAlarm_IRQHandler
                0x08010c30                DMA1_Channel2_IRQHandler
                0x08010c30                CAN1_SCE_IRQHandler
                0x08010c30                FLASH_IRQHandler
                0x08010c30                BusFault_Handler
                0x08010c30                USART1_IRQHandler
                0x08010c30                USBWakeUp_IRQHandler
 .text.cosf     0x08010c34       0x68 d:/armm4/bin/../lib/gcc/arm-none-eabi/4.7.3/../../../../arm-none-eabi/lib/armv7-m\libm.a(lib_a-sf_cos.o)
                0x08010c34                cosf
 .text.sinf     0x08010c9c       0x78 d:/armm4/bin/../lib/gcc/arm-none-eabi/4.7.3/../../../../arm-none-eabi/lib/armv7-m\libm.a(lib_a-sf_sin.o)
                0x08010c9c                sinf
 .text.atan2f   0x08010d14        0x4 d:/armm4/bin/../lib/gcc/arm-none-eabi/4.7.3/../../../../arm-none-eabi/lib/armv7-m\libm.a(lib_a-wf_atan2.o)
                0x08010d14                atan2f
 .text.logf     0x08010d18       0xd8 d:/armm4/bin/../lib/gcc/arm-none-eabi/4.7.3/../../../../arm-none-eabi/lib/armv7-m\libm.a(lib_a-wf_log.o)
                0x08010d18                logf
 .text.sqrtf    0x08010df0       0x9c d:/armm4/bin/../lib/gcc/arm-none-eabi/4.7.3/../../../../arm-none-eabi/lib/armv7-m\libm.a(lib_a-wf_sqrt.o)
                0x08010df0                sqrtf
 .text.__ieee754_atan2f
                0x08010e8c      0x14c d:/armm4/bin/../lib/gcc/arm-none-eabi/4.7.3/../../../../arm-none-eabi/lib/armv7-m\libm.a(lib_a-ef_atan2.o)
                0x08010e8c                __ieee754_atan2f
 .text.__ieee754_logf
                0x08010fd8      0x2e0 d:/armm4/bin/../lib/gcc/arm-none-eabi/4.7.3/../../../../arm-none-eabi/lib/armv7-m\libm.a(lib_a-ef_log.o)
                0x08010fd8                __ieee754_logf
 .text.__ieee754_rem_pio2f
                0x080112b8      0x358 d:/armm4/bin/../lib/gcc/arm-none-eabi/4.7.3/../../../../arm-none-eabi/lib/armv7-m\libm.a(lib_a-ef_rem_pio2.o)
                0x080112b8                __ieee754_rem_pio2f
 .text.__ieee754_sqrtf
                0x08011610       0xd4 d:/armm4/bin/../lib/gcc/arm-none-eabi/4.7.3/../../../../arm-none-eabi/lib/armv7-m\libm.a(lib_a-ef_sqrt.o)
                0x08011610                __ieee754_sqrtf
 .text.__kernel_cosf
                0x080116e4      0x1b8 d:/armm4/bin/../lib/gcc/arm-none-eabi/4.7.3/../../../../arm-none-eabi/lib/armv7-m\libm.a(lib_a-kf_cos.o)
                0x080116e4                __kernel_cosf
 .text.__kernel_rem_pio2f
                0x0801189c      0xba0 d:/armm4/bin/../lib/gcc/arm-none-eabi/4.7.3/../../../../arm-none-eabi/lib/armv7-m\libm.a(lib_a-kf_rem_pio2.o)
                0x0801189c                __kernel_rem_pio2f
 .text.__kernel_sinf
                0x0801243c      0x100 d:/armm4/bin/../lib/gcc/arm-none-eabi/4.7.3/../../../../arm-none-eabi/lib/armv7-m\libm.a(lib_a-kf_sin.o)
                0x0801243c                __kernel_sinf
 .text.matherr  0x0801253c        0x4 d:/armm4/bin/../lib/gcc/arm-none-eabi/4.7.3/../../../../arm-none-eabi/lib/armv7-m\libm.a(lib_a-s_matherr.o)
                0x0801253c                matherr
 .text.nan      0x08012540        0xc d:/armm4/bin/../lib/gcc/arm-none-eabi/4.7.3/../../../../arm-none-eabi/lib/armv7-m\libm.a(lib_a-s_nan.o)
                0x08012540                nan
 .text.atanf    0x0801254c      0x258 d:/armm4/bin/../lib/gcc/arm-none-eabi/4.7.3/../../../../arm-none-eabi/lib/armv7-m\libm.a(lib_a-sf_atan.o)
                0x0801254c                atanf
 .text.fabsf    0x080127a4        0x8 d:/armm4/bin/../lib/gcc/arm-none-eabi/4.7.3/../../../../arm-none-eabi/lib/armv7-m\libm.a(lib_a-sf_fabs.o)
                0x080127a4                fabsf
 .text.floorf   0x080127ac       0x94 d:/armm4/bin/../lib/gcc/arm-none-eabi/4.7.3/../../../../arm-none-eabi/lib/armv7-m\libm.a(lib_a-sf_floor.o)
                0x080127ac                floorf
 .text.__fpclassifyf
                0x08012840       0x58 d:/armm4/bin/../lib/gcc/arm-none-eabi/4.7.3/../../../../arm-none-eabi/lib/armv7-m\libm.a(lib_a-sf_fpclassify.o)
                0x08012840                __fpclassifyf
 .text.scalbnf  0x08012898       0xc0 d:/armm4/bin/../lib/gcc/arm-none-eabi/4.7.3/../../../../arm-none-eabi/lib/armv7-m\libm.a(lib_a-sf_scalbn.o)
                0x08012898                scalbnf
 .text.copysignf
                0x08012958        0xc d:/armm4/bin/../lib/gcc/arm-none-eabi/4.7.3/../../../../arm-none-eabi/lib/armv7-m\libm.a(lib_a-sf_copysign.o)
                0x08012958                copysignf
 .text.__register_exitproc
                0x08012964       0xac d:/armm4/bin/../lib/gcc/arm-none-eabi/4.7.3/../../../../arm-none-eabi/lib/armv7-m\libc.a(lib_a-__atexit.o)
                0x08012964                __register_exitproc
 .text.atoi     0x08012a10        0x8 d:/armm4/bin/../lib/gcc/arm-none-eabi/4.7.3/../../../../arm-none-eabi/lib/armv7-m\libc.a(lib_a-atoi.o)
                0x08012a10                atoi
 .text.bsearch  0x08012a18       0x40 d:/armm4/bin/../lib/gcc/arm-none-eabi/4.7.3/../../../../arm-none-eabi/lib/armv7-m\libc.a(lib_a-bsearch.o)
                0x08012a18                bsearch
 .text.__errno  0x08012a58        0xc d:/armm4/bin/../lib/gcc/arm-none-eabi/4.7.3/../../../../arm-none-eabi/lib/armv7-m\libc.a(lib_a-errno.o)
                0x08012a58                __errno
 .text.__libc_fini_array
                0x08012a64       0x50 d:/armm4/bin/../lib/gcc/arm-none-eabi/4.7.3/../../../../arm-none-eabi/lib/armv7-m\libc.a(lib_a-fini.o)
                0x08012a64                __libc_fini_array
 .text.__libc_init_array
                0x08012ab4       0x94 d:/armm4/bin/../lib/gcc/arm-none-eabi/4.7.3/../../../../arm-none-eabi/lib/armv7-m\libc.a(lib_a-init.o)
                0x08012ab4                __libc_init_array
 .text.memcpy   0x08012b48      0x15c d:/armm4/bin/../lib/gcc/arm-none-eabi/4.7.3/../../../../arm-none-eabi/lib/armv7-m\libc.a(lib_a-memcpy.o)
                0x08012b48                memcpy
 .text.memmove  0x08012ca4      0x1b0 d:/armm4/bin/../lib/gcc/arm-none-eabi/4.7.3/../../../../arm-none-eabi/lib/armv7-m\libc.a(lib_a-memmove.o)
                0x08012ca4                memmove
 .text.memset   0x08012e54      0x12c d:/armm4/bin/../lib/gcc/arm-none-eabi/4.7.3/../../../../arm-none-eabi/lib/armv7-m\libc.a(lib_a-memset.o)
                0x08012e54                memset
 .text.strcat   0x08012f80       0x4c d:/armm4/bin/../lib/gcc/arm-none-eabi/4.7.3/../../../../arm-none-eabi/lib/armv7-m\libc.a(lib_a-strcat.o)
                0x08012f80                strcat
 .text.strchr   0x08012fcc       0xfc d:/armm4/bin/../lib/gcc/arm-none-eabi/4.7.3/../../../../arm-none-eabi/lib/armv7-m\libc.a(lib_a-strchr.o)
                0x08012fcc                strchr
 .text.strcpy   0x080130c8       0xbc d:/armm4/bin/../lib/gcc/arm-none-eabi/4.7.3/../../../../arm-none-eabi/lib/armv7-m\libc.a(lib_a-strcpy.o)
                0x080130c8                strcpy
 .text.strlen   0x08013184       0x60 d:/armm4/bin/../lib/gcc/arm-none-eabi/4.7.3/../../../../arm-none-eabi/lib/armv7-m\libc.a(lib_a-strlen.o)
                0x08013184                strlen
 .text.strncasecmp
                0x080131e4       0xdc d:/armm4/bin/../lib/gcc/arm-none-eabi/4.7.3/../../../../arm-none-eabi/lib/armv7-m\libc.a(lib_a-strncasecmp.o)
                0x080131e4                strncasecmp
 .text.strncpy  0x080132c0      0x10c d:/armm4/bin/../lib/gcc/arm-none-eabi/4.7.3/../../../../arm-none-eabi/lib/armv7-m\libc.a(lib_a-strncpy.o)
                0x080132c0                strncpy
 .text.critical_factorization
                0x080133cc       0xbc d:/armm4/bin/../lib/gcc/arm-none-eabi/4.7.3/../../../../arm-none-eabi/lib/armv7-m\libc.a(lib_a-strstr.o)
 .text.two_way_long_needle
                0x08013488      0x300 d:/armm4/bin/../lib/gcc/arm-none-eabi/4.7.3/../../../../arm-none-eabi/lib/armv7-m\libc.a(lib_a-strstr.o)
 .text.strstr   0x08013788      0x2ec d:/armm4/bin/../lib/gcc/arm-none-eabi/4.7.3/../../../../arm-none-eabi/lib/armv7-m\libc.a(lib_a-strstr.o)
                0x08013788                strstr
 .text._strtol_r
                0x08013a74      0x130 d:/armm4/bin/../lib/gcc/arm-none-eabi/4.7.3/../../../../arm-none-eabi/lib/armv7-m\libc.a(lib_a-strtol.o)
                0x08013a74                _strtol_r
 .text.strtol   0x08013ba4       0x1c d:/armm4/bin/../lib/gcc/arm-none-eabi/4.7.3/../../../../arm-none-eabi/lib/armv7-m\libc.a(lib_a-strtol.o)
                0x08013ba4                strtol
 .text.startup.register_fini
                0x08013bc0       0x14 d:/armm4/bin/../lib/gcc/arm-none-eabi/4.7.3/../../../../arm-none-eabi/lib/armv7-m\libc.a(lib_a-__call_atexit.o)
 .text.atexit   0x08013bd4        0xc d:/armm4/bin/../lib/gcc/arm-none-eabi/4.7.3/../../../../arm-none-eabi/lib/armv7-m\libc.a(lib_a-atexit.o)
                0x08013bd4                atexit
 .text.memchr   0x08013be0      0x140 d:/armm4/bin/../lib/gcc/arm-none-eabi/4.7.3/../../../../arm-none-eabi/lib/armv7-m\libc.a(lib_a-memchr.o)
                0x08013be0                memchr
 .text.memcmp   0x08013d20       0xb8 d:/armm4/bin/../lib/gcc/arm-none-eabi/4.7.3/../../../../arm-none-eabi/lib/armv7-m\libc.a(lib_a-memcmp.o)
                0x08013d20                memcmp
 *(.rodata)
 .rodata        0x08013dd8        0xc obj/src/config.o
 .rodata        0x08013de4       0x18 obj/src/drv_system.o
 *(.rodata*)
 .rodata.CSWTCH.19
                0x08013dfc       0x18 obj/src/buzzer.o
 .rodata.featureNames
                0x08013e14       0x3c obj/src/cli.o
                0x08013e14                featureNames
 .rodata.mixerNames
                0x08013e50       0x4c obj/src/cli.o
                0x08013e50                mixerNames
 .rodata.cmdTable
                0x08013e9c       0xa8 obj/src/cli.o
                0x08013e9c                cmdTable
 .rodata.accNames
                0x08013f44       0x14 obj/src/cli.o
                0x08013f44                accNames
 .rodata.str1.4
                0x08013f58      0xdf3 obj/src/cli.o
                                0xe1c (size before relaxing)
 *fill*         0x08014d4b        0x1 00
 .rodata.sensorNames
                0x08014d4c       0x18 obj/src/cli.o
                0x08014d4c                sensorNames
 .rodata.valueTable
                0x08014d64      0x834 obj/src/cli.o
                0x08014d64                valueTable
 .rodata.rcChannelLetters
                0x08015598        0xc obj/src/config.o
                0x08015598                rcChannelLetters
 .rodata.str1.4
                0x080155a4        0x9 obj/src/config.o
                                  0xc (size before relaxing)
 *fill*         0x080155ad        0x3 00
 .rodata.airPPM
                0x080155b0        0xc obj/src/drv_pwm.o
 .rodata.multiPPM
                0x080155bc        0xc obj/src/drv_pwm.o
 .rodata.airPWM
                0x080155c8       0x10 obj/src/drv_pwm.o
 .rodata.timerHardware
                0x080155d8       0xe0 obj/src/drv_pwm.o
 .rodata.hardwareMaps
                0x080156b8       0x10 obj/src/drv_pwm.o
 .rodata.multiPWM
                0x080156c8       0x10 obj/src/drv_pwm.o
 .rodata.gpsInitStrings
                0x080156d8       0x20 obj/src/gps.o
 .rodata.ubloxInit
                0x080156f8       0x8c obj/src/gps.o
 .rodata.str1.4
                0x08015784      0x129 obj/src/gps.o
                                0x12c (size before relaxing)
 *fill*         0x080158ad        0x3 00
 .rodata.mixerY6
                0x080158b0       0x60 obj/src/mixer.o
 .rodata.mixerTri
                0x08015910       0x30 obj/src/mixer.o
 .rodata.mixerVtail4
                0x08015940       0x40 obj/src/mixer.o
 .rodata.mixerQuadP
                0x08015980       0x40 obj/src/mixer.o
 .rodata.mixers
                0x080159c0       0x98 obj/src/mixer.o
                0x080159c0                mixers
 .rodata.mixerOctoFlatP
                0x08015a58       0x80 obj/src/mixer.o
 .rodata.mixerHex6P
                0x08015ad8       0x60 obj/src/mixer.o
 .rodata.mixerBi
                0x08015b38       0x20 obj/src/mixer.o
 .rodata.mixerY4
                0x08015b58       0x40 obj/src/mixer.o
 .rodata.mixerQuadX
                0x08015b98       0x40 obj/src/mixer.o
 .rodata.mixerOctoFlatX
                0x08015bd8       0x80 obj/src/mixer.o
 .rodata.mixerHex6X
                0x08015c58       0x60 obj/src/mixer.o
 .rodata.mixerOctoX8
                0x08015cb8       0x80 obj/src/mixer.o
 .rodata.pidnames
                0x08015d38       0x30 obj/src/serial.o
 .rodata.str1.4
                0x08015d68       0xc8 obj/src/serial.o
 .rodata.str1.4
                0x08015e30        0x5 d:/armm4/bin/../lib/gcc/arm-none-eabi/4.7.3/../../../../arm-none-eabi/lib/armv7-m\libm.a(lib_a-wf_log.o)
                                  0xc (size before relaxing)
 *fill*         0x08015e35        0x3 00
 .rodata.str1.4
                0x08015e38        0x6 d:/armm4/bin/../lib/gcc/arm-none-eabi/4.7.3/../../../../arm-none-eabi/lib/armv7-m\libm.a(lib_a-wf_sqrt.o)
                                  0x8 (size before relaxing)
 *fill*         0x08015e3e        0x2 00
 .rodata.npio2_hw
                0x08015e40       0x80 d:/armm4/bin/../lib/gcc/arm-none-eabi/4.7.3/../../../../arm-none-eabi/lib/armv7-m\libm.a(lib_a-ef_rem_pio2.o)
 .rodata.two_over_pi
                0x08015ec0      0x318 d:/armm4/bin/../lib/gcc/arm-none-eabi/4.7.3/../../../../arm-none-eabi/lib/armv7-m\libm.a(lib_a-ef_rem_pio2.o)
 .rodata.init_jk
                0x080161d8        0xc d:/armm4/bin/../lib/gcc/arm-none-eabi/4.7.3/../../../../arm-none-eabi/lib/armv7-m\libm.a(lib_a-kf_rem_pio2.o)
 .rodata.PIo2   0x080161e4       0x2c d:/armm4/bin/../lib/gcc/arm-none-eabi/4.7.3/../../../../arm-none-eabi/lib/armv7-m\libm.a(lib_a-kf_rem_pio2.o)
 .rodata.atanlo
                0x08016210       0x10 d:/armm4/bin/../lib/gcc/arm-none-eabi/4.7.3/../../../../arm-none-eabi/lib/armv7-m\libm.a(lib_a-sf_atan.o)
 .rodata.atanhi
                0x08016220       0x10 d:/armm4/bin/../lib/gcc/arm-none-eabi/4.7.3/../../../../arm-none-eabi/lib/armv7-m\libm.a(lib_a-sf_atan.o)
 .rodata._ctype_
                0x08016230      0x104 d:/armm4/bin/../lib/gcc/arm-none-eabi/4.7.3/../../../../arm-none-eabi/lib/armv7-m\libc.a(lib_a-ctype_.o)
                0x08016230                _ctype_
 .rodata.str1.4
                0x08016334        0x4 d:/armm4/bin/../lib/gcc/arm-none-eabi/4.7.3/../../../../arm-none-eabi/lib/armv7-m\libc.a(lib_a-impure.o)
 .rodata._global_impure_ptr
                0x08016338        0x4 d:/armm4/bin/../lib/gcc/arm-none-eabi/4.7.3/../../../../arm-none-eabi/lib/armv7-m\libc.a(lib_a-impure.o)
                0x08016338                _global_impure_ptr
 *(.glue_7)
 .glue_7        0x00000000        0x0 linker stubs
 *(.glue_7t)
 .glue_7t       0x00000000        0x0 linker stubs
 *(.eh_frame)
 .eh_frame      0x0801633c        0x0 d:/armm4/bin/../lib/gcc/arm-none-eabi/4.7.3/armv7-m/crtbegin.o
 *(.init)
 .init          0x0801633c        0x4 d:/armm4/bin/../lib/gcc/arm-none-eabi/4.7.3/armv7-m/crti.o
                0x0801633c                _init
 .init          0x08016340        0x8 d:/armm4/bin/../lib/gcc/arm-none-eabi/4.7.3/armv7-m/crtn.o
 *(.fini)
 .fini          0x08016348        0x4 d:/armm4/bin/../lib/gcc/arm-none-eabi/4.7.3/armv7-m/crti.o
                0x08016348                _fini
 .fini          0x0801634c        0x8 d:/armm4/bin/../lib/gcc/arm-none-eabi/4.7.3/armv7-m/crtn.o
                0x08016354                . = ALIGN (0x4)
                0x08016354                _etext = .

.vfp11_veneer   0x08016354        0x0
 .vfp11_veneer  0x00000000        0x0 linker stubs

.v4_bx          0x08016354        0x0
 .v4_bx         0x00000000        0x0 linker stubs

.iplt           0x08016354        0x0
 .iplt          0x00000000        0x0 d:/armm4/bin/../lib/gcc/arm-none-eabi/4.7.3/armv7-m/crtbegin.o

.rel.dyn        0x08016354        0x0
 .rel.iplt      0x00000000        0x0 d:/armm4/bin/../lib/gcc/arm-none-eabi/4.7.3/armv7-m/crtbegin.o

.ARM.extab
 *(.ARM.extab* .gnu.linkonce.armextab.*)

.ARM            0x08016354        0x0
                0x08016354                __exidx_start = .
 *(.ARM.exidx*)
                0x08016354                __exidx_end = .

.preinit_array  0x08016354        0x0
                0x08016354                PROVIDE (__preinit_array_start, .)
 *(.preinit_array*)
                0x08016354                PROVIDE (__preinit_array_end, .)

.init_array     0x08016354        0x8
                0x08016354                PROVIDE (__init_array_start, .)
 *(SORT(.init_array.*))
 .init_array.00000
                0x08016354        0x4 d:/armm4/bin/../lib/gcc/arm-none-eabi/4.7.3/../../../../arm-none-eabi/lib/armv7-m\libc.a(lib_a-__call_atexit.o)
 *(.init_array*)
 .init_array    0x08016358        0x4 d:/armm4/bin/../lib/gcc/arm-none-eabi/4.7.3/armv7-m/crtbegin.o
                0x0801635c                PROVIDE (__init_array_end, .)

.fini_array     0x0801635c        0x4
                0x0801635c                PROVIDE (__fini_array_start, .)
 *(.fini_array*)
 .fini_array    0x0801635c        0x4 d:/armm4/bin/../lib/gcc/arm-none-eabi/4.7.3/armv7-m/crtbegin.o
 *(SORT(.fini_array.*))
                0x08016360                PROVIDE (__fini_array_end, .)
                0x08016360                _sidata = .

.data           0x20000000      0x594 load address 0x08016360
                0x20000000                . = ALIGN (0x4)
                0x20000000                _sdata = .
 *(.data)
 *(.data*)
 .data.AHBPrescTable
                0x20000000       0x10 obj/lib/CMSIS/CM3/DeviceSupport/ST/STM32F10x/system_stm32f10x.o
                0x20000000                AHBPrescTable
 .data.SystemCoreClock
                0x20000010        0x4 obj/lib/CMSIS/CM3/DeviceSupport/ST/STM32F10x/system_stm32f10x.o
                0x20000010                SystemCoreClock
 .data.ADCPrescTable
                0x20000014        0x4 obj/lib/STM32F10x_StdPeriph_Driver/src/stm32f10x_rcc.o
 .data.APBAHBPrescTable
                0x20000018       0x10 obj/lib/STM32F10x_StdPeriph_Driver/src/stm32f10x_rcc.o
 .data.mpuLowPassFilter
                0x20000028        0x1 obj/src/drv_mpu3050.o
 .data.mpuLowPassFilter
                0x20000029        0x1 obj/src/drv_mpu6050.o
 .data.failsafeThreshold
                0x2000002a        0x2 obj/src/drv_pwm.o
 .data.servo    0x2000002c       0x10 obj/src/mixer.o
                0x2000002c                servo
 .data.rcData   0x2000003c       0x10 obj/src/mw.o
                0x2000003c                rcData
 .data.GPSNavReset.8585
                0x2000004c        0x1 obj/src/mw.o
 *fill*         0x2000004d        0x3 00
 .data.pid_controller
                0x20000050        0x4 obj/src/mw.o
                0x20000050                pid_controller
 .data.batteryCellCount
                0x20000054        0x1 obj/src/mw.o
                0x20000054                batteryCellCount
 *fill*         0x20000055        0x1 00
 .data.acc_1G   0x20000056        0x2 obj/src/sensors.o
                0x20000056                acc_1G
 .data.magCal   0x20000058        0xc obj/src/sensors.o
 .data.boxes    0x20000064       0xfc obj/src/serial.o
                0x20000064                boxes
 .data.__fdlib_version
                0x20000160        0x1 d:/armm4/bin/../lib/gcc/arm-none-eabi/4.7.3/../../../../arm-none-eabi/lib/armv7-m\libm.a(lib_a-s_lib_ver.o)
                0x20000160                __fdlib_version
 *fill*         0x20000161        0x3 00
 .data.__ctype_ptr__
                0x20000164        0x4 d:/armm4/bin/../lib/gcc/arm-none-eabi/4.7.3/../../../../arm-none-eabi/lib/armv7-m\libc.a(lib_a-ctype_.o)
                0x20000164                __ctype_ptr__
 .data.impure_data
                0x20000168      0x428 d:/armm4/bin/../lib/gcc/arm-none-eabi/4.7.3/../../../../arm-none-eabi/lib/armv7-m\libc.a(lib_a-impure.o)
 .data._impure_ptr
                0x20000590        0x4 d:/armm4/bin/../lib/gcc/arm-none-eabi/4.7.3/../../../../arm-none-eabi/lib/armv7-m\libc.a(lib_a-impure.o)
                0x20000590                _impure_ptr
                0x20000594                . = ALIGN (0x4)
                0x20000594                _edata = .

.jcr            0x20000594        0x0 load address 0x080168f4
 .jcr           0x20000594        0x0 d:/armm4/bin/../lib/gcc/arm-none-eabi/4.7.3/armv7-m/crtbegin.o

.igot.plt       0x20000594        0x0 load address 0x080168f4
 .igot.plt      0x00000000        0x0 d:/armm4/bin/../lib/gcc/arm-none-eabi/4.7.3/armv7-m/crtbegin.o
                0x20000594                . = ALIGN (0x4)

.bss            0x20000594     0x1148 load address 0x080168f4
                0x20000594                _sbss = .
                0x20000594                __bss_start__ = _sbss
 *(.bss)
 .bss           0x20000594       0x1c d:/armm4/bin/../lib/gcc/arm-none-eabi/4.7.3/armv7-m/crtbegin.o
 *(.bss*)
 .bss.beeperOnBox.8410
                0x200005b0        0x1 obj/src/buzzer.o
 .bss.buzzerIsOn
                0x200005b1        0x1 obj/src/buzzer.o
 .bss.beepDone  0x200005b2        0x1 obj/src/buzzer.o
 .bss.warn_noGPSfix.8411
                0x200005b3        0x1 obj/src/buzzer.o
 .bss.icnt.8422
                0x200005b4        0x1 obj/src/buzzer.o
 .bss.warn_failsafe.8412
                0x200005b5        0x1 obj/src/buzzer.o
 *fill*         0x200005b6        0x2 00
 .bss.buzzerLastToggleTime
                0x200005b8        0x4 obj/src/buzzer.o
 .bss.cliBuffer
                0x200005bc       0x30 obj/src/cli.o
 .bss.bufferIndex
                0x200005ec        0x4 obj/src/cli.o
 .bss.enabledSensors
                0x200005f0        0x4 obj/src/config.o
 .bss.adcValues
                0x200005f4        0x4 obj/src/drv_adc.o
 .bss.useFifo   0x200005f8        0x1 obj/src/drv_adxl345.o
 .bss.acc_samples
                0x200005f9        0x1 obj/src/drv_adxl345.o
                0x200005f9                acc_samples
 .bss.convDone  0x200005fa        0x1 obj/src/drv_bmp085.o
 *fill*         0x200005fb        0x1 00
 .bss.convOverrun
                0x200005fc        0x2 obj/src/drv_bmp085.o
 *fill*         0x200005fe        0x2 00
 .bss.bmp085    0x20000600       0x24 obj/src/drv_bmp085.o
 .bss.bmp085_up
                0x20000624        0x4 obj/src/drv_bmp085.o
 .bss.bmp085InitDone
                0x20000628        0x1 obj/src/drv_bmp085.o
 *fill*         0x20000629        0x1 00
 .bss.bmp085_ut
                0x2000062a        0x2 obj/src/drv_bmp085.o
 .bss.last_measurement
                0x2000062c        0x4 obj/src/drv_hcsr04.o
 .bss.timing_start.8407
                0x20000630        0x4 obj/src/drv_hcsr04.o
 .bss.echo_pin  0x20000634        0x2 obj/src/drv_hcsr04.o
 .bss.exti_irqn
                0x20000636        0x1 obj/src/drv_hcsr04.o
 .bss.exti_pin_source
                0x20000637        0x1 obj/src/drv_hcsr04.o
 .bss.exti_line
                0x20000638        0x4 obj/src/drv_hcsr04.o
 .bss.distance_ptr
                0x2000063c        0x4 obj/src/drv_hcsr04.o
 .bss.trigger_pin
                0x20000640        0x2 obj/src/drv_hcsr04.o
 *fill*         0x20000642        0x2 00
 .bss.sensor_align
                0x20000644        0x4 obj/src/drv_hmc5883l.o
 .bss.i2cErrorCount
                0x20000648        0x2 obj/src/drv_i2c.o
 .bss.index.8087
                0x2000064a        0x1 obj/src/drv_i2c.o
 .bss.reg       0x2000064b        0x1 obj/src/drv_i2c.o
 .bss.subaddress_sent.8085
                0x2000064c        0x1 obj/src/drv_i2c.o
 .bss.bytes     0x2000064d        0x1 obj/src/drv_i2c.o
 *fill*         0x2000064e        0x2 00
 .bss.read_p    0x20000650        0x4 obj/src/drv_i2c.o
 .bss.writing   0x20000654        0x1 obj/src/drv_i2c.o
 .bss.error     0x20000655        0x1 obj/src/drv_i2c.o
 *fill*         0x20000656        0x2 00
 .bss.write_p   0x20000658        0x4 obj/src/drv_i2c.o
 .bss.final_stop.8086
                0x2000065c        0x1 obj/src/drv_i2c.o
 .bss.reading   0x2000065d        0x1 obj/src/drv_i2c.o
 *fill*         0x2000065e        0x2 00
 .bss.I2Cx      0x20000660        0x4 obj/src/drv_i2c.o
 .bss.busy      0x20000664        0x1 obj/src/drv_i2c.o
 .bss.addr      0x20000665        0x1 obj/src/drv_i2c.o
 .bss.mpuLowPassFilter
                0x20000666        0x1 obj/src/drv_l3g4200d.o
 .bss.state.8406
                0x20000667        0x1 obj/src/drv_ledring.o
 .bss.device_id
                0x20000668        0x1 obj/src/drv_mma845x.o
 .bss.mpuAccelHalf
                0x20000669        0x1 obj/src/drv_mpu6050.o
 *fill*         0x2000066a        0x2 00
 .bss.ms5611_up
                0x2000066c        0x4 obj/src/drv_ms5611.o
 .bss.ms5611_ut
                0x20000670        0x4 obj/src/drv_ms5611.o
 .bss.ms5611_c  0x20000674       0x10 obj/src/drv_ms5611.o
 .bss.captures  0x20000684       0x10 obj/src/drv_pwm.o
 .bss.pwmPorts  0x20000694      0x118 obj/src/drv_pwm.o
 .bss.numInputs
                0x200007ac        0x1 obj/src/drv_pwm.o
 .bss.numMotors
                0x200007ad        0x1 obj/src/drv_pwm.o
 .bss.GoodPulses.8122
                0x200007ae        0x1 obj/src/drv_pwm.o
 .bss.numServos
                0x200007af        0x1 obj/src/drv_pwm.o
 .bss.motors    0x200007b0       0x30 obj/src/drv_pwm.o
 .bss.servos    0x200007e0       0x20 obj/src/drv_pwm.o
 .bss.last.8120
                0x20000800        0x2 obj/src/drv_pwm.o
 .bss.chan.8121
                0x20000802        0x1 obj/src/drv_pwm.o
 *fill*         0x20000803        0x1 00
 .bss.now.8119  0x20000804        0x2 obj/src/drv_pwm.o
 *fill*         0x20000806        0x2 00
 .bss.sysTickUptime
                0x20000808        0x4 obj/src/drv_system.o
 .bss.usTicks   0x2000080c        0x4 obj/src/drv_system.o
 .bss.rxDMAPos  0x20000810        0x4 obj/src/drv_uart.o
                0x20000810                rxDMAPos
 .bss.tx2BufferHead
                0x20000814        0x4 obj/src/drv_uart.o
                0x20000814                tx2BufferHead
 .bss.txDMAEmpty
                0x20000818        0x1 obj/src/drv_uart.o
                0x20000818                txDMAEmpty
 *fill*         0x20000819        0x3 00
 .bss.uart2Callback
                0x2000081c        0x4 obj/src/drv_uart.o
                0x2000081c                uart2Callback
 .bss.txBufferTail
                0x20000820        0x4 obj/src/drv_uart.o
                0x20000820                txBufferTail
 .bss.uart2RxOnly
                0x20000824        0x1 obj/src/drv_uart.o
                0x20000824                uart2RxOnly
 *fill*         0x20000825        0x3 00
 .bss.txBufferHead
                0x20000828        0x4 obj/src/drv_uart.o
                0x20000828                txBufferHead
 .bss.tx2BufferTail
                0x2000082c        0x4 obj/src/drv_uart.o
                0x2000082c                tx2BufferTail
 .bss._init.8026
                0x20000830        0x4 obj/src/filter.o
 .bss.GPS_filter
                0x20000834       0x28 obj/src/gps.o
 .bss.init.8598
                0x2000085c        0x1 obj/src/gps.o
 *fill*         0x2000085d        0x3 00
 .bss.speed_old.8596
                0x20000860        0x4 obj/src/gps.o
 .bss._msg_id   0x20000864        0x1 obj/src/gps.o
 *fill*         0x20000865        0x3 00
 .bss.nav_loopTimer.8548
                0x20000868        0x4 obj/src/gps.o
 .bss.poshold_ratePID
                0x2000086c       0x28 obj/src/gps.o
 .bss.offset.8682
                0x20000894        0x1 obj/src/gps.o
 *fill*         0x20000895        0x3 00
 .bss.GPS_scaleLonDown
                0x20000898        0x4 obj/src/gps.o
 .bss.GPS_filtered
                0x2000089c        0x8 obj/src/gps.o
 .bss.crosstrack_error
                0x200008a4        0x2 obj/src/gps.o
 *fill*         0x200008a6        0x2 00
 .bss.string.8684
                0x200008a8       0x10 obj/src/gps.o
 .bss.navPID_PARAM
                0x200008b8       0x10 obj/src/gps.o
 .bss.posholdPID
                0x200008c8       0x28 obj/src/gps.o
 .bss._buffer   0x200008f0       0xc8 obj/src/gps.o
 .bss.posholdPID_PARAM
                0x200009b8       0x10 obj/src/gps.o
 .bss.param.8681
                0x200009c8        0x1 obj/src/gps.o
 .bss._ck_b     0x200009c9        0x1 obj/src/gps.o
 .bss._new_position
                0x200009ca        0x1 obj/src/gps.o
 .bss._ck_a     0x200009cb        0x1 obj/src/gps.o
 .bss._payload_length
                0x200009cc        0x2 obj/src/gps.o
 *fill*         0x200009ce        0x2 00
 .bss.last.8597
                0x200009d0        0x8 obj/src/gps.o
 .bss.nav_takeoff_bearing
                0x200009d8        0x2 obj/src/gps.o
 *fill*         0x200009da        0x2 00
 .bss.nav_bearing
                0x200009dc        0x4 obj/src/gps.o
 .bss.GPS_WP    0x200009e0        0x8 obj/src/gps.o
 .bss.fraction3
                0x200009e8        0x4 obj/src/gps.o
 .bss.poshold_ratePID_PARAM
                0x200009ec       0x10 obj/src/gps.o
 .bss.dTnav     0x200009fc        0x4 obj/src/gps.o
 .bss.GPS_degree
                0x20000a00        0x8 obj/src/gps.o
 .bss.actual_speed
                0x20000a08        0x4 obj/src/gps.o
 .bss._step     0x20000a0c        0x1 obj/src/gps.o
 *fill*         0x20000a0d        0x3 00
 .bss.navPID    0x20000a10       0x28 obj/src/gps.o
 .bss.rate_error
                0x20000a38        0x4 obj/src/gps.o
 .bss.target_bearing
                0x20000a3c        0x4 obj/src/gps.o
 .bss.GPS_filter_sum
                0x20000a40        0x8 obj/src/gps.o
 .bss.wp_distance
                0x20000a48        0x4 obj/src/gps.o
 .bss._payload_counter
                0x20000a4c        0x2 obj/src/gps.o
 *fill*         0x20000a4e        0x2 00
 .bss.original_target_bearing
                0x20000a50        0x4 obj/src/gps.o
 .bss._class    0x20000a54        0x1 obj/src/gps.o
 .bss.checksum_param.8685
                0x20000a55        0x1 obj/src/gps.o
 .bss._new_speed
                0x20000a56        0x1 obj/src/gps.o
 .bss.frame.8686
                0x20000a57        0x1 obj/src/gps.o
 .bss.GPS_read  0x20000a58        0x8 obj/src/gps.o
 .bss.next_fix  0x20000a60        0x1 obj/src/gps.o
 .bss.parity.8683
                0x20000a61        0x1 obj/src/gps.o
 .bss.waypoint_speed_gov
                0x20000a62        0x2 obj/src/gps.o
 .bss.error     0x20000a64        0x8 obj/src/gps.o
 .bss.GPS_filter_index
                0x20000a6c        0x1 obj/src/gps.o
 *fill*         0x20000a6d        0x3 00
 .bss.invG      0x20000a70        0x4 obj/src/imu.o
 .bss.previousT.8510
                0x20000a74        0x4 obj/src/imu.o
 .bss.baroTemperature
                0x20000a78        0x4 obj/src/imu.o
                0x20000a78                baroTemperature
 .bss.gyroADCprevious.8426
                0x20000a7c        0x8 obj/src/imu.o
 .bss.Smoothing.8440
                0x20000a84        0x4 obj/src/imu.o
 .bss.gyroData  0x20000a88        0x8 obj/src/imu.o
                0x20000a88                gyroData
 .bss.angle     0x20000a90        0x4 obj/src/imu.o
                0x20000a90                angle
 .bss.BaroAlt   0x20000a94        0x4 obj/src/imu.o
                0x20000a94                BaroAlt
 .bss.accZoffset.8516
                0x20000a98        0x2 obj/src/imu.o
 .bss.acc_25deg
                0x20000a9a        0x2 obj/src/imu.o
                0x20000a9a                acc_25deg
 .bss.gyroSmooth.8441
                0x20000a9c        0x8 obj/src/imu.o
 .bss.magneticDeclination
                0x20000aa4        0x4 obj/src/imu.o
                0x20000aa4                magneticDeclination
 .bss.baroPressure
                0x20000aa8        0x4 obj/src/imu.o
                0x20000aa8                baroPressure
 .bss.accLPF.8483
                0x20000aac        0xc obj/src/imu.o
 .bss.errorAltitudeI
                0x20000ab8        0x2 obj/src/imu.o
                0x20000ab8                errorAltitudeI
 *fill*         0x20000aba        0x2 00
 .bss.lastBaroAlt.8518
                0x20000abc        0x4 obj/src/imu.o
 .bss.vel.8517  0x20000ac0        0x4 obj/src/imu.o
 .bss.baroGroundPressure.8509
                0x20000ac4        0x4 obj/src/imu.o
 .bss.gyroYawSmooth.8430
                0x20000ac8        0x2 obj/src/imu.o
 *fill*         0x20000aca        0x2 00
 .bss.timeInterleave.8429
                0x20000acc        0x4 obj/src/imu.o
 .bss.EstM.8482
                0x20000ad0        0xc obj/src/imu.o
 .bss.previousT.8484
                0x20000adc        0x4 obj/src/imu.o
 .bss.gyroZero  0x20000ae0        0x8 obj/src/imu.o
                0x20000ae0                gyroZero
 .bss.vario     0x20000ae8        0x2 obj/src/imu.o
                0x20000ae8                vario
 *fill*         0x20000aea        0x2 00
 .bss.baroPressureSum
                0x20000aec        0x4 obj/src/imu.o
                0x20000aec                baroPressureSum
 .bss.BaroPID   0x20000af0        0x2 obj/src/imu.o
                0x20000af0                BaroPID
 .bss.numberMotor
                0x20000af2        0x1 obj/src/mixer.o
 .bss.useServo  0x20000af3        0x1 obj/src/mixer.o
                0x20000af3                useServo
 .bss.currentMixer
                0x20000af4       0xc0 obj/src/mixer.o
 .bss.nav_mode  0x20000bb4        0x1 obj/src/mw.o
                0x20000bb4                nav_mode
 .bss.rcDelayCommand.8577
                0x20000bb5        0x1 obj/src/mw.o
 .bss.buzzerFreq.8474
                0x20000bb6        0x1 obj/src/mw.o
 .bss.rcSticks.8578
                0x20000bb7        0x1 obj/src/mw.o
 .bss.rcTime.8581
                0x20000bb8        0x4 obj/src/mw.o
 .bss.delta2.8541
                0x20000bbc        0xc obj/src/mw.o
 .bss.vbatTimer.8475
                0x20000bc8        0x1 obj/src/mw.o
 *fill*         0x20000bc9        0x3 00
 .bss.lastError.8560
                0x20000bcc        0xc obj/src/mw.o
 .bss.delta1.8555
                0x20000bd8        0xc obj/src/mw.o
 .bss.AccInflightCalibrationActive
                0x20000be4        0x2 obj/src/mw.o
                0x20000be4                AccInflightCalibrationActive
 .bss.toggleBeep
                0x20000be6        0x1 obj/src/mw.o
                0x20000be6                toggleBeep
 *fill*         0x20000be7        0x1 00
 .bss.initialThrottleHold.8582
                0x20000be8        0x2 obj/src/mw.o
 *fill*         0x20000bea        0x2 00
 .bss.loopTime.8583
                0x20000bec        0x4 obj/src/mw.o
 .bss.taskOrder.8598
                0x20000bf0        0x4 obj/src/mw.o
 .bss.GPSLEDTime.8494
                0x20000bf4        0x4 obj/src/mw.o
 .bss.GPS_angle
                0x20000bf8        0x4 obj/src/mw.o
                0x20000bf8                GPS_angle
 .bss.failsafeEvents
                0x20000bfc        0x2 obj/src/mw.o
                0x20000bfc                failsafeEvents
 *fill*         0x20000bfe        0x2 00
 .bss.calibratedAccTime.8471
                0x20000c00        0x4 obj/src/mw.o
 .bss.rcReadRawFunc
                0x20000c04        0x4 obj/src/mw.o
                0x20000c04                rcReadRawFunc
 .bss.cycleTime
                0x20000c08        0x2 obj/src/mw.o
                0x20000c08                cycleTime
 .bss.GPS_Present
                0x20000c0a        0x1 obj/src/mw.o
                0x20000c0a                GPS_Present
 *fill*         0x20000c0b        0x1 00
 .bss.previousTime
                0x20000c0c        0x4 obj/src/mw.o
                0x20000c0c                previousTime
 .bss.delta2.8556
                0x20000c10        0xc obj/src/mw.o
 .bss.InflightcalibratingA
                0x20000c1c        0x2 obj/src/mw.o
                0x20000c1c                InflightcalibratingA
 *fill*         0x20000c1e        0x2 00
 .bss.vbatRawArray.8481
                0x20000c20       0x10 obj/src/mw.o
 .bss.ind.8479  0x20000c30        0x1 obj/src/mw.o
 .bss.rc4ValuesIndex.8504
                0x20000c31        0x1 obj/src/mw.o
 .bss.GPS_ground_course
                0x20000c32        0x2 obj/src/mw.o
                0x20000c32                GPS_ground_course
 .bss.currentTime
                0x20000c34        0x4 obj/src/mw.o
                0x20000c34                currentTime
 .bss.LEDTime.8493
                0x20000c38        0x4 obj/src/mw.o
 .bss.isAltHoldChanged.8605
                0x20000c3c        0x1 obj/src/mw.o
 *fill*         0x20000c3d        0x3 00
 .bss.rcData4Values.8502
                0x20000c40       0x40 obj/src/mw.o
 .bss.delta1.8540
                0x20000c80        0xc obj/src/mw.o
 .bss.AltHoldCorr.8606
                0x20000c8c        0x2 obj/src/mw.o
 *fill*         0x20000c8e        0x2 00
 .bss.lastDTerm
                0x20000c90        0xc obj/src/mw.o
 .bss.lastGyro.8539
                0x20000c9c        0xc obj/src/mw.o
 .bss.annex650_overrun_count
                0x20000ca8        0x2 obj/src/mw.o
                0x20000ca8                annex650_overrun_count
 .bss.AccInflightCalibrationSavetoEEProm
                0x20000caa        0x2 obj/src/mw.o
                0x20000caa                AccInflightCalibrationSavetoEEProm
 .bss.errorAngleI
                0x20000cac        0x8 obj/src/mw.o
 .bss.rcDataMean.8503
                0x20000cb4       0x10 obj/src/mw.o
 .bss.GPS_update
                0x20000cc4        0x1 obj/src/mw.o
                0x20000cc4                GPS_update
 *fill*         0x20000cc5        0x1 00
 .bss.AccInflightCalibrationMeasurementDone
                0x20000cc6        0x2 obj/src/mw.o
                0x20000cc6                AccInflightCalibrationMeasurementDone
 .bss.failsafeCnt
                0x20000cc8        0x2 obj/src/mw.o
                0x20000cc8                failsafeCnt
 *fill*         0x20000cca        0x2 00
 .bss.errorGyroI
                0x20000ccc        0xc obj/src/mw.o
 .bss.stdout_putf
                0x20000cd8        0x4 obj/src/printf.o
 .bss.stdout_putp
                0x20000cdc        0x4 obj/src/printf.o
 .bss.magZeroTempMax.8546
                0x20000ce0        0x8 obj/src/sensors.o
 .bss.calibratingG
                0x20000ce8        0x2 obj/src/sensors.o
                0x20000ce8                calibratingG
 *fill*         0x20000cea        0x2 00
 .bss.baroHistIdx.8487
                0x20000cec        0x4 obj/src/sensors.o
 .bss.calibratingA
                0x20000cf0        0x2 obj/src/sensors.o
                0x20000cf0                calibratingA
 *fill*         0x20000cf2        0x2 00
 .bss.accZero_saved.8475
                0x20000cf4        0x8 obj/src/sensors.o
 .bss.baroDeadline.8492
                0x20000cfc        0x4 obj/src/sensors.o
 .bss.var.8520  0x20000d00       0x3c obj/src/sensors.o
 .bss.magZeroTempMin.8545
                0x20000d3c        0x8 obj/src/sensors.o
 .bss.angleTrim_saved.8476
                0x20000d44        0x4 obj/src/sensors.o
 .bss.g.8519    0x20000d48        0xc obj/src/sensors.o
 .bss.calibratingB
                0x20000d54        0x2 obj/src/sensors.o
                0x20000d54                calibratingB
 *fill*         0x20000d56        0x2 00
 .bss.state.8493
                0x20000d58        0x4 obj/src/sensors.o
 .bss.accHardware
                0x20000d5c        0x1 obj/src/sensors.o
                0x20000d5c                accHardware
 *fill*         0x20000d5d        0x3 00
 .bss.t.8543    0x20000d60        0x4 obj/src/sensors.o
 .bss.magInit   0x20000d64        0x1 obj/src/sensors.o
 *fill*         0x20000d65        0x3 00
 .bss.b.8474    0x20000d68        0xc obj/src/sensors.o
 .bss.previousGyroADC.8518
                0x20000d74        0x8 obj/src/sensors.o
 .bss.baroHistTab.8486
                0x20000d7c       0xc0 obj/src/sensors.o
 .bss.tCal.8544
                0x20000e3c        0x4 obj/src/sensors.o
 .bss.a.8469    0x20000e40        0xc obj/src/sensors.o
 .bss.checksum  0x20000e4c        0x1 obj/src/serial.o
 .bss.indRX     0x20000e4d        0x1 obj/src/serial.o
 .bss.numberBoxItems
                0x20000e4e        0x1 obj/src/serial.o
 .bss.dataSize.8601
                0x20000e4f        0x1 obj/src/serial.o
 .bss.guiConnected
                0x20000e50        0x1 obj/src/serial.o
 .bss.c_state.8609
                0x20000e51        0x1 obj/src/serial.o
 *fill*         0x20000e52        0x2 00
 .bss.availableBoxes
                0x20000e54       0x14 obj/src/serial.o
 .bss.cmdMSP    0x20000e68        0x1 obj/src/serial.o
 .bss.t.8422    0x20000e69        0x1 obj/src/serial.o
 .bss.t.8418    0x20000e6a        0x1 obj/src/serial.o
 .bss.offset.8600
                0x20000e6b        0x1 obj/src/serial.o
 .bss.inBuf     0x20000e6c       0x40 obj/src/serial.o
 .bss.cliMode   0x20000eac        0x1 obj/src/serial.o
                0x20000eac                cliMode
 .bss.spek_chan_shift
                0x20000ead        0x1 obj/src/spektrum.o
 .bss.rcFrameComplete
                0x20000eae        0x1 obj/src/spektrum.o
 *fill*         0x20000eaf        0x1 00
 .bss.spekTimeLast.8412
                0x20000eb0        0x4 obj/src/spektrum.o
 .bss.spekDataIncoming
                0x20000eb4        0x1 obj/src/spektrum.o
 .bss.spek_chan_mask
                0x20000eb5        0x1 obj/src/spektrum.o
 *fill*         0x20000eb6        0x2 00
 .bss.spekTimeInterval.8413
                0x20000eb8        0x4 obj/src/spektrum.o
 .bss.spekFramePosition.8414
                0x20000ebc        0x1 obj/src/spektrum.o
 *fill*         0x20000ebd        0x3 00
 .bss.spekChannelData.8422
                0x20000ec0       0x1c obj/src/spektrum.o
 .bss.cycleNum  0x20000edc        0x1 obj/src/telemetry.o
 *fill*         0x20000edd        0x1 00
 .bss.currentCell.8435
                0x20000ede        0x2 obj/src/telemetry.o
 .bss.telemetryEnabled
                0x20000ee0        0x1 obj/src/telemetry.o
 *fill*         0x20000ee1        0x3 00
 .bss.lastCycleTime
                0x20000ee4        0x4 obj/src/telemetry.o
 *(COMMON)
 COMMON         0x20000ee8      0x3a0 obj/src/config.o
                0x20000ee8                cfg
                0x20000f88                mcfg
 COMMON         0x20001288      0x280 obj/src/drv_uart.o
                0x20001288                tx2Buffer
                0x20001308                rxBuffer
                0x20001408                txBuffer
 COMMON         0x20001508       0x3c obj/src/filter.o
                0x20001508                firstOrderFilters
 COMMON         0x20001544       0x3c obj/src/imu.o
                0x20001544                sonarAlt
                0x20001548                gyroADC
                0x20001550                accVelScale
                0x20001554                accADC
                0x2000155c                EstAlt
                0x20001560                magADC
                0x20001568                AltHold
                0x2000156c                accSmooth
                0x20001574                EstG
 COMMON         0x20001580       0x18 obj/src/mixer.o
                0x20001580                motor
 COMMON         0x20001598       0xec obj/src/mw.o
                0x20001598                GPS_svinfo_chn
                0x200015a8                telemTemperature1
                0x200015ac                f
                0x200015bc                GPS_altitude
                0x200015c0                nav_rated
                0x200015c4                lookupThrottleRC
                0x200015dc                nav
                0x200015e0                GPS_speed
                0x200015e4                GPS_hold
                0x200015ec                debug
                0x200015f4                rcCommand
                0x200015fc                vbat
                0x200015fe                batteryWarningVoltage
                0x20001600                axisPID
                0x20001606                GPS_distanceToHome
                0x20001608                GPS_home
                0x20001610                GPS_directionToHome
                0x20001614                rcOptions
                0x20001628                GPS_svinfo_svid
                0x20001638                GPS_coord
                0x20001640                GPS_svinfo_quality
                0x20001650                dynI8
                0x20001654                rssi
                0x20001656                GPS_numSat
                0x20001657                GPS_numCh
                0x20001658                headFreeModeHold
                0x2000165c                dynD8
                0x20001660                dynP8
                0x20001664                GPS_svinfo_cno
                0x20001674                AccInflightCalibrationArmed
                0x20001678                lookupPitchRollRC
 COMMON         0x20001684       0x46 obj/src/sensors.o
                0x20001684                acc
                0x20001698                magHold
                0x2000169c                gyro
                0x200016b0                baro
                0x200016c8                heading
 *fill*         0x200016ca        0x2 00
 COMMON         0x200016cc       0x10 obj/src/spektrum.o
                0x200016cc                spekFrame
                0x200016dc                . = ALIGN (0x4)
                0x200016dc                _ebss = .
                0x200016dc                __bss_end__ = _ebss

._user_heap_stack
                0x200016dc      0x400 load address 0x080168f4
                0x200016dc                . = ALIGN (0x4)
                0x200016dc                PROVIDE (end, .)
                0x200016dc                PROVIDE (_end, .)
                0x200016dc                . = (. + _Min_Heap_Size)