Archive member included because of file (symbol)

d:/armm4/bin/../lib/gcc/arm-none-eabi/4.7.3/../../../../arm-none-eabi/lib/armv7-m\libm.a(lib_a-sf_cos.o)
                              obj/src/gps.o (cosf)
d:/armm4/bin/../lib/gcc/arm-none-eabi/4.7.3/../../../../arm-none-eabi/lib/armv7-m\libm.a(lib_a-sf_sin.o)
                              obj/src/gps.o (sinf)
d:/armm4/bin/../lib/gcc/arm-none-eabi/4.7.3/../../../../arm-none-eabi/lib/armv7-m\libm.a(lib_a-wf_atan2.o)
                              obj/src/gps.o (atan2f)
d:/armm4/bin/../lib/gcc/arm-none-eabi/4.7.3/../../../../arm-none-eabi/lib/armv7-m\libm.a(lib_a-wf_log.o)
                              obj/src/imu.o (logf)
d:/armm4/bin/../lib/gcc/arm-none-eabi/4.7.3/../../../../arm-none-eabi/lib/armv7-m\libm.a(lib_a-wf_sqrt.o)
                              obj/src/gps.o (sqrtf)
d:/armm4/bin/../lib/gcc/arm-none-eabi/4.7.3/../../../../arm-none-eabi/lib/armv7-m\libm.a(lib_a-ef_atan2.o)
                              d:/armm4/bin/../lib/gcc/arm-none-eabi/4.7.3/../../../../arm-none-eabi/lib/armv7-m\libm.a(lib_a-wf_atan2.o) (__ieee754_atan2f)
d:/armm4/bin/../lib/gcc/arm-none-eabi/4.7.3/../../../../arm-none-eabi/lib/armv7-m\libm.a(lib_a-ef_log.o)
                              d:/armm4/bin/../lib/gcc/arm-none-eabi/4.7.3/../../../../arm-none-eabi/lib/armv7-m\libm.a(lib_a-wf_log.o) (__ieee754_logf)
d:/armm4/bin/../lib/gcc/arm-none-eabi/4.7.3/../../../../arm-none-eabi/lib/armv7-m\libm.a(lib_a-ef_rem_pio2.o)
                              d:/armm4/bin/../lib/gcc/arm-none-eabi/4.7.3/../../../../arm-none-eabi/lib/armv7-m\libm.a(lib_a-sf_cos.o) (__ieee754_rem_pio2f)
d:/armm4/bin/../lib/gcc/arm-none-eabi/4.7.3/../../../../arm-none-eabi/lib/armv7-m\libm.a(lib_a-ef_sqrt.o)
                              d:/armm4/bin/../lib/gcc/arm-none-eabi/4.7.3/../../../../arm-none-eabi/lib/armv7-m\libm.a(lib_a-wf_sqrt.o) (__ieee754_sqrtf)
d:/armm4/bin/../lib/gcc/arm-none-eabi/4.7.3/../../../../arm-none-eabi/lib/armv7-m\libm.a(lib_a-kf_cos.o)
                              d:/armm4/bin/../lib/gcc/arm-none-eabi/4.7.3/../../../../arm-none-eabi/lib/armv7-m\libm.a(lib_a-sf_cos.o) (__kernel_cosf)
d:/armm4/bin/../lib/gcc/arm-none-eabi/4.7.3/../../../../arm-none-eabi/lib/armv7-m\libm.a(lib_a-kf_rem_pio2.o)
                              d:/armm4/bin/../lib/gcc/arm-none-eabi/4.7.3/../../../../arm-none-eabi/lib/armv7-m\libm.a(lib_a-ef_rem_pio2.o) (__kernel_rem_pio2f)
d:/armm4/bin/../lib/gcc/arm-none-eabi/4.7.3/../../../../arm-none-eabi/lib/armv7-m\libm.a(lib_a-kf_sin.o)
                              d:/armm4/bin/../lib/gcc/arm-none-eabi/4.7.3/../../../../arm-none-eabi/lib/armv7-m\libm.a(lib_a-sf_cos.o) (__kernel_sinf)
d:/armm4/bin/../lib/gcc/arm-none-eabi/4.7.3/../../../../arm-none-eabi/lib/armv7-m\libm.a(lib_a-s_lib_ver.o)
                              d:/armm4/bin/../lib/gcc/arm-none-eabi/4.7.3/../../../../arm-none-eabi/lib/armv7-m\libm.a(lib_a-wf_log.o) (__fdlib_version)
d:/armm4/bin/../lib/gcc/arm-none-eabi/4.7.3/../../../../arm-none-eabi/lib/armv7-m\libm.a(lib_a-s_matherr.o)
                              d:/armm4/bin/../lib/gcc/arm-none-eabi/4.7.3/../../../../arm-none-eabi/lib/armv7-m\libm.a(lib_a-wf_log.o) (matherr)
d:/armm4/bin/../lib/gcc/arm-none-eabi/4.7.3/../../../../arm-none-eabi/lib/armv7-m\libm.a(lib_a-s_nan.o)
                              d:/armm4/bin/../lib/gcc/arm-none-eabi/4.7.3/../../../../arm-none-eabi/lib/armv7-m\libm.a(lib_a-wf_log.o) (nan)
d:/armm4/bin/../lib/gcc/arm-none-eabi/4.7.3/../../../../arm-none-eabi/lib/armv7-m\libm.a(lib_a-sf_atan.o)
                              d:/armm4/bin/../lib/gcc/arm-none-eabi/4.7.3/../../../../arm-none-eabi/lib/armv7-m\libm.a(lib_a-ef_atan2.o) (atanf)
d:/armm4/bin/../lib/gcc/arm-none-eabi/4.7.3/../../../../arm-none-eabi/lib/armv7-m\libm.a(lib_a-sf_fabs.o)
                              d:/armm4/bin/../lib/gcc/arm-none-eabi/4.7.3/../../../../arm-none-eabi/lib/armv7-m\libm.a(lib_a-ef_atan2.o) (fabsf)
d:/armm4/bin/../lib/gcc/arm-none-eabi/4.7.3/../../../../arm-none-eabi/lib/armv7-m\libm.a(lib_a-sf_floor.o)
                              d:/armm4/bin/../lib/gcc/arm-none-eabi/4.7.3/../../../../arm-none-eabi/lib/armv7-m\libm.a(lib_a-kf_rem_pio2.o) (floorf)
d:/armm4/bin/../lib/gcc/arm-none-eabi/4.7.3/../../../../arm-none-eabi/lib/armv7-m\libm.a(lib_a-sf_fpclassify.o)
                              d:/armm4/bin/../lib/gcc/arm-none-eabi/4.7.3/../../../../arm-none-eabi/lib/armv7-m\libm.a(lib_a-wf_log.o) (__fpclassifyf)
d:/armm4/bin/../lib/gcc/arm-none-eabi/4.7.3/../../../../arm-none-eabi/lib/armv7-m\libm.a(lib_a-sf_scalbn.o)
                              d:/armm4/bin/../lib/gcc/arm-none-eabi/4.7.3/../../../../arm-none-eabi/lib/armv7-m\libm.a(lib_a-kf_rem_pio2.o) (scalbnf)
d:/armm4/bin/../lib/gcc/arm-none-eabi/4.7.3/../../../../arm-none-eabi/lib/armv7-m\libm.a(lib_a-sf_copysign.o)
[...]
Memory Configuration

Name             Origin             Length             Attributes
FLASH            0x08000000         0x0001fc00         xr
RAM              0x20000000         0x00005000         xrw
MEMORY_B1        0x60000000         0x00000000         xr
*default*        0x00000000         0xffffffff

Linker script and memory map

LOAD d:/armm4/bin/../lib/gcc/arm-none-eabi/4.7.3/armv7-m/crti.o
LOAD d:/armm4/bin/../lib/gcc/arm-none-eabi/4.7.3/armv7-m/crtbegin.o
LOAD d:/armm4/bin/../lib/gcc/arm-none-eabi/4.7.3/../../../../arm-none-eabi/lib/armv7-m/crt0.o
LOAD obj/lib/CMSIS/CM3/DeviceSupport/ST/STM32F10x/system_stm32f10x.o
LOAD obj/lib/CMSIS/CM3/CoreSupport/core_cm3.o
LOAD obj/lib/STM32F10x_StdPeriph_Driver/src/misc.o
LOAD obj/lib/STM32F10x_StdPeriph_Driver/src/stm32f10x_adc.o
LOAD obj/lib/STM32F10x_StdPeriph_Driver/src/stm32f10x_bkp.o
LOAD obj/lib/STM32F10x_StdPeriph_Driver/src/stm32f10x_can.o
LOAD obj/lib/STM32F10x_StdPeriph_Driver/src/stm32f10x_cec.o
LOAD obj/lib/STM32F10x_StdPeriph_Driver/src/stm32f10x_crc.o
LOAD obj/lib/STM32F10x_StdPeriph_Driver/src/stm32f10x_dac.o
LOAD obj/lib/STM32F10x_StdPeriph_Driver/src/stm32f10x_dbgmcu.o
LOAD obj/lib/STM32F10x_StdPeriph_Driver/src/stm32f10x_dma.o
LOAD obj/lib/STM32F10x_StdPeriph_Driver/src/stm32f10x_exti.o
LOAD obj/lib/STM32F10x_StdPeriph_Driver/src/stm32f10x_flash.o
LOAD obj/lib/STM32F10x_StdPeriph_Driver/src/stm32f10x_fsmc.o
LOAD obj/lib/STM32F10x_StdPeriph_Driver/src/stm32f10x_gpio.o
LOAD obj/lib/STM32F10x_StdPeriph_Driver/src/stm32f10x_i2c.o
LOAD obj/lib/STM32F10x_StdPeriph_Driver/src/stm32f10x_iwdg.o
LOAD obj/lib/STM32F10x_StdPeriph_Driver/src/stm32f10x_pwr.o
LOAD obj/lib/STM32F10x_StdPeriph_Driver/src/stm32f10x_rcc.o
LOAD obj/lib/STM32F10x_StdPeriph_Driver/src/stm32f10x_rtc.o
LOAD obj/lib/STM32F10x_StdPeriph_Driver/src/stm32f10x_sdio.o
LOAD obj/lib/STM32F10x_StdPeriph_Driver/src/stm32f10x_spi.o
LOAD obj/lib/STM32F10x_StdPeriph_Driver/src/stm32f10x_tim.o
LOAD obj/lib/STM32F10x_StdPeriph_Driver/src/stm32f10x_usart.o
LOAD obj/lib/STM32F10x_StdPeriph_Driver/src/stm32f10x_wwdg.o
LOAD obj/src/buzzer.o
LOAD obj/src/cli.o
LOAD obj/src/config.o
LOAD obj/src/drv_adc.o
LOAD obj/src/drv_adc_fy90q.o
LOAD obj/src/drv_adxl345.o
LOAD obj/src/drv_bmp085.o
LOAD obj/src/drv_hcsr04.o
LOAD obj/src/drv_hmc5883l.o
LOAD obj/src/drv_i2c.o
LOAD obj/src/drv_i2c_soft.o
LOAD obj/src/drv_l3g4200d.o
LOAD obj/src/drv_ledring.o
LOAD obj/src/drv_mma845x.o
LOAD obj/src/drv_mpu3050.o
LOAD obj/src/drv_mpu6050.o
LOAD obj/src/drv_ms5611.o
LOAD obj/src/drv_pwm.o
LOAD obj/src/drv_pwm_fy90q.o
LOAD obj/src/drv_system.o
LOAD obj/src/drv_uart.o
LOAD obj/src/filter.o
LOAD obj/src/gps.o
LOAD obj/src/imu.o
LOAD obj/src/main.o
LOAD obj/src/mixer.o
LOAD obj/src/mw.o
LOAD obj/src/printf.o
LOAD obj/src/sensors.o
LOAD obj/src/serial.o
LOAD obj/src/spektrum.o
LOAD obj/src/telemetry.o
LOAD obj/src/baseflight_startups/startup_stm32f10x_md_gcc.o
LOAD d:/armm4/bin/../lib/gcc/arm-none-eabi/4.7.3/../../../../arm-none-eabi/lib/armv7-m\libm.a
                0x00001000                malloc_getpagesize_P = 0x1000
START GROUP
LOAD d:/armm4/bin/../lib/gcc/arm-none-eabi/4.7.3/armv7-m\libgcc.a
LOAD d:/armm4/bin/../lib/gcc/arm-none-eabi/4.7.3/../../../../arm-none-eabi/lib/armv7-m\libc.a
END GROUP
LOAD d:/armm4/bin/../lib/gcc/arm-none-eabi/4.7.3/armv7-m/crtend.o
LOAD d:/armm4/bin/../lib/gcc/arm-none-eabi/4.7.3/armv7-m/crtn.o
                0x20005000                _estack = 0x20005000
                0x00000000                _Min_Heap_Size = 0x0
                0x00000400                _Min_Stack_Size = 0x400

.isr_vector     0x08000000      0x10c
                0x08000000                . = ALIGN (0x4)
 *(.isr_vector)
 .isr_vector    0x08000000      0x10c obj/src/baseflight_startups/startup_stm32f10x_md_gcc.o
                0x08000000                g_pfnVectors
                0x0800010c                . = ALIGN (0x4)

.text           0x08000110    0x15930
                0x08000110                . = ALIGN (0x4)
 *(.text)
 .text          0x08000110       0x54 d:/armm4/bin/../lib/gcc/arm-none-eabi/4.7.3/armv7-m/crtbegin.o
 .text          0x08000164      0x370 d:/armm4/bin/../lib/gcc/arm-none-eabi/4.7.3/armv7-m\libgcc.a(_arm_addsubdf3.o)
                0x08000164                __aeabi_drsub
                0x0800016c                __aeabi_dsub
                0x0800016c                __subdf3
                0x08000170                __aeabi_dadd
                0x08000170                __adddf3
                0x080003e8                __floatunsidf
                0x080003e8                __aeabi_ui2d
                0x08000408                __floatsidf
                0x08000408                __aeabi_i2d
                0x0800042c                __aeabi_f2d
                0x0800042c                __extendsfdf2
                0x08000468                __floatundidf
                0x08000468                __aeabi_ul2d
                0x08000478                __floatdidf
                0x08000478                __aeabi_l2d
 .text          0x080004d4      0x424 d:/armm4/bin/../lib/gcc/arm-none-eabi/4.7.3/armv7-m\libgcc.a(_arm_muldivdf3.o)
                0x080004d4                __aeabi_dmul
                0x080004d4                __muldf3
                0x08000728                __divdf3
                0x08000728                __aeabi_ddiv
 .text          0x080008f8       0xa0 d:/armm4/bin/../lib/gcc/arm-none-eabi/4.7.3/armv7-m\libgcc.a(_arm_truncdfsf2.o)
                0x080008f8                __truncdfsf2
                0x080008f8                __aeabi_d2f
 .text          0x08000998      0x21c d:/armm4/bin/../lib/gcc/arm-none-eabi/4.7.3/armv7-m\libgcc.a(_arm_addsubsf3.o)
                0x08000998                __aeabi_frsub
                0x080009a0                __subsf3
                0x080009a0                __aeabi_fsub
                0x080009a4                __aeabi_fadd
                0x080009a4                __addsf3
                0x08000b04                __aeabi_ui2f
                0x08000b04                __floatunsisf
                0x08000b0c                __aeabi_i2f
                0x08000b0c                __floatsisf
                0x08000b28                __aeabi_ul2f
                0x08000b28                __floatundisf
                0x08000b38                __aeabi_l2f
                0x08000b38                __floatdisf
 .text          0x08000bb4      0x2a0 d:/armm4/bin/../lib/gcc/arm-none-eabi/4.7.3/armv7-m\libgcc.a(_arm_muldivsf3.o)
                0x08000bb4                __mulsf3
                0x08000bb4                __aeabi_fmul
                0x08000d1c                __aeabi_fdiv
                0x08000d1c                __divsf3
 .text          0x08000e54       0xec d:/armm4/bin/../lib/gcc/arm-none-eabi/4.7.3/armv7-m\libgcc.a(_arm_cmpsf2.o)
                0x08000e54                __gesf2
                0x08000e54                __gtsf2
                0x08000e5c                __lesf2
                0x08000e5c                __ltsf2
                0x08000e64                __nesf2
                0x08000e64                __eqsf2
                0x08000e64                __cmpsf2
                0x08000ec4                __aeabi_cfrcmple
                0x08000ecc                __aeabi_cfcmpeq
                0x08000ecc                __aeabi_cfcmple
                0x08000edc                __aeabi_fcmpeq
                0x08000ef0                __aeabi_fcmplt
                0x08000f04                __aeabi_fcmple
                0x08000f18                __aeabi_fcmpge
                0x08000f2c                __aeabi_fcmpgt
 .text          0x08000f40       0x4c d:/armm4/bin/../lib/gcc/arm-none-eabi/4.7.3/armv7-m\libgcc.a(_arm_fixsfsi.o)
                0x08000f40                __aeabi_f2iz
                0x08000f40                __fixsfsi
 .text          0x08000f8c       0x40 d:/armm4/bin/../lib/gcc/arm-none-eabi/4.7.3/armv7-m\libgcc.a(_arm_fixunssfsi.o)
                0x08000f8c                __fixunssfsi
                0x08000f8c                __aeabi_f2uiz
 *(.text*)
 .text.SystemCoreClockUpdate
                0x08000fcc       0x70 obj/lib/CMSIS/CM3/DeviceSupport/ST/STM32F10x/system_stm32f10x.o
                0x08000fcc                SystemCoreClockUpdate
 .text.SystemInit
                0x0800103c      0x1dc obj/lib/CMSIS/CM3/DeviceSupport/ST/STM32F10x/system_stm32f10x.o
                0x0800103c                SystemInit
 .text.NVIC_PriorityGroupConfig
                0x08001218       0x14 obj/lib/STM32F10x_StdPeriph_Driver/src/misc.o
                0x08001218                NVIC_PriorityGroupConfig
 .text.NVIC_Init
                0x0800122c       0x7c obj/lib/STM32F10x_StdPeriph_Driver/src/misc.o
                0x0800122c                NVIC_Init
 .text.ADC_Init
                0x080012a8       0x4c obj/lib/STM32F10x_StdPeriph_Driver/src/stm32f10x_adc.o
                0x080012a8                ADC_Init
 .text.ADC_Cmd  0x080012f4       0x14 obj/lib/STM32F10x_StdPeriph_Driver/src/stm32f10x_adc.o
                0x080012f4                ADC_Cmd
 .text.ADC_DMACmd
                0x08001308       0x14 obj/lib/STM32F10x_StdPeriph_Driver/src/stm32f10x_adc.o
                0x08001308                ADC_DMACmd
 .text.ADC_ResetCalibration
                0x0800131c        0xc obj/lib/STM32F10x_StdPeriph_Driver/src/stm32f10x_adc.o
                0x0800131c                ADC_ResetCalibration
 .text.ADC_GetResetCalibrationStatus
                0x08001328        0x8 obj/lib/STM32F10x_StdPeriph_Driver/src/stm32f10x_adc.o
                0x08001328                ADC_GetResetCalibrationStatus
 .text.ADC_StartCalibration
                0x08001330        0xc obj/lib/STM32F10x_StdPeriph_Driver/src/stm32f10x_adc.o
                0x08001330                ADC_StartCalibration
 .text.ADC_GetCalibrationStatus
                0x0800133c        0x8 obj/lib/STM32F10x_StdPeriph_Driver/src/stm32f10x_adc.o
                0x0800133c                ADC_GetCalibrationStatus
 .text.ADC_SoftwareStartConvCmd
                0x08001344       0x14 obj/lib/STM32F10x_StdPeriph_Driver/src/stm32f10x_adc.o
                0x08001344                ADC_SoftwareStartConvCmd
 .text.ADC_RegularChannelConfig
                0x08001358       0x98 obj/lib/STM32F10x_StdPeriph_Driver/src/stm32f10x_adc.o
                0x08001358                ADC_RegularChannelConfig
 .text.DMA_DeInit
                0x080013f0      0x158 obj/lib/STM32F10x_StdPeriph_Driver/src/stm32f10x_dma.o
                0x080013f0                DMA_DeInit
 .text.DMA_Init
                0x08001548       0x44 obj/lib/STM32F10x_StdPeriph_Driver/src/stm32f10x_dma.o
                0x08001548                DMA_Init
 .text.DMA_Cmd  0x0800158c       0x18 obj/lib/STM32F10x_StdPeriph_Driver/src/stm32f10x_dma.o
                0x0800158c                DMA_Cmd
 .text.DMA_ITConfig
                0x080015a4       0x14 obj/lib/STM32F10x_StdPeriph_Driver/src/stm32f10x_dma.o
                0x080015a4                DMA_ITConfig
 .text.DMA_GetCurrDataCounter
                0x080015b8        0x8 obj/lib/STM32F10x_StdPeriph_Driver/src/stm32f10x_dma.o
                0x080015b8                DMA_GetCurrDataCounter
 .text.DMA_ClearITPendingBit
                0x080015c0       0x14 obj/lib/STM32F10x_StdPeriph_Driver/src/stm32f10x_dma.o
                0x080015c0                DMA_ClearITPendingBit
 .text.EXTI_Init
                0x080015d4       0x7c obj/lib/STM32F10x_StdPeriph_Driver/src/stm32f10x_exti.o
                0x080015d4                EXTI_Init
 .text.EXTI_GetITStatus
                0x08001650       0x20 obj/lib/STM32F10x_StdPeriph_Driver/src/stm32f10x_exti.o
                0x08001650                EXTI_GetITStatus
 .text.EXTI_ClearITPendingBit
                0x08001670        0xc obj/lib/STM32F10x_StdPeriph_Driver/src/stm32f10x_exti.o
                0x08001670                EXTI_ClearITPendingBit
 .text.FLASH_Unlock
                0x0800167c       0x20 obj/lib/STM32F10x_StdPeriph_Driver/src/stm32f10x_flash.o
                0x0800167c                FLASH_Unlock
 .text.FLASH_Lock
                0x0800169c       0x14 obj/lib/STM32F10x_StdPeriph_Driver/src/stm32f10x_flash.o
                0x0800169c                FLASH_Lock
 .text.FLASH_ClearFlag
                0x080016b0        0xc obj/lib/STM32F10x_StdPeriph_Driver/src/stm32f10x_flash.o
                0x080016b0                FLASH_ClearFlag
 .text.FLASH_GetBank1Status
                0x080016bc       0x2c obj/lib/STM32F10x_StdPeriph_Driver/src/stm32f10x_flash.o
                0x080016bc                FLASH_GetBank1Status
 .text.FLASH_WaitForLastOperation
                0x080016e8       0x40 obj/lib/STM32F10x_StdPeriph_Driver/src/stm32f10x_flash.o
                0x080016e8                FLASH_WaitForLastOperation
 .text.FLASH_ProgramWord
                0x08001728       0x68 obj/lib/STM32F10x_StdPeriph_Driver/src/stm32f10x_flash.o
                0x08001728                FLASH_ProgramWord
 .text.FLASH_ErasePage
                0x08001790       0x40 obj/lib/STM32F10x_StdPeriph_Driver/src/stm32f10x_flash.o
                0x08001790                FLASH_ErasePage
 .text.GPIO_Init
                0x080017d0      0x264 obj/lib/STM32F10x_StdPeriph_Driver/src/stm32f10x_gpio.o
                0x080017d0                GPIO_Init
 .text.GPIO_StructInit
                0x08001a34       0x10 obj/lib/STM32F10x_StdPeriph_Driver/src/stm32f10x_gpio.o
                0x08001a34                GPIO_StructInit
 .text.GPIO_ReadInputDataBit
                0x08001a44        0xc obj/lib/STM32F10x_StdPeriph_Driver/src/stm32f10x_gpio.o
                0x08001a44                GPIO_ReadInputDataBit
 .text.GPIO_SetBits
                0x08001a50        0x4 obj/lib/STM32F10x_StdPeriph_Driver/src/stm32f10x_gpio.o
                0x08001a50                GPIO_SetBits
 .text.GPIO_ResetBits
                0x08001a54        0x4 obj/lib/STM32F10x_StdPeriph_Driver/src/stm32f10x_gpio.o
                0x08001a54                GPIO_ResetBits
 .text.GPIO_PinRemapConfig
                0x08001a58       0x78 obj/lib/STM32F10x_StdPeriph_Driver/src/stm32f10x_gpio.o
                0x08001a58                GPIO_PinRemapConfig
 .text.GPIO_EXTILineConfig
                0x08001ad0       0x38 obj/lib/STM32F10x_StdPeriph_Driver/src/stm32f10x_gpio.o
                0x08001ad0                GPIO_EXTILineConfig
 .text.I2C_DeInit
                0x08001b08       0x40 obj/lib/STM32F10x_StdPeriph_Driver/src/stm32f10x_i2c.o
                0x08001b08                I2C_DeInit
 .text.I2C_Init
                0x08001b48       0xe8 obj/lib/STM32F10x_StdPeriph_Driver/src/stm32f10x_i2c.o
                0x08001b48                I2C_Init
 .text.I2C_StructInit
                0x08001c30       0x1c obj/lib/STM32F10x_StdPeriph_Driver/src/stm32f10x_i2c.o
                0x08001c30                I2C_StructInit
 .text.I2C_Cmd  0x08001c4c       0x1c obj/lib/STM32F10x_StdPeriph_Driver/src/stm32f10x_i2c.o
                0x08001c4c                I2C_Cmd
 .text.I2C_GenerateSTART
                0x08001c68       0x1c obj/lib/STM32F10x_StdPeriph_Driver/src/stm32f10x_i2c.o
                0x08001c68                I2C_GenerateSTART
 .text.I2C_GenerateSTOP
                0x08001c84       0x1c obj/lib/STM32F10x_StdPeriph_Driver/src/stm32f10x_i2c.o
                0x08001c84                I2C_GenerateSTOP
 .text.I2C_AcknowledgeConfig
                0x08001ca0       0x1c obj/lib/STM32F10x_StdPeriph_Driver/src/stm32f10x_i2c.o
                0x08001ca0                I2C_AcknowledgeConfig
 .text.I2C_ITConfig
                0x08001cbc       0x14 obj/lib/STM32F10x_StdPeriph_Driver/src/stm32f10x_i2c.o
                0x08001cbc                I2C_ITConfig
 .text.I2C_SendData
                0x08001cd0        0x4 obj/lib/STM32F10x_StdPeriph_Driver/src/stm32f10x_i2c.o
                0x08001cd0                I2C_SendData
 .text.I2C_ReceiveData
                0x08001cd4        0x8 obj/lib/STM32F10x_StdPeriph_Driver/src/stm32f10x_i2c.o
                0x08001cd4                I2C_ReceiveData
 .text.I2C_Send7bitAddress
                0x08001cdc       0x14 obj/lib/STM32F10x_StdPeriph_Driver/src/stm32f10x_i2c.o
                0x08001cdc                I2C_Send7bitAddress
 .text.RCC_GetClocksFreq
                0x08001cf0       0xa8 obj/lib/STM32F10x_StdPeriph_Driver/src/stm32f10x_rcc.o
                0x08001cf0                RCC_GetClocksFreq
 .text.RCC_AHBPeriphClockCmd
                0x08001d98       0x1c obj/lib/STM32F10x_StdPeriph_Driver/src/stm32f10x_rcc.o
                0x08001d98                RCC_AHBPeriphClockCmd
 .text.RCC_APB2PeriphClockCmd
                0x08001db4       0x1c obj/lib/STM32F10x_StdPeriph_Driver/src/stm32f10x_rcc.o
                0x08001db4                RCC_APB2PeriphClockCmd
 .text.RCC_APB1PeriphClockCmd
                0x08001dd0       0x1c obj/lib/STM32F10x_StdPeriph_Driver/src/stm32f10x_rcc.o
                0x08001dd0                RCC_APB1PeriphClockCmd
 .text.RCC_APB1PeriphResetCmd
                0x08001dec       0x1c obj/lib/STM32F10x_StdPeriph_Driver/src/stm32f10x_rcc.o
                0x08001dec                RCC_APB1PeriphResetCmd
 .text.RCC_ClearFlag
                0x08001e08       0x14 obj/lib/STM32F10x_StdPeriph_Driver/src/stm32f10x_rcc.o
                0x08001e08                RCC_ClearFlag
 .text.TI1_Config
                0x08001e1c       0x84 obj/lib/STM32F10x_StdPeriph_Driver/src/stm32f10x_tim.o
 .text.TI2_Config
                0x08001ea0       0x8c obj/lib/STM32F10x_StdPeriph_Driver/src/stm32f10x_tim.o
 .text.TIM_TimeBaseInit
                0x08001f2c       0xd8 obj/lib/STM32F10x_StdPeriph_Driver/src/stm32f10x_tim.o
                0x08001f2c                TIM_TimeBaseInit
 .text.TIM_OC1Init
                0x08002004       0xb8 obj/lib/STM32F10x_StdPeriph_Driver/src/stm32f10x_tim.o
                0x08002004                TIM_OC1Init
 .text.TIM_OC2Init
                0x080020bc       0x94 obj/lib/STM32F10x_StdPeriph_Driver/src/stm32f10x_tim.o
                0x080020bc                TIM_OC2Init
 .text.TIM_OC3Init
                0x08002150       0x94 obj/lib/STM32F10x_StdPeriph_Driver/src/stm32f10x_tim.o
                0x08002150                TIM_OC3Init
 .text.TIM_OC4Init
                0x080021e4       0x74 obj/lib/STM32F10x_StdPeriph_Driver/src/stm32f10x_tim.o
                0x080021e4                TIM_OC4Init
 .text.TIM_ICInit
                0x08002258      0x1a8 obj/lib/STM32F10x_StdPeriph_Driver/src/stm32f10x_tim.o
                0x08002258                TIM_ICInit
 .text.TIM_TimeBaseStructInit
                0x08002400       0x14 obj/lib/STM32F10x_StdPeriph_Driver/src/stm32f10x_tim.o
                0x08002400                TIM_TimeBaseStructInit
 .text.TIM_OCStructInit
                0x08002414       0x14 obj/lib/STM32F10x_StdPeriph_Driver/src/stm32f10x_tim.o
                0x08002414                TIM_OCStructInit
 .text.TIM_ICStructInit
                0x08002428       0x10 obj/lib/STM32F10x_StdPeriph_Driver/src/stm32f10x_tim.o
                0x08002428                TIM_ICStructInit
 .text.TIM_Cmd  0x08002438       0x1c obj/lib/STM32F10x_StdPeriph_Driver/src/stm32f10x_tim.o
                0x08002438                TIM_Cmd
 .text.TIM_CtrlPWMOutputs
                0x08002454       0x20 obj/lib/STM32F10x_StdPeriph_Driver/src/stm32f10x_tim.o
                0x08002454                TIM_CtrlPWMOutputs
 .text.TIM_ITConfig
                0x08002474       0x14 obj/lib/STM32F10x_StdPeriph_Driver/src/stm32f10x_tim.o
                0x08002474                TIM_ITConfig
 .text.TIM_OC1PreloadConfig
                0x08002488       0x10 obj/lib/STM32F10x_StdPeriph_Driver/src/stm32f10x_tim.o
                0x08002488                TIM_OC1PreloadConfig
 .text.TIM_OC2PreloadConfig
                0x08002498       0x14 obj/lib/STM32F10x_StdPeriph_Driver/src/stm32f10x_tim.o
                0x08002498                TIM_OC2PreloadConfig
 .text.TIM_OC3PreloadConfig
                0x080024ac       0x10 obj/lib/STM32F10x_StdPeriph_Driver/src/stm32f10x_tim.o
                0x080024ac                TIM_OC3PreloadConfig
 .text.TIM_OC4PreloadConfig
                0x080024bc       0x14 obj/lib/STM32F10x_StdPeriph_Driver/src/stm32f10x_tim.o
                0x080024bc                TIM_OC4PreloadConfig
 .text.TIM_GetCapture1
                0x080024d0        0x8 obj/lib/STM32F10x_StdPeriph_Driver/src/stm32f10x_tim.o
                0x080024d0                TIM_GetCapture1
 .text.TIM_GetCapture2
                0x080024d8        0x8 obj/lib/STM32F10x_StdPeriph_Driver/src/stm32f10x_tim.o
                0x080024d8                TIM_GetCapture2
 .text.TIM_GetCapture3
                0x080024e0        0x8 obj/lib/STM32F10x_StdPeriph_Driver/src/stm32f10x_tim.o
                0x080024e0                TIM_GetCapture3
 .text.TIM_GetCapture4
                0x080024e8        0x8 obj/lib/STM32F10x_StdPeriph_Driver/src/stm32f10x_tim.o
                0x080024e8                TIM_GetCapture4
 .text.TIM_GetITStatus
                0x080024f0       0x18 obj/lib/STM32F10x_StdPeriph_Driver/src/stm32f10x_tim.o
                0x080024f0                TIM_GetITStatus
 .text.TIM_ClearITPendingBit
                0x08002508        0x8 obj/lib/STM32F10x_StdPeriph_Driver/src/stm32f10x_tim.o
                0x08002508                TIM_ClearITPendingBit
 .text.USART_Init
                0x08002510       0xcc obj/lib/STM32F10x_StdPeriph_Driver/src/stm32f10x_usart.o
                0x08002510                USART_Init
 .text.USART_StructInit
                0x080025dc       0x18 obj/lib/STM32F10x_StdPeriph_Driver/src/stm32f10x_usart.o
                0x080025dc                USART_StructInit
 .text.USART_Cmd
                0x080025f4       0x1c obj/lib/STM32F10x_StdPeriph_Driver/src/stm32f10x_usart.o
                0x080025f4                USART_Cmd
 .text.USART_ITConfig
                0x08002610       0x38 obj/lib/STM32F10x_StdPeriph_Driver/src/stm32f10x_usart.o
                0x08002610                USART_ITConfig
 .text.USART_DMACmd
                0x08002648       0x14 obj/lib/STM32F10x_StdPeriph_Driver/src/stm32f10x_usart.o
                0x08002648                USART_DMACmd
 .text.USART_ReceiveData
                0x0800265c        0x8 obj/lib/STM32F10x_StdPeriph_Driver/src/stm32f10x_usart.o
                0x0800265c                USART_ReceiveData
 .text.beep     0x08002664       0x88 obj/src/buzzer.o
 .text.beep_code
                0x080026ec       0xb8 obj/src/buzzer.o
 .text.buzzer   0x080027a4      0x174 obj/src/buzzer.o
                0x080027a4                buzzer
 .text.i2a      0x08002918       0x28 obj/src/cli.o
 .text._atof    0x08002940      0x2e0 obj/src/cli.o
 .text.cliVersion
                0x08002c20        0xc obj/src/cli.o
 .text.cliHelp  0x08002c2c      0x144 obj/src/cli.o
 .text.cliStatus
                0x08002d70      0x10c obj/src/cli.o
 .text.cliCompare
                0x08002e7c       0x1c obj/src/cli.o
 .text.cliSave  0x08002e98       0x34 obj/src/cli.o
 .text.cliExit  0x08002ecc       0x3c obj/src/cli.o
 .text.cliMap   0x08002f08      0x2a0 obj/src/cli.o
 .text.cliFeature
                0x080031a8      0x110 obj/src/cli.o
 .text.cliDefaults
                0x080032b8       0x30 obj/src/cli.o
 .text.cliMixer
                0x080032e8       0xbc obj/src/cli.o
 .text.cliProfile
                0x080033a4       0x50 obj/src/cli.o
 .text.cliAux   0x080033f4       0x70 obj/src/cli.o
 .text.itoa     0x08003464       0x30 obj/src/cli.o
                0x08003464                itoa
 .text.ftoa     0x08003494       0xf0 obj/src/cli.o
 .text.cliPrintVar
                0x08003584       0xa8 obj/src/cli.o
 .text.cliSet   0x0800362c      0x1bc obj/src/cli.o
 .text.cliDump  0x080037e8      0x29c obj/src/cli.o
 .text.cliCMix  0x08003a84      0x75c obj/src/cli.o
 .text.cliProcess
                0x080041e0      0x36c obj/src/cli.o
                0x080041e0                cliProcess
 .text.validEEPROM
                0x0800454c       0x5c obj/src/config.o
 .text.parseRcChannels
                0x080045a8       0x34 obj/src/config.o
                0x080045a8                parseRcChannels
 .text.readEEPROM
                0x080045dc      0x670 obj/src/config.o
                0x080045dc                readEEPROM
 .text.writeEEPROM
                0x08004c4c      0x110 obj/src/config.o
                0x08004c4c                writeEEPROM
 .text.checkFirstTime
                0x08004d5c      0x2a4 obj/src/config.o
                0x08004d5c                checkFirstTime
 .text.sensors  0x08005000       0x14 obj/src/config.o
                0x08005000                sensors
 .text.sensorsSet
                0x08005014       0x10 obj/src/config.o
                0x08005014                sensorsSet
 .text.sensorsClear
                0x08005024       0x14 obj/src/config.o
                0x08005024                sensorsClear
 .text.sensorsMask
                0x08005038        0xc obj/src/config.o
                0x08005038                sensorsMask
 .text.feature  0x08005044       0x14 obj/src/config.o
                0x08005044                feature
 .text.featureSet
                0x08005058       0x10 obj/src/config.o
                0x08005058                featureSet
 .text.featureClear
                0x08005068       0x14 obj/src/config.o
                0x08005068                featureClear
 .text.featureMask
                0x0800507c        0xc obj/src/config.o
                0x0800507c                featureMask
 .text.adcInit  0x08005088      0x160 obj/src/drv_adc.o
                0x08005088                adcInit
 .text.adcGetChannel
                0x080051e8       0x10 obj/src/drv_adc.o
                0x080051e8                adcGetChannel
 .text.adxl345Align
                0x080051f8        0x4 obj/src/drv_adxl345.o
 .text.adxl345Read
                0x080051fc      0x15c obj/src/drv_adxl345.o
 .text.adxl345Init
                0x08005358       0x5c obj/src/drv_adxl345.o
 .text.adxl345Detect
                0x080053b4       0x50 obj/src/drv_adxl345.o
                0x080053b4                adxl345Detect
 .text.bmp085_calculate
                0x08005404       0xfc obj/src/drv_bmp085.o
 .text.bmp085_get_up
                0x08005500       0x58 obj/src/drv_bmp085.o
 .text.bmp085_get_ut
                0x08005558       0x40 obj/src/drv_bmp085.o
 .text.bmp085_start_up
                0x08005598       0x2c obj/src/drv_bmp085.o
 .text.bmp085_start_ut
                0x080055c4       0x1c obj/src/drv_bmp085.o
 .text.EXTI15_10_IRQHandler
                0x080055e0       0x24 obj/src/drv_bmp085.o
                0x080055e0                EXTI15_10_IRQHandler
 .text.bmp085Detect
                0x08005604      0x23c obj/src/drv_bmp085.o
                0x08005604                bmp085Detect
 .text.ECHO_EXTI_IRQHandler
                0x08005840       0x64 obj/src/drv_hcsr04.o
                0x08005840                ECHO_EXTI_IRQHandler
 .text.EXTI1_IRQHandler
                0x080058a4        0x4 obj/src/drv_hcsr04.o
                0x080058a4                EXTI1_IRQHandler
 .text.EXTI9_5_IRQHandler
                0x080058a8        0x4 obj/src/drv_hcsr04.o
                0x080058a8                EXTI9_5_IRQHandler
 .text.hcsr04_init
                0x080058ac      0x100 obj/src/drv_hcsr04.o
                0x080058ac                hcsr04_init
 .text.hcsr04_get_distance
                0x080059ac       0x50 obj/src/drv_hcsr04.o
                0x080059ac                hcsr04_get_distance
 .text.hmc5883lDetect
                0x080059fc       0x3c obj/src/drv_hmc5883l.o
                0x080059fc                hmc5883lDetect
 .text.hmc5883lRead
                0x08005a38       0xac obj/src/drv_hmc5883l.o
                0x08005a38                hmc5883lRead
 *fill*         0x08005ae4        0x4 00
 .text.hmc5883lInit
                0x08005ae8      0x730 obj/src/drv_hmc5883l.o
                0x08005ae8                hmc5883lInit
 .text.i2c_ev_handler
                0x08006218      0x3ec obj/src/drv_i2c.o
 .text.I2C1_EV_IRQHandler
                0x08006604        0x4 obj/src/drv_i2c.o
                0x08006604                I2C1_EV_IRQHandler
 .text.I2C2_EV_IRQHandler
                0x08006608        0x4 obj/src/drv_i2c.o
                0x08006608                I2C2_EV_IRQHandler
 .text.i2cInit  0x0800660c      0x198 obj/src/drv_i2c.o
                0x0800660c                i2cInit
 .text.i2cRead  0x080067a4       0xdc obj/src/drv_i2c.o
                0x080067a4                i2cRead
 .text.i2cWriteBuffer
                0x08006880      0x11c obj/src/drv_i2c.o
                0x08006880                i2cWriteBuffer
 .text.i2cWrite
                0x0800699c       0x14 obj/src/drv_i2c.o
                0x0800699c                i2cWrite
 .text.i2c_er_handler
                0x080069b0       0xb4 obj/src/drv_i2c.o
 .text.I2C2_ER_IRQHandler
                0x08006a64        0x4 obj/src/drv_i2c.o
                0x08006a64                I2C2_ER_IRQHandler
 .text.I2C1_ER_IRQHandler
                0x08006a68        0x4 obj/src/drv_i2c.o
                0x08006a68                I2C1_ER_IRQHandler
 .text.i2cGetErrorCounter
                0x08006a6c       0x10 obj/src/drv_i2c.o
                0x08006a6c                i2cGetErrorCounter
 .text.l3g4200dAlign
                0x08006a7c       0x10 obj/src/drv_l3g4200d.o
 .text.l3g4200dRead
                0x08006a8c       0x60 obj/src/drv_l3g4200d.o
 .text.l3g4200dInit
                0x08006aec       0x38 obj/src/drv_l3g4200d.o
 .text.l3g4200dDetect
                0x08006b24       0x84 obj/src/drv_l3g4200d.o
                0x08006b24                l3g4200dDetect
 .text.ledringState
                0x08006ba8      0x108 obj/src/drv_ledring.o
                0x08006ba8                ledringState
 .text.mma8452Align
                0x08006cb0       0x10 obj/src/drv_mma845x.o
 .text.mma8452Read
                0x08006cc0       0x64 obj/src/drv_mma845x.o
 .text.mma8452Init
                0x08006d24       0x88 obj/src/drv_mma845x.o
 .text.mma8452Detect
                0x08006dac       0x50 obj/src/drv_mma845x.o
                0x08006dac                mma8452Detect
 .text.mpu3050Align
                0x08006dfc        0x8 obj/src/drv_mpu3050.o
 .text.mpu3050ReadTemp
                0x08006e04       0x3c obj/src/drv_mpu3050.o
 .text.mpu3050Read
                0x08006e40       0x60 obj/src/drv_mpu3050.o
 .text.mpu3050Init
                0x08006ea0       0x50 obj/src/drv_mpu3050.o
 .text.mpu3050Detect
                0x08006ef0       0x98 obj/src/drv_mpu3050.o
                0x08006ef0                mpu3050Detect
 .text.mpu6050AccInit
                0x08006f88       0x20 obj/src/drv_mpu6050.o
 .text.mpu6050AccAlign
                0x08006fa8        0xc obj/src/drv_mpu6050.o
 .text.mpu6050GyroAlign
                0x08006fb4        0x8 obj/src/drv_mpu6050.o
 .text.mpu6050GyroRead
                0x08006fbc       0x60 obj/src/drv_mpu6050.o
 .text.mpu6050AccRead
                0x0800701c       0x60 obj/src/drv_mpu6050.o
 .text.mpu6050GyroInit
                0x0800707c       0x80 obj/src/drv_mpu6050.o
 .text.mpu6050Detect
                0x080070fc      0x15c obj/src/drv_mpu6050.o
                0x080070fc                mpu6050Detect
 .text.ms5611_calculate
                0x08007258       0xa0 obj/src/drv_ms5611.o
 .text.ms5611_read_adc
                0x080072f8       0x28 obj/src/drv_ms5611.o
 .text.ms5611_get_up
                0x08007320       0x14 obj/src/drv_ms5611.o
 .text.ms5611_get_ut
                0x08007334       0x14 obj/src/drv_ms5611.o
 .text.ms5611_start_up
                0x08007348        0xc obj/src/drv_ms5611.o
 .text.ms5611_start_ut
                0x08007354        0xc obj/src/drv_ms5611.o
 .text.ms5611Detect
                0x08007360      0x294 obj/src/drv_ms5611.o
                0x08007360                ms5611Detect
 .text.pwmTimeBase
                0x080075f4       0x48 obj/src/drv_pwm.o
 .text.pwmICConfig
                0x0800763c       0x34 obj/src/drv_pwm.o
 .text.pwmCallback
                0x08007670       0x70 obj/src/drv_pwm.o
 .text.pwmTIMxHandler
                0x080076e0       0xcc obj/src/drv_pwm.o
 .text.ppmCallback
                0x080077ac       0x94 obj/src/drv_pwm.o
 .text.pwmOutConfig.constprop.1
                0x08007840      0x138 obj/src/drv_pwm.o
 .text.pwmInConfig
                0x08007978       0xe0 obj/src/drv_pwm.o
 .text.TIM1_CC_IRQHandler
                0x08007a58       0x78 obj/src/drv_pwm.o
                0x08007a58                TIM1_CC_IRQHandler
 .text.TIM2_IRQHandler
                0x08007ad0        0xc obj/src/drv_pwm.o
                0x08007ad0                TIM2_IRQHandler
 .text.TIM3_IRQHandler
                0x08007adc       0x10 obj/src/drv_pwm.o
                0x08007adc                TIM3_IRQHandler
 .text.TIM4_IRQHandler
                0x08007aec       0x10 obj/src/drv_pwm.o
                0x08007aec                TIM4_IRQHandler
 .text.pwmInit  0x08007afc      0x158 obj/src/drv_pwm.o
                0x08007afc                pwmInit
 .text.pwmWriteMotor
                0x08007c54       0x1c obj/src/drv_pwm.o
                0x08007c54                pwmWriteMotor
 .text.pwmWriteServo
                0x08007c70       0x1c obj/src/drv_pwm.o
                0x08007c70                pwmWriteServo
 .text.pwmRead  0x08007c8c       0x10 obj/src/drv_pwm.o
                0x08007c8c                pwmRead
 .text.SysTick_Handler
                0x08007c9c       0x10 obj/src/drv_system.o
                0x08007c9c                SysTick_Handler
 .text.micros   0x08007cac       0x3c obj/src/drv_system.o
                0x08007cac                micros
 .text.millis   0x08007ce8        0xc obj/src/drv_system.o
                0x08007ce8                millis
 .text.delayMicroseconds
                0x08007cf4       0x70 obj/src/drv_system.o
                0x08007cf4                delayMicroseconds
 .text.delay    0x08007d64       0x40 obj/src/drv_system.o
                0x08007d64                delay
 .text.systemInit
                0x08007da4      0x15c obj/src/drv_system.o
                0x08007da4                systemInit
 .text.failureMode
                0x08007f00       0x4c obj/src/drv_system.o
                0x08007f00                failureMode
 .text.systemReset
                0x08007f4c       0x28 obj/src/drv_system.o
                0x08007f4c                systemReset
 .text.uart2Open
                0x08007f74       0x54 obj/src/drv_uart.o
 .text.uartTxDMA
                0x08007fc8       0x44 obj/src/drv_uart.o
 .text.DMA1_Channel4_IRQHandler
                0x0800800c       0x34 obj/src/drv_uart.o
                0x0800800c                DMA1_Channel4_IRQHandler
 .text.uartInit
                0x08008040      0x144 obj/src/drv_uart.o
                0x08008040                uartInit
 .text.uartAvailable
                0x08008184       0x20 obj/src/drv_uart.o
                0x08008184                uartAvailable
 .text.uartTransmitEmpty
                0x080081a4       0x20 obj/src/drv_uart.o
                0x080081a4                uartTransmitEmpty
 .text.uartRead
                0x080081c4       0x20 obj/src/drv_uart.o
                0x080081c4                uartRead
 .text.uartReadPoll
                0x080081e4       0x2c obj/src/drv_uart.o
                0x080081e4                uartReadPoll
 .text.uartWrite
                0x08008210       0x30 obj/src/drv_uart.o
                0x08008210                uartWrite
 .text.uartPrint
                0x08008240       0x18 obj/src/drv_uart.o
                0x08008240                uartPrint
 .text.uart2Init
                0x08008258       0xe0 obj/src/drv_uart.o
                0x08008258                uart2Init
 .text.uart2ChangeBaud
                0x08008338        0x4 obj/src/drv_uart.o
                0x08008338                uart2ChangeBaud
 .text.uart2Write
                0x0800833c       0x40 obj/src/drv_uart.o
                0x0800833c                uart2Write
 .text.uart2TransmitEmpty
                0x0800837c       0x20 obj/src/drv_uart.o
                0x0800837c                uart2TransmitEmpty
 .text.USART2_IRQHandler
                0x0800839c       0x78 obj/src/drv_uart.o
                0x0800839c                USART2_IRQHandler
 .text.initFirstOrderFilter
                0x08008414       0x48 obj/src/filter.o
                0x08008414                initFirstOrderFilter
 .text.accelFilterStep
                0x0800845c       0xe0 obj/src/filter.o
                0x0800845c                accelFilterStep
 .text.GPS_calc_longitude_scaling
                0x0800853c       0x58 obj/src/gps.o
 .text.gpsPrint
                0x08008594       0x44 obj/src/gps.o
 .text.GPS_distance_cm_bearing.isra.2
                0x080085d8       0x90 obj/src/gps.o
 .text.grab_fields.constprop.4
                0x08008668       0x44 obj/src/gps.o
 .text.gpsInit  0x080086ac      0x334 obj/src/gps.o
                0x080086ac                gpsInit
 .text.GPS_reset_home_position
                0x080089e0       0x4c obj/src/gps.o
                0x080089e0                GPS_reset_home_position
 .text.GPS_reset_nav
                0x08008a2c       0x6c obj/src/gps.o
                0x08008a2c                GPS_reset_nav
 .text.GPS_set_next_wp
                0x08008a98       0xa8 obj/src/gps.o
                0x08008a98                GPS_set_next_wp
 .text.wrap_18000
                0x08008b40       0x24 obj/src/gps.o
                0x08008b40                wrap_18000
 .text.GPS_coord_to_degrees
                0x08008b64      0x194 obj/src/gps.o
                0x08008b64                GPS_coord_to_degrees
 .text.GPS_NewData
                0x08008cf8     0x1210 obj/src/gps.o
 .text.imuInit  0x08009f08       0x5c obj/src/imu.o
                0x08009f08                imuInit
 .text.rotateV  0x08009f64      0x154 obj/src/imu.o
                0x08009f64                rotateV
 .text.computeIMU
                0x0800a0b8      0x6b8 obj/src/imu.o
                0x0800a0b8                computeIMU
 .text.applyDeadband
                0x0800a770       0x24 obj/src/imu.o
                0x0800a770                applyDeadband
 .text.getEstimatedAltitude
                0x0800a794      0x2dc obj/src/imu.o
                0x0800a794                getEstimatedAltitude
 .text._putc    0x0800aa70        0x8 obj/src/main.o
 .text.startup.main
                0x0800aa78      0x350 obj/src/main.o
                0x0800aa78                main
 .text.HardFault_Handler
                0x0800adc8       0x14 obj/src/main.o
                0x0800adc8                HardFault_Handler
 .text.mixerInit
                0x0800addc      0x280 obj/src/mixer.o
                0x0800addc                mixerInit
 .text.mixerLoadMix
                0x0800b05c       0xa0 obj/src/mixer.o
                0x0800b05c                mixerLoadMix
 .text.writeServos
                0x0800b0fc       0x74 obj/src/mixer.o
                0x0800b0fc                writeServos
 .text.writeMotors
                0x0800b170       0x2c obj/src/mixer.o
                0x0800b170                writeMotors
 .text.writeAllMotors
                0x0800b19c       0x44 obj/src/mixer.o
                0x0800b19c                writeAllMotors
 .text.mixTable
                0x0800b1e0      0x7f4 obj/src/mixer.o
                0x0800b1e0                mixTable
 *fill*         0x0800b9d4        0x4 00
 .text.pidMultiWii
                0x0800b9d8      0x858 obj/src/mw.o
 .text.pidRewrite
                0x0800c230      0x3a0 obj/src/mw.o
 .text.blinkLED
                0x0800c5d0       0xd4 obj/src/mw.o
                0x0800c5d0                blinkLED
 .text.mwArm    0x0800c6a4       0x44 obj/src/mw.o
 .text.annexCode
                0x0800c6e8      0x7d0 obj/src/mw.o
                0x0800c6e8                annexCode
 .text.pwmReadRawRC
                0x0800ceb8       0x28 obj/src/mw.o
                0x0800ceb8                pwmReadRawRC
 .text.computeRC
                0x0800cee0      0x2a4 obj/src/mw.o
                0x0800cee0                computeRC
 .text.setPIDController
                0x0800d184       0x1c obj/src/mw.o
                0x0800d184                setPIDController
 .text.loop     0x0800d1a0      0xd04 obj/src/mw.o
                0x0800d1a0                loop
 .text.uli2a    0x0800dea4       0x68 obj/src/printf.o
 .text.ui2a     0x0800df0c       0x68 obj/src/printf.o
 .text.putchw   0x0800df74       0xa4 obj/src/printf.o
 .text.tfp_format
                0x0800e018      0x198 obj/src/printf.o
                0x0800e018                tfp_format
 .text.init_printf
                0x0800e1b0       0x18 obj/src/printf.o
                0x0800e1b0                init_printf
 .text.tfp_printf
                0x0800e1c8       0x38 obj/src/printf.o
                0x0800e1c8                tfp_printf
 .text.alignSensors
                0x0800e200       0x7c obj/src/sensors.o
 .text.sensorsAutodetect
                0x0800e27c      0x194 obj/src/sensors.o
                0x0800e27c                sensorsAutodetect
 .text.batteryAdcToVoltage
                0x0800e410       0x40 obj/src/sensors.o
                0x0800e410                batteryAdcToVoltage
 .text.batteryInit
                0x0800e450       0xb4 obj/src/sensors.o
                0x0800e450                batteryInit
 .text.ACC_getADC
                0x0800e504      0x2a4 obj/src/sensors.o
                0x0800e504                ACC_getADC
 .text.Baro_Common
                0x0800e7a8       0x48 obj/src/sensors.o
                0x0800e7a8                Baro_Common
 .text.Baro_update
                0x0800e7f0       0x70 obj/src/sensors.o
                0x0800e7f0                Baro_update
 .text.Gyro_getADC
                0x0800e860      0x460 obj/src/sensors.o
                0x0800e860                Gyro_getADC
 .text.Mag_init
                0x0800ecc0       0x2c obj/src/sensors.o
                0x0800ecc0                Mag_init
 .text.Mag_getADC
                0x0800ecec      0x1f4 obj/src/sensors.o
                0x0800ecec                Mag_getADC
 .text.Sonar_init
                0x0800eee0       0x1c obj/src/sensors.o
                0x0800eee0                Sonar_init
 .text.Sonar_update
                0x0800eefc        0xc obj/src/sensors.o
                0x0800eefc                Sonar_update
 .text.serialize32
                0x0800ef08       0x68 obj/src/serial.o
                0x0800ef08                serialize32
 .text.serialize16
                0x0800ef70       0x40 obj/src/serial.o
                0x0800ef70                serialize16
 .text.serialize8
                0x0800efb0       0x18 obj/src/serial.o
                0x0800efb0                serialize8
 .text.read32   0x0800efc8       0x40 obj/src/serial.o
                0x0800efc8                read32
 .text.headSerialResponse
                0x0800f008       0x40 obj/src/serial.o
                0x0800f008                headSerialResponse
 .text.headSerialReply
                0x0800f048        0x8 obj/src/serial.o
                0x0800f048                headSerialReply
 .text.headSerialError
                0x0800f050        0x8 obj/src/serial.o
                0x0800f050                headSerialError
 .text.tailSerialReply
                0x0800f058       0x10 obj/src/serial.o
                0x0800f058                tailSerialReply
 .text.serializeNames
                0x0800f068       0x18 obj/src/serial.o
                0x0800f068                serializeNames
 .text.serializeBoxNamesReply
                0x0800f080       0xcc obj/src/serial.o
                0x0800f080                serializeBoxNamesReply
 .text.serialInit
                0x0800f14c       0xec obj/src/serial.o
                0x0800f14c                serialInit
 .text.serialCom
                0x0800f238     0x1298 obj/src/serial.o
                0x0800f238                serialCom
 .text.spektrumDataReceive
                0x080104d0       0x70 obj/src/spektrum.o
 .text.spektrumInit
                0x08010540       0x40 obj/src/spektrum.o
                0x08010540                spektrumInit
 .text.spektrumFrameComplete
                0x08010580        0xc obj/src/spektrum.o
                0x08010580                spektrumFrameComplete
 .text.spektrumReadRawRC
                0x0801058c      0x158 obj/src/spektrum.o
                0x0801058c                spektrumReadRawRC
 .text.sendDataHead
                0x080106e4       0x14 obj/src/telemetry.o
 .text.serializeFrsky
                0x080106f8       0x30 obj/src/telemetry.o
 .text.serialize16
                0x08010728       0x18 obj/src/telemetry.o
 .text.initTelemetry
                0x08010740       0x30 obj/src/telemetry.o
                0x08010740                initTelemetry
 .text.sendTelemetry
                0x08010770      0x39c obj/src/telemetry.o
                0x08010770                sendTelemetry
 .text.Reset_Handler
                0x08010b0c       0xb0 obj/src/baseflight_startups/startup_stm32f10x_md_gcc.o
                0x08010b0c                Reset_Handler
 .text.Default_Handler
                0x08010bbc        0x4 obj/src/baseflight_startups/startup_stm32f10x_md_gcc.o
                0x08010bbc                EXTI2_IRQHandler
                0x08010bbc                DebugMon_Handler
                0x08010bbc                PVD_IRQHandler
                0x08010bbc                PendSV_Handler
                0x08010bbc                NMI_Handler
                0x08010bbc                EXTI3_IRQHandler
                0x08010bbc                EXTI0_IRQHandler
                0x08010bbc                UsageFault_Handler
                0x08010bbc                ADC1_2_IRQHandler
                0x08010bbc                SPI1_IRQHandler
                0x08010bbc                TAMPER_IRQHandler
                0x08010bbc                USART3_IRQHandler
                0x08010bbc                RTC_IRQHandler
                0x08010bbc                DMA1_Channel7_IRQHandler
                0x08010bbc                CAN1_RX1_IRQHandler
                0x08010bbc                DMA1_Channel6_IRQHandler
                0x08010bbc                RCC_IRQHandler
                0x08010bbc                TIM1_TRG_COM_IRQHandler
                0x08010bbc                DMA1_Channel1_IRQHandler
                0x08010bbc                Default_Handler
                0x08010bbc                SPI2_IRQHandler
                0x08010bbc                MemManage_Handler
                0x08010bbc                SVC_Handler
                0x08010bbc                DMA1_Channel5_IRQHandler
                0x08010bbc                EXTI4_IRQHandler
                0x08010bbc                USB_LP_CAN1_RX0_IRQHandler
                0x08010bbc                USB_HP_CAN1_TX_IRQHandler
                0x08010bbc                DMA1_Channel3_IRQHandler
                0x08010bbc                TIM1_UP_IRQHandler
                0x08010bbc                WWDG_IRQHandler
                0x08010bbc                TIM1_BRK_IRQHandler
                0x08010bbc                RTCAlarm_IRQHandler
                0x08010bbc                DMA1_Channel2_IRQHandler
                0x08010bbc                CAN1_SCE_IRQHandler
                0x08010bbc                FLASH_IRQHandler
                0x08010bbc                BusFault_Handler
                0x08010bbc                USART1_IRQHandler
                0x08010bbc                USBWakeUp_IRQHandler
 .text.cosf     0x08010bc0       0x68 d:/armm4/bin/../lib/gcc/arm-none-eabi/4.7.3/../../../../arm-none-eabi/lib/armv7-m\libm.a(lib_a-sf_cos.o)
                0x08010bc0                cosf
 .text.sinf     0x08010c28       0x78 d:/armm4/bin/../lib/gcc/arm-none-eabi/4.7.3/../../../../arm-none-eabi/lib/armv7-m\libm.a(lib_a-sf_sin.o)
                0x08010c28                sinf
 .text.atan2f   0x08010ca0        0x4 d:/armm4/bin/../lib/gcc/arm-none-eabi/4.7.3/../../../../arm-none-eabi/lib/armv7-m\libm.a(lib_a-wf_atan2.o)
                0x08010ca0                atan2f
 .text.logf     0x08010ca4       0xd8 d:/armm4/bin/../lib/gcc/arm-none-eabi/4.7.3/../../../../arm-none-eabi/lib/armv7-m\libm.a(lib_a-wf_log.o)
                0x08010ca4                logf
 .text.sqrtf    0x08010d7c       0x9c d:/armm4/bin/../lib/gcc/arm-none-eabi/4.7.3/../../../../arm-none-eabi/lib/armv7-m\libm.a(lib_a-wf_sqrt.o)
                0x08010d7c                sqrtf
 .text.__ieee754_atan2f
                0x08010e18      0x14c d:/armm4/bin/../lib/gcc/arm-none-eabi/4.7.3/../../../../arm-none-eabi/lib/armv7-m\libm.a(lib_a-ef_atan2.o)
                0x08010e18                __ieee754_atan2f
 .text.__ieee754_logf
                0x08010f64      0x2e0 d:/armm4/bin/../lib/gcc/arm-none-eabi/4.7.3/../../../../arm-none-eabi/lib/armv7-m\libm.a(lib_a-ef_log.o)
                0x08010f64                __ieee754_logf
 .text.__ieee754_rem_pio2f
                0x08011244      0x358 d:/armm4/bin/../lib/gcc/arm-none-eabi/4.7.3/../../../../arm-none-eabi/lib/armv7-m\libm.a(lib_a-ef_rem_pio2.o)
                0x08011244                __ieee754_rem_pio2f
 .text.__ieee754_sqrtf
                0x0801159c       0xd4 d:/armm4/bin/../lib/gcc/arm-none-eabi/4.7.3/../../../../arm-none-eabi/lib/armv7-m\libm.a(lib_a-ef_sqrt.o)
                0x0801159c                __ieee754_sqrtf
 .text.__kernel_cosf
                0x08011670      0x1b8 d:/armm4/bin/../lib/gcc/arm-none-eabi/4.7.3/../../../../arm-none-eabi/lib/armv7-m\libm.a(lib_a-kf_cos.o)
                0x08011670                __kernel_cosf
 .text.__kernel_rem_pio2f
                0x08011828      0xba0 d:/armm4/bin/../lib/gcc/arm-none-eabi/4.7.3/../../../../arm-none-eabi/lib/armv7-m\libm.a(lib_a-kf_rem_pio2.o)
                0x08011828                __kernel_rem_pio2f
 .text.__kernel_sinf
                0x080123c8      0x100 d:/armm4/bin/../lib/gcc/arm-none-eabi/4.7.3/../../../../arm-none-eabi/lib/armv7-m\libm.a(lib_a-kf_sin.o)
                0x080123c8                __kernel_sinf
 .text.matherr  0x080124c8        0x4 d:/armm4/bin/../lib/gcc/arm-none-eabi/4.7.3/../../../../arm-none-eabi/lib/armv7-m\libm.a(lib_a-s_matherr.o)
                0x080124c8                matherr
 .text.nan      0x080124cc        0xc d:/armm4/bin/../lib/gcc/arm-none-eabi/4.7.3/../../../../arm-none-eabi/lib/armv7-m\libm.a(lib_a-s_nan.o)
                0x080124cc                nan
 .text.atanf    0x080124d8      0x258 d:/armm4/bin/../lib/gcc/arm-none-eabi/4.7.3/../../../../arm-none-eabi/lib/armv7-m\libm.a(lib_a-sf_atan.o)
                0x080124d8                atanf
 .text.fabsf    0x08012730        0x8 d:/armm4/bin/../lib/gcc/arm-none-eabi/4.7.3/../../../../arm-none-eabi/lib/armv7-m\libm.a(lib_a-sf_fabs.o)
                0x08012730                fabsf
 .text.floorf   0x08012738       0x94 d:/armm4/bin/../lib/gcc/arm-none-eabi/4.7.3/../../../../arm-none-eabi/lib/armv7-m\libm.a(lib_a-sf_floor.o)
                0x08012738                floorf
 .text.__fpclassifyf
                0x080127cc       0x58 d:/armm4/bin/../lib/gcc/arm-none-eabi/4.7.3/../../../../arm-none-eabi/lib/armv7-m\libm.a(lib_a-sf_fpclassify.o)
                0x080127cc                __fpclassifyf
 .text.scalbnf  0x08012824       0xc0 d:/armm4/bin/../lib/gcc/arm-none-eabi/4.7.3/../../../../arm-none-eabi/lib/armv7-m\libm.a(lib_a-sf_scalbn.o)
                0x08012824                scalbnf
 .text.copysignf
                0x080128e4        0xc d:/armm4/bin/../lib/gcc/arm-none-eabi/4.7.3/../../../../arm-none-eabi/lib/armv7-m\libm.a(lib_a-sf_copysign.o)
                0x080128e4                copysignf
 .text.__register_exitproc
                0x080128f0       0xac d:/armm4/bin/../lib/gcc/arm-none-eabi/4.7.3/../../../../arm-none-eabi/lib/armv7-m\libc.a(lib_a-__atexit.o)
                0x080128f0                __register_exitproc
 .text.atoi     0x0801299c        0x8 d:/armm4/bin/../lib/gcc/arm-none-eabi/4.7.3/../../../../arm-none-eabi/lib/armv7-m\libc.a(lib_a-atoi.o)
                0x0801299c                atoi
 .text.bsearch  0x080129a4       0x40 d:/armm4/bin/../lib/gcc/arm-none-eabi/4.7.3/../../../../arm-none-eabi/lib/armv7-m\libc.a(lib_a-bsearch.o)
                0x080129a4                bsearch
 .text.__errno  0x080129e4        0xc d:/armm4/bin/../lib/gcc/arm-none-eabi/4.7.3/../../../../arm-none-eabi/lib/armv7-m\libc.a(lib_a-errno.o)
                0x080129e4                __errno
 .text.__libc_fini_array
                0x080129f0       0x50 d:/armm4/bin/../lib/gcc/arm-none-eabi/4.7.3/../../../../arm-none-eabi/lib/armv7-m\libc.a(lib_a-fini.o)
                0x080129f0                __libc_fini_array
 .text.__libc_init_array
                0x08012a40       0x94 d:/armm4/bin/../lib/gcc/arm-none-eabi/4.7.3/../../../../arm-none-eabi/lib/armv7-m\libc.a(lib_a-init.o)
                0x08012a40                __libc_init_array
 .text.memcpy   0x08012ad4      0x15c d:/armm4/bin/../lib/gcc/arm-none-eabi/4.7.3/../../../../arm-none-eabi/lib/armv7-m\libc.a(lib_a-memcpy.o)
                0x08012ad4                memcpy
 .text.memmove  0x08012c30      0x1b0 d:/armm4/bin/../lib/gcc/arm-none-eabi/4.7.3/../../../../arm-none-eabi/lib/armv7-m\libc.a(lib_a-memmove.o)
                0x08012c30                memmove
 .text.memset   0x08012de0      0x12c d:/armm4/bin/../lib/gcc/arm-none-eabi/4.7.3/../../../../arm-none-eabi/lib/armv7-m\libc.a(lib_a-memset.o)
                0x08012de0                memset
 .text.strcat   0x08012f0c       0x4c d:/armm4/bin/../lib/gcc/arm-none-eabi/4.7.3/../../../../arm-none-eabi/lib/armv7-m\libc.a(lib_a-strcat.o)
                0x08012f0c                strcat
 .text.strchr   0x08012f58       0xfc d:/armm4/bin/../lib/gcc/arm-none-eabi/4.7.3/../../../../arm-none-eabi/lib/armv7-m\libc.a(lib_a-strchr.o)
                0x08012f58                strchr
 .text.strcpy   0x08013054       0xbc d:/armm4/bin/../lib/gcc/arm-none-eabi/4.7.3/../../../../arm-none-eabi/lib/armv7-m\libc.a(lib_a-strcpy.o)
                0x08013054                strcpy
 .text.strlen   0x08013110       0x60 d:/armm4/bin/../lib/gcc/arm-none-eabi/4.7.3/../../../../arm-none-eabi/lib/armv7-m\libc.a(lib_a-strlen.o)
                0x08013110                strlen
 .text.strncasecmp
                0x08013170       0xdc d:/armm4/bin/../lib/gcc/arm-none-eabi/4.7.3/../../../../arm-none-eabi/lib/armv7-m\libc.a(lib_a-strncasecmp.o)
                0x08013170                strncasecmp
 .text.strncpy  0x0801324c      0x10c d:/armm4/bin/../lib/gcc/arm-none-eabi/4.7.3/../../../../arm-none-eabi/lib/armv7-m\libc.a(lib_a-strncpy.o)
                0x0801324c                strncpy
 .text._strtol_r
                0x08013358      0x130 d:/armm4/bin/../lib/gcc/arm-none-eabi/4.7.3/../../../../arm-none-eabi/lib/armv7-m\libc.a(lib_a-strtol.o)
                0x08013358                _strtol_r
 .text.strtol   0x08013488       0x1c d:/armm4/bin/../lib/gcc/arm-none-eabi/4.7.3/../../../../arm-none-eabi/lib/armv7-m\libc.a(lib_a-strtol.o)
                0x08013488                strtol
 .text.startup.register_fini
                0x080134a4       0x14 d:/armm4/bin/../lib/gcc/arm-none-eabi/4.7.3/../../../../arm-none-eabi/lib/armv7-m\libc.a(lib_a-__call_atexit.o)
 .text.atexit   0x080134b8        0xc d:/armm4/bin/../lib/gcc/arm-none-eabi/4.7.3/../../../../arm-none-eabi/lib/armv7-m\libc.a(lib_a-atexit.o)
                0x080134b8                atexit
 *(.rodata)
 .rodata        0x080134c4        0xc obj/src/config.o
 .rodata        0x080134d0       0x18 obj/src/drv_system.o
 *(.rodata*)
 .rodata.CSWTCH.19
                0x080134e8       0x18 obj/src/buzzer.o
 .rodata.featureNames
                0x08013500       0x3c obj/src/cli.o
                0x08013500                featureNames
 .rodata.mixerNames
                0x0801353c       0x4c obj/src/cli.o
                0x0801353c                mixerNames
 .rodata.cmdTable
                0x08013588       0xa8 obj/src/cli.o
                0x08013588                cmdTable
 .rodata.accNames
                0x08013630       0x14 obj/src/cli.o
                0x08013630                accNames
 .rodata.str1.4
                0x08013644      0xdf3 obj/src/cli.o
                                0xe1c (size before relaxing)
 *fill*         0x08014437        0x1 00
 .rodata.sensorNames
                0x08014438       0x18 obj/src/cli.o
                0x08014438                sensorNames
 .rodata.valueTable
                0x08014450      0x834 obj/src/cli.o
                0x08014450                valueTable
 .rodata.rcChannelLetters
                0x08014c84        0xc obj/src/config.o
                0x08014c84                rcChannelLetters
 .rodata.str1.4
                0x08014c90        0x9 obj/src/config.o
                                  0xc (size before relaxing)
 *fill*         0x08014c99        0x3 00
 .rodata.airPPM
                0x08014c9c        0xc obj/src/drv_pwm.o
 .rodata.multiPPM
                0x08014ca8        0xc obj/src/drv_pwm.o
 .rodata.airPWM
                0x08014cb4       0x10 obj/src/drv_pwm.o
 .rodata.timerHardware
                0x08014cc4       0xe0 obj/src/drv_pwm.o
 .rodata.hardwareMaps
                0x08014da4       0x10 obj/src/drv_pwm.o
 .rodata.multiPWM
                0x08014db4       0x10 obj/src/drv_pwm.o
 .rodata.gpsInitStrings
                0x08014dc4       0x20 obj/src/gps.o
 .rodata.ubloxInit
                0x08014de4       0x8c obj/src/gps.o
 .rodata.str1.4
                0x08014e70      0x129 obj/src/gps.o
                                0x12c (size before relaxing)
 *fill*         0x08014f99        0x3 00
 .rodata.mixerY6
                0x08014f9c       0x60 obj/src/mixer.o
 .rodata.mixerTri
                0x08014ffc       0x30 obj/src/mixer.o
 .rodata.mixerVtail4
                0x0801502c       0x40 obj/src/mixer.o
 .rodata.mixerQuadP
                0x0801506c       0x40 obj/src/mixer.o
 .rodata.mixers
                0x080150ac       0x98 obj/src/mixer.o
                0x080150ac                mixers
 .rodata.mixerOctoFlatP
                0x08015144       0x80 obj/src/mixer.o
 .rodata.mixerHex6P
                0x080151c4       0x60 obj/src/mixer.o
 .rodata.mixerBi
                0x08015224       0x20 obj/src/mixer.o
 .rodata.mixerY4
                0x08015244       0x40 obj/src/mixer.o
 .rodata.mixerQuadX
                0x08015284       0x40 obj/src/mixer.o
 .rodata.mixerOctoFlatX
                0x080152c4       0x80 obj/src/mixer.o
 .rodata.mixerHex6X
                0x08015344       0x60 obj/src/mixer.o
 .rodata.mixerOctoX8
                0x080153a4       0x80 obj/src/mixer.o
 .rodata.pidnames
                0x08015424       0x30 obj/src/serial.o
 .rodata.str1.4
                0x08015454       0xc8 obj/src/serial.o
 .rodata.str1.4
                0x0801551c        0x5 d:/armm4/bin/../lib/gcc/arm-none-eabi/4.7.3/../../../../arm-none-eabi/lib/armv7-m\libm.a(lib_a-wf_log.o)
                                  0xc (size before relaxing)
 *fill*         0x08015521        0x3 00
 .rodata.str1.4
                0x08015524        0x6 d:/armm4/bin/../lib/gcc/arm-none-eabi/4.7.3/../../../../arm-none-eabi/lib/armv7-m\libm.a(lib_a-wf_sqrt.o)
                                  0x8 (size before relaxing)
 *fill*         0x0801552a        0x2 00
 .rodata.npio2_hw
                0x0801552c       0x80 d:/armm4/bin/../lib/gcc/arm-none-eabi/4.7.3/../../../../arm-none-eabi/lib/armv7-m\libm.a(lib_a-ef_rem_pio2.o)
 .rodata.two_over_pi
                0x080155ac      0x318 d:/armm4/bin/../lib/gcc/arm-none-eabi/4.7.3/../../../../arm-none-eabi/lib/armv7-m\libm.a(lib_a-ef_rem_pio2.o)
 .rodata.init_jk
                0x080158c4        0xc d:/armm4/bin/../lib/gcc/arm-none-eabi/4.7.3/../../../../arm-none-eabi/lib/armv7-m\libm.a(lib_a-kf_rem_pio2.o)
 .rodata.PIo2   0x080158d0       0x2c d:/armm4/bin/../lib/gcc/arm-none-eabi/4.7.3/../../../../arm-none-eabi/lib/armv7-m\libm.a(lib_a-kf_rem_pio2.o)
 .rodata.atanlo
                0x080158fc       0x10 d:/armm4/bin/../lib/gcc/arm-none-eabi/4.7.3/../../../../arm-none-eabi/lib/armv7-m\libm.a(lib_a-sf_atan.o)
 .rodata.atanhi
                0x0801590c       0x10 d:/armm4/bin/../lib/gcc/arm-none-eabi/4.7.3/../../../../arm-none-eabi/lib/armv7-m\libm.a(lib_a-sf_atan.o)
 .rodata._ctype_
                0x0801591c      0x104 d:/armm4/bin/../lib/gcc/arm-none-eabi/4.7.3/../../../../arm-none-eabi/lib/armv7-m\libc.a(lib_a-ctype_.o)
                0x0801591c                _ctype_
 .rodata.str1.4
                0x08015a20        0x4 d:/armm4/bin/../lib/gcc/arm-none-eabi/4.7.3/../../../../arm-none-eabi/lib/armv7-m\libc.a(lib_a-impure.o)
 .rodata._global_impure_ptr
                0x08015a24        0x4 d:/armm4/bin/../lib/gcc/arm-none-eabi/4.7.3/../../../../arm-none-eabi/lib/armv7-m\libc.a(lib_a-impure.o)
                0x08015a24                _global_impure_ptr
 *(.glue_7)
 .glue_7        0x00000000        0x0 linker stubs
 *(.glue_7t)
 .glue_7t       0x00000000        0x0 linker stubs
 *(.eh_frame)
 .eh_frame      0x08015a28        0x0 d:/armm4/bin/../lib/gcc/arm-none-eabi/4.7.3/armv7-m/crtbegin.o
 *(.init)
 .init          0x08015a28        0x4 d:/armm4/bin/../lib/gcc/arm-none-eabi/4.7.3/armv7-m/crti.o
                0x08015a28                _init
 .init          0x08015a2c        0x8 d:/armm4/bin/../lib/gcc/arm-none-eabi/4.7.3/armv7-m/crtn.o
 *(.fini)
 .fini          0x08015a34        0x4 d:/armm4/bin/../lib/gcc/arm-none-eabi/4.7.3/armv7-m/crti.o
                0x08015a34                _fini
 .fini          0x08015a38        0x8 d:/armm4/bin/../lib/gcc/arm-none-eabi/4.7.3/armv7-m/crtn.o
                0x08015a40                . = ALIGN (0x4)
                0x08015a40                _etext = .

.vfp11_veneer   0x08015a40        0x0
 .vfp11_veneer  0x00000000        0x0 linker stubs

.v4_bx          0x08015a40        0x0
 .v4_bx         0x00000000        0x0 linker stubs

.iplt           0x08015a40        0x0
 .iplt          0x00000000        0x0 d:/armm4/bin/../lib/gcc/arm-none-eabi/4.7.3/armv7-m/crtbegin.o

.rel.dyn        0x08015a40        0x0
 .rel.iplt      0x00000000        0x0 d:/armm4/bin/../lib/gcc/arm-none-eabi/4.7.3/armv7-m/crtbegin.o

.ARM.extab
 *(.ARM.extab* .gnu.linkonce.armextab.*)

.ARM            0x08015a40        0x0
                0x08015a40                __exidx_start = .
 *(.ARM.exidx*)
                0x08015a40                __exidx_end = .

.preinit_array  0x08015a40        0x0
                0x08015a40                PROVIDE (__preinit_array_start, .)
 *(.preinit_array*)
                0x08015a40                PROVIDE (__preinit_array_end, .)

.init_array     0x08015a40        0x8
                0x08015a40                PROVIDE (__init_array_start, .)
 *(SORT(.init_array.*))
 .init_array.00000
                0x08015a40        0x4 d:/armm4/bin/../lib/gcc/arm-none-eabi/4.7.3/../../../../arm-none-eabi/lib/armv7-m\libc.a(lib_a-__call_atexit.o)
 *(.init_array*)
 .init_array    0x08015a44        0x4 d:/armm4/bin/../lib/gcc/arm-none-eabi/4.7.3/armv7-m/crtbegin.o
                0x08015a48                PROVIDE (__init_array_end, .)

.fini_array     0x08015a48        0x4
                0x08015a48                PROVIDE (__fini_array_start, .)
 *(.fini_array*)
 .fini_array    0x08015a48        0x4 d:/armm4/bin/../lib/gcc/arm-none-eabi/4.7.3/armv7-m/crtbegin.o
 *(SORT(.fini_array.*))
                0x08015a4c                PROVIDE (__fini_array_end, .)
                0x08015a4c                _sidata = .

.data           0x20000000      0x594 load address 0x08015a4c
                0x20000000                . = ALIGN (0x4)
                0x20000000                _sdata = .
 *(.data)
 *(.data*)
 .data.AHBPrescTable
                0x20000000       0x10 obj/lib/CMSIS/CM3/DeviceSupport/ST/STM32F10x/system_stm32f10x.o
                0x20000000                AHBPrescTable
 .data.SystemCoreClock
                0x20000010        0x4 obj/lib/CMSIS/CM3/DeviceSupport/ST/STM32F10x/system_stm32f10x.o
                0x20000010                SystemCoreClock
 .data.ADCPrescTable
                0x20000014        0x4 obj/lib/STM32F10x_StdPeriph_Driver/src/stm32f10x_rcc.o
 .data.APBAHBPrescTable
                0x20000018       0x10 obj/lib/STM32F10x_StdPeriph_Driver/src/stm32f10x_rcc.o
 .data.mpuLowPassFilter
                0x20000028        0x1 obj/src/drv_mpu3050.o
 .data.mpuLowPassFilter
                0x20000029        0x1 obj/src/drv_mpu6050.o
 .data.failsafeThreshold
                0x2000002a        0x2 obj/src/drv_pwm.o
 .data.servo    0x2000002c       0x10 obj/src/mixer.o
                0x2000002c                servo
 .data.GPSNavReset.8582
                0x2000003c        0x1 obj/src/mw.o
 *fill*         0x2000003d        0x3 00
 .data.rcData   0x20000040       0x10 obj/src/mw.o
                0x20000040                rcData
 .data.pid_controller
                0x20000050        0x4 obj/src/mw.o
                0x20000050                pid_controller
 .data.batteryCellCount
                0x20000054        0x1 obj/src/mw.o
                0x20000054                batteryCellCount
 *fill*         0x20000055        0x1 00
 .data.acc_1G   0x20000056        0x2 obj/src/sensors.o
                0x20000056                acc_1G
 .data.magCal   0x20000058        0xc obj/src/sensors.o
 .data.boxes    0x20000064       0xfc obj/src/serial.o
                0x20000064                boxes
 .data.__fdlib_version
                0x20000160        0x1 d:/armm4/bin/../lib/gcc/arm-none-eabi/4.7.3/../../../../arm-none-eabi/lib/armv7-m\libm.a(lib_a-s_lib_ver.o)
                0x20000160                __fdlib_version
 *fill*         0x20000161        0x3 00
 .data.__ctype_ptr__
                0x20000164        0x4 d:/armm4/bin/../lib/gcc/arm-none-eabi/4.7.3/../../../../arm-none-eabi/lib/armv7-m\libc.a(lib_a-ctype_.o)
                0x20000164                __ctype_ptr__
 .data.impure_data
                0x20000168      0x428 d:/armm4/bin/../lib/gcc/arm-none-eabi/4.7.3/../../../../arm-none-eabi/lib/armv7-m\libc.a(lib_a-impure.o)
 .data._impure_ptr
                0x20000590        0x4 d:/armm4/bin/../lib/gcc/arm-none-eabi/4.7.3/../../../../arm-none-eabi/lib/armv7-m\libc.a(lib_a-impure.o)
                0x20000590                _impure_ptr
                0x20000594                . = ALIGN (0x4)
                0x20000594                _edata = .

.jcr            0x20000594        0x0 load address 0x08015fe0
 .jcr           0x20000594        0x0 d:/armm4/bin/../lib/gcc/arm-none-eabi/4.7.3/armv7-m/crtbegin.o

.igot.plt       0x20000594        0x0 load address 0x08015fe0
 .igot.plt      0x00000000        0x0 d:/armm4/bin/../lib/gcc/arm-none-eabi/4.7.3/armv7-m/crtbegin.o
                0x20000594                . = ALIGN (0x4)

.bss            0x20000594     0x1120 load address 0x08015fe0
                0x20000594                _sbss = .
                0x20000594                __bss_start__ = _sbss
 *(.bss)
 .bss           0x20000594       0x1c d:/armm4/bin/../lib/gcc/arm-none-eabi/4.7.3/armv7-m/crtbegin.o
 *(.bss*)
 .bss.beeperOnBox.8410
                0x200005b0        0x1 obj/src/buzzer.o
 .bss.buzzerIsOn
                0x200005b1        0x1 obj/src/buzzer.o
 .bss.beepDone  0x200005b2        0x1 obj/src/buzzer.o
 .bss.warn_noGPSfix.8411
                0x200005b3        0x1 obj/src/buzzer.o
 .bss.icnt.8422
                0x200005b4        0x1 obj/src/buzzer.o
 .bss.warn_failsafe.8412
                0x200005b5        0x1 obj/src/buzzer.o
 *fill*         0x200005b6        0x2 00
 .bss.buzzerLastToggleTime
                0x200005b8        0x4 obj/src/buzzer.o
 .bss.cliBuffer
                0x200005bc       0x30 obj/src/cli.o
 .bss.bufferIndex
                0x200005ec        0x4 obj/src/cli.o
 .bss.enabledSensors
                0x200005f0        0x4 obj/src/config.o
 .bss.adcValues
                0x200005f4        0x4 obj/src/drv_adc.o
 .bss.useFifo   0x200005f8        0x1 obj/src/drv_adxl345.o
 .bss.acc_samples
                0x200005f9        0x1 obj/src/drv_adxl345.o
                0x200005f9                acc_samples
 .bss.convDone  0x200005fa        0x1 obj/src/drv_bmp085.o
 *fill*         0x200005fb        0x1 00
 .bss.convOverrun
                0x200005fc        0x2 obj/src/drv_bmp085.o
 *fill*         0x200005fe        0x2 00
 .bss.bmp085    0x20000600       0x24 obj/src/drv_bmp085.o
 .bss.bmp085_up
                0x20000624        0x4 obj/src/drv_bmp085.o
 .bss.bmp085InitDone
                0x20000628        0x1 obj/src/drv_bmp085.o
 *fill*         0x20000629        0x1 00
 .bss.bmp085_ut
                0x2000062a        0x2 obj/src/drv_bmp085.o
 .bss.last_measurement
                0x2000062c        0x4 obj/src/drv_hcsr04.o
 .bss.timing_start.8407
                0x20000630        0x4 obj/src/drv_hcsr04.o
 .bss.echo_pin  0x20000634        0x2 obj/src/drv_hcsr04.o
 .bss.exti_irqn
                0x20000636        0x1 obj/src/drv_hcsr04.o
 .bss.exti_pin_source
                0x20000637        0x1 obj/src/drv_hcsr04.o
 .bss.exti_line
                0x20000638        0x4 obj/src/drv_hcsr04.o
 .bss.distance_ptr
                0x2000063c        0x4 obj/src/drv_hcsr04.o
 .bss.trigger_pin
                0x20000640        0x2 obj/src/drv_hcsr04.o
 *fill*         0x20000642        0x2 00
 .bss.sensor_align
                0x20000644        0x4 obj/src/drv_hmc5883l.o
 .bss.index.8090
                0x20000648        0x1 obj/src/drv_i2c.o
 .bss.writing   0x20000649        0x1 obj/src/drv_i2c.o
 .bss.reg       0x2000064a        0x1 obj/src/drv_i2c.o
 .bss.bytes     0x2000064b        0x1 obj/src/drv_i2c.o
 .bss.subaddress_sent.8088
                0x2000064c        0x1 obj/src/drv_i2c.o
 *fill*         0x2000064d        0x3 00
 .bss.read_p    0x20000650        0x4 obj/src/drv_i2c.o
 .bss.error     0x20000654        0x1 obj/src/drv_i2c.o
 *fill*         0x20000655        0x3 00
 .bss.write_p   0x20000658        0x4 obj/src/drv_i2c.o
 .bss.reading   0x2000065c        0x1 obj/src/drv_i2c.o
 *fill*         0x2000065d        0x3 00
 .bss.I2Cx      0x20000660        0x4 obj/src/drv_i2c.o
 .bss.i2cErrorCount
                0x20000664        0x2 obj/src/drv_i2c.o
 .bss.final_stop.8089
                0x20000666        0x1 obj/src/drv_i2c.o
 .bss.busy      0x20000667        0x1 obj/src/drv_i2c.o
 .bss.addr      0x20000668        0x1 obj/src/drv_i2c.o
 .bss.mpuLowPassFilter
                0x20000669        0x1 obj/src/drv_l3g4200d.o
 .bss.state.8406
                0x2000066a        0x1 obj/src/drv_ledring.o
 .bss.device_id
                0x2000066b        0x1 obj/src/drv_mma845x.o
 .bss.mpuAccelHalf
                0x2000066c        0x1 obj/src/drv_mpu6050.o
 *fill*         0x2000066d        0x3 00
 .bss.ms5611_up
                0x20000670        0x4 obj/src/drv_ms5611.o
 .bss.ms5611_ut
                0x20000674        0x4 obj/src/drv_ms5611.o
 .bss.ms5611_c  0x20000678       0x10 obj/src/drv_ms5611.o
 .bss.captures  0x20000688       0x10 obj/src/drv_pwm.o
 .bss.pwmPorts  0x20000698      0x118 obj/src/drv_pwm.o
 .bss.numInputs
                0x200007b0        0x1 obj/src/drv_pwm.o
 .bss.numMotors
                0x200007b1        0x1 obj/src/drv_pwm.o
 .bss.GoodPulses.8122
                0x200007b2        0x1 obj/src/drv_pwm.o
 .bss.numServos
                0x200007b3        0x1 obj/src/drv_pwm.o
 .bss.motors    0x200007b4       0x30 obj/src/drv_pwm.o
 .bss.servos    0x200007e4       0x20 obj/src/drv_pwm.o
 .bss.last.8120
                0x20000804        0x2 obj/src/drv_pwm.o
 .bss.chan.8121
                0x20000806        0x1 obj/src/drv_pwm.o
 *fill*         0x20000807        0x1 00
 .bss.now.8119  0x20000808        0x2 obj/src/drv_pwm.o
 *fill*         0x2000080a        0x2 00
 .bss.sysTickUptime
                0x2000080c        0x4 obj/src/drv_system.o
 .bss.usTicks   0x20000810        0x4 obj/src/drv_system.o
 .bss.rxDMAPos  0x20000814        0x4 obj/src/drv_uart.o
                0x20000814                rxDMAPos
 .bss.tx2BufferHead
                0x20000818        0x4 obj/src/drv_uart.o
                0x20000818                tx2BufferHead
 .bss.uart2Callback
                0x2000081c        0x4 obj/src/drv_uart.o
                0x2000081c                uart2Callback
 .bss.txBufferTail
                0x20000820        0x4 obj/src/drv_uart.o
                0x20000820                txBufferTail
 .bss.uart2RxOnly
                0x20000824        0x1 obj/src/drv_uart.o
                0x20000824                uart2RxOnly
 *fill*         0x20000825        0x3 00
 .bss.txBufferHead
                0x20000828        0x4 obj/src/drv_uart.o
                0x20000828                txBufferHead
 .bss.tx2BufferTail
                0x2000082c        0x4 obj/src/drv_uart.o
                0x2000082c                tx2BufferTail
 .bss._init.8026
                0x20000830        0x4 obj/src/filter.o
 .bss.GPS_filter
                0x20000834       0x28 obj/src/gps.o
 .bss.init.8598
                0x2000085c        0x1 obj/src/gps.o
 *fill*         0x2000085d        0x3 00
 .bss.speed_old.8596
                0x20000860        0x4 obj/src/gps.o
 .bss._msg_id   0x20000864        0x1 obj/src/gps.o
 *fill*         0x20000865        0x3 00
 .bss.nav_loopTimer.8548
                0x20000868        0x4 obj/src/gps.o
 .bss.poshold_ratePID
                0x2000086c       0x28 obj/src/gps.o
 .bss.offset.8682
                0x20000894        0x1 obj/src/gps.o
 *fill*         0x20000895        0x3 00
 .bss.GPS_scaleLonDown
                0x20000898        0x4 obj/src/gps.o
 .bss.GPS_filtered
                0x2000089c        0x8 obj/src/gps.o
 .bss.crosstrack_error
                0x200008a4        0x2 obj/src/gps.o
 *fill*         0x200008a6        0x2 00
 .bss.string.8684
                0x200008a8       0x10 obj/src/gps.o
 .bss.navPID_PARAM
                0x200008b8       0x10 obj/src/gps.o
 .bss.posholdPID
                0x200008c8       0x28 obj/src/gps.o
 .bss._buffer   0x200008f0       0xc8 obj/src/gps.o
 .bss.posholdPID_PARAM
                0x200009b8       0x10 obj/src/gps.o
 .bss.param.8681
                0x200009c8        0x1 obj/src/gps.o
 .bss._ck_b     0x200009c9        0x1 obj/src/gps.o
 .bss._new_position
                0x200009ca        0x1 obj/src/gps.o
 .bss._ck_a     0x200009cb        0x1 obj/src/gps.o
 .bss._payload_length
                0x200009cc        0x2 obj/src/gps.o
 *fill*         0x200009ce        0x2 00
 .bss.last.8597
                0x200009d0        0x8 obj/src/gps.o
 .bss.nav_takeoff_bearing
                0x200009d8        0x2 obj/src/gps.o
 *fill*         0x200009da        0x2 00
 .bss.nav_bearing
                0x200009dc        0x4 obj/src/gps.o
 .bss.GPS_WP    0x200009e0        0x8 obj/src/gps.o
 .bss.fraction3
                0x200009e8        0x4 obj/src/gps.o
 .bss.poshold_ratePID_PARAM
                0x200009ec       0x10 obj/src/gps.o
 .bss.dTnav     0x200009fc        0x4 obj/src/gps.o
 .bss.GPS_degree
                0x20000a00        0x8 obj/src/gps.o
 .bss.actual_speed
                0x20000a08        0x4 obj/src/gps.o
 .bss._step     0x20000a0c        0x1 obj/src/gps.o
 *fill*         0x20000a0d        0x3 00
 .bss.navPID    0x20000a10       0x28 obj/src/gps.o
 .bss.rate_error
                0x20000a38        0x4 obj/src/gps.o
 .bss.target_bearing
                0x20000a3c        0x4 obj/src/gps.o
 .bss.GPS_filter_sum
                0x20000a40        0x8 obj/src/gps.o
 .bss.wp_distance
                0x20000a48        0x4 obj/src/gps.o
 .bss._payload_counter
                0x20000a4c        0x2 obj/src/gps.o
 *fill*         0x20000a4e        0x2 00
 .bss.original_target_bearing
                0x20000a50        0x4 obj/src/gps.o
 .bss._class    0x20000a54        0x1 obj/src/gps.o
 .bss.checksum_param.8685
                0x20000a55        0x1 obj/src/gps.o
 .bss._new_speed
                0x20000a56        0x1 obj/src/gps.o
 .bss.frame.8686
                0x20000a57        0x1 obj/src/gps.o
 .bss.GPS_read  0x20000a58        0x8 obj/src/gps.o
 .bss.next_fix  0x20000a60        0x1 obj/src/gps.o
 .bss.parity.8683
                0x20000a61        0x1 obj/src/gps.o
 .bss.waypoint_speed_gov
                0x20000a62        0x2 obj/src/gps.o
 .bss.error     0x20000a64        0x8 obj/src/gps.o
 .bss.GPS_filter_index
                0x20000a6c        0x1 obj/src/gps.o
 *fill*         0x20000a6d        0x3 00
 .bss.invG      0x20000a70        0x4 obj/src/imu.o
 .bss.previousT.8510
                0x20000a74        0x4 obj/src/imu.o
 .bss.baroTemperature
                0x20000a78        0x4 obj/src/imu.o
                0x20000a78                baroTemperature
 .bss.gyroADCprevious.8426
                0x20000a7c        0x8 obj/src/imu.o
 .bss.Smoothing.8440
                0x20000a84        0x4 obj/src/imu.o
 .bss.gyroData  0x20000a88        0x8 obj/src/imu.o
                0x20000a88                gyroData
 .bss.angle     0x20000a90        0x4 obj/src/imu.o
                0x20000a90                angle
 .bss.BaroAlt   0x20000a94        0x4 obj/src/imu.o
                0x20000a94                BaroAlt
 .bss.accZoffset.8516
                0x20000a98        0x2 obj/src/imu.o
 .bss.acc_25deg
                0x20000a9a        0x2 obj/src/imu.o
                0x20000a9a                acc_25deg
 .bss.gyroSmooth.8441
                0x20000a9c        0x8 obj/src/imu.o
 .bss.magneticDeclination
                0x20000aa4        0x4 obj/src/imu.o
                0x20000aa4                magneticDeclination
 .bss.baroPressure
                0x20000aa8        0x4 obj/src/imu.o
                0x20000aa8                baroPressure
 .bss.accLPF.8483
                0x20000aac        0xc obj/src/imu.o
 .bss.errorAltitudeI
                0x20000ab8        0x2 obj/src/imu.o
                0x20000ab8                errorAltitudeI
 *fill*         0x20000aba        0x2 00
 .bss.lastBaroAlt.8518
                0x20000abc        0x4 obj/src/imu.o
 .bss.vel.8517  0x20000ac0        0x4 obj/src/imu.o
 .bss.baroGroundPressure.8509
                0x20000ac4        0x4 obj/src/imu.o
 .bss.gyroYawSmooth.8430
                0x20000ac8        0x2 obj/src/imu.o
 *fill*         0x20000aca        0x2 00
 .bss.timeInterleave.8429
                0x20000acc        0x4 obj/src/imu.o
 .bss.EstM.8482
                0x20000ad0        0xc obj/src/imu.o
 .bss.previousT.8484
                0x20000adc        0x4 obj/src/imu.o
 .bss.gyroZero  0x20000ae0        0x8 obj/src/imu.o
                0x20000ae0                gyroZero
 .bss.vario     0x20000ae8        0x2 obj/src/imu.o
                0x20000ae8                vario
 *fill*         0x20000aea        0x2 00
 .bss.baroPressureSum
                0x20000aec        0x4 obj/src/imu.o
                0x20000aec                baroPressureSum
 .bss.BaroPID   0x20000af0        0x2 obj/src/imu.o
                0x20000af0                BaroPID
 .bss.numberMotor
                0x20000af2        0x1 obj/src/mixer.o
 .bss.useServo  0x20000af3        0x1 obj/src/mixer.o
                0x20000af3                useServo
 .bss.currentMixer
                0x20000af4       0xc0 obj/src/mixer.o
 .bss.calibratedAccTime.8469
                0x20000bb4        0x4 obj/src/mw.o
 .bss.nav_mode  0x20000bb8        0x1 obj/src/mw.o
                0x20000bb8                nav_mode
 .bss.rcDelayCommand.8574
                0x20000bb9        0x1 obj/src/mw.o
 .bss.buzzerFreq.8472
                0x20000bba        0x1 obj/src/mw.o
 *fill*         0x20000bbb        0x1 00
 .bss.errorAngleI
                0x20000bbc        0x8 obj/src/mw.o
 .bss.vbatTimer.8473
                0x20000bc4        0x1 obj/src/mw.o
 *fill*         0x20000bc5        0x3 00
 .bss.lastGyro.8537
                0x20000bc8        0x8 obj/src/mw.o
 .bss.vbatRawArray.8479
                0x20000bd0       0x10 obj/src/mw.o
 .bss.delta1.8553
                0x20000be0        0x8 obj/src/mw.o
 .bss.currentTime
                0x20000be8        0x4 obj/src/mw.o
                0x20000be8                currentTime
 .bss.toggleBeep
                0x20000bec        0x1 obj/src/mw.o
                0x20000bec                toggleBeep
 *fill*         0x20000bed        0x1 00
 .bss.AccInflightCalibrationActive
                0x20000bee        0x2 obj/src/mw.o
                0x20000bee                AccInflightCalibrationActive
 .bss.loopTime.8580
                0x20000bf0        0x4 obj/src/mw.o
 .bss.taskOrder.8595
                0x20000bf4        0x4 obj/src/mw.o
 .bss.GPSLEDTime.8492
                0x20000bf8        0x4 obj/src/mw.o
 .bss.GPS_angle
                0x20000bfc        0x4 obj/src/mw.o
                0x20000bfc                GPS_angle
 .bss.failsafeEvents
                0x20000c00        0x2 obj/src/mw.o
                0x20000c00                failsafeEvents
 *fill*         0x20000c02        0x2 00
 .bss.LEDTime.8491
                0x20000c04        0x4 obj/src/mw.o
 .bss.GPS_Present
                0x20000c08        0x1 obj/src/mw.o
                0x20000c08                GPS_Present
 *fill*         0x20000c09        0x3 00
 .bss.previousTime
                0x20000c0c        0x4 obj/src/mw.o
                0x20000c0c                previousTime
 .bss.annex650_overrun_count
                0x20000c10        0x2 obj/src/mw.o
                0x20000c10                annex650_overrun_count
 .bss.InflightcalibratingA
                0x20000c12        0x2 obj/src/mw.o
                0x20000c12                InflightcalibratingA
 .bss.ind.8477  0x20000c14        0x1 obj/src/mw.o
 .bss.rc4ValuesIndex.8502
                0x20000c15        0x1 obj/src/mw.o
 *fill*         0x20000c16        0x2 00
 .bss.rcTime.8578
                0x20000c18        0x4 obj/src/mw.o
 .bss.cycleTime
                0x20000c1c        0x2 obj/src/mw.o
                0x20000c1c                cycleTime
 .bss.GPS_ground_course
                0x20000c1e        0x2 obj/src/mw.o
                0x20000c1e                GPS_ground_course
 .bss.delta2.8554
                0x20000c20        0x8 obj/src/mw.o
 .bss.rcReadRawFunc
                0x20000c28        0x4 obj/src/mw.o
                0x20000c28                rcReadRawFunc
 .bss.isAltHoldChanged.8602
                0x20000c2c        0x1 obj/src/mw.o
 *fill*         0x20000c2d        0x3 00
 .bss.rcData4Values.8500
                0x20000c30       0x40 obj/src/mw.o
 .bss.rcSticks.8575
                0x20000c70        0x1 obj/src/mw.o
 *fill*         0x20000c71        0x1 00
 .bss.AltHoldCorr.8603
                0x20000c72        0x2 obj/src/mw.o
 .bss.AccInflightCalibrationSavetoEEProm
                0x20000c74        0x2 obj/src/mw.o
                0x20000c74                AccInflightCalibrationSavetoEEProm
 *fill*         0x20000c76        0x2 00
 .bss.lastError.8558
                0x20000c78        0x8 obj/src/mw.o
 .bss.rcDataMean.8501
                0x20000c80       0x10 obj/src/mw.o
 .bss.GPS_update
                0x20000c90        0x1 obj/src/mw.o
                0x20000c90                GPS_update
 *fill*         0x20000c91        0x1 00
 .bss.initialThrottleHold.8579
                0x20000c92        0x2 obj/src/mw.o
 .bss.lastDTerm.8525
                0x20000c94        0xc obj/src/mw.o
 .bss.AccInflightCalibrationMeasurementDone
                0x20000ca0        0x2 obj/src/mw.o
                0x20000ca0                AccInflightCalibrationMeasurementDone
 .bss.failsafeCnt
                0x20000ca2        0x2 obj/src/mw.o
                0x20000ca2                failsafeCnt
 .bss.errorGyroI
                0x20000ca4        0xc obj/src/mw.o
 .bss.stdout_putf
                0x20000cb0        0x4 obj/src/printf.o
 .bss.stdout_putp
                0x20000cb4        0x4 obj/src/printf.o
 .bss.magZeroTempMax.8546
                0x20000cb8        0x8 obj/src/sensors.o
 .bss.calibratingG
                0x20000cc0        0x2 obj/src/sensors.o
                0x20000cc0                calibratingG
 *fill*         0x20000cc2        0x2 00
 .bss.baroHistIdx.8487
                0x20000cc4        0x4 obj/src/sensors.o
 .bss.calibratingA
                0x20000cc8        0x2 obj/src/sensors.o
                0x20000cc8                calibratingA
 *fill*         0x20000cca        0x2 00
 .bss.accZero_saved.8475
                0x20000ccc        0x8 obj/src/sensors.o
 .bss.baroDeadline.8492
                0x20000cd4        0x4 obj/src/sensors.o
 .bss.var.8520  0x20000cd8       0x3c obj/src/sensors.o
 .bss.magZeroTempMin.8545
                0x20000d14        0x8 obj/src/sensors.o
 .bss.angleTrim_saved.8476
                0x20000d1c        0x4 obj/src/sensors.o
 .bss.g.8519    0x20000d20        0xc obj/src/sensors.o
 .bss.calibratingB
                0x20000d2c        0x2 obj/src/sensors.o
                0x20000d2c                calibratingB
 *fill*         0x20000d2e        0x2 00
 .bss.state.8493
                0x20000d30        0x4 obj/src/sensors.o
 .bss.accHardware
                0x20000d34        0x1 obj/src/sensors.o
                0x20000d34                accHardware
 *fill*         0x20000d35        0x3 00
 .bss.t.8543    0x20000d38        0x4 obj/src/sensors.o
 .bss.magInit   0x20000d3c        0x1 obj/src/sensors.o
 *fill*         0x20000d3d        0x3 00
 .bss.b.8474    0x20000d40        0xc obj/src/sensors.o
 .bss.previousGyroADC.8518
                0x20000d4c        0x8 obj/src/sensors.o
 .bss.baroHistTab.8486
                0x20000d54       0xc0 obj/src/sensors.o
 .bss.tCal.8544
                0x20000e14        0x4 obj/src/sensors.o
 .bss.a.8469    0x20000e18        0xc obj/src/sensors.o
 .bss.checksum  0x20000e24        0x1 obj/src/serial.o
 .bss.indRX     0x20000e25        0x1 obj/src/serial.o
 .bss.numberBoxItems
                0x20000e26        0x1 obj/src/serial.o
 .bss.offset.8598
                0x20000e27        0x1 obj/src/serial.o
 .bss.dataSize.8599
                0x20000e28        0x1 obj/src/serial.o
 .bss.c_state.8607
                0x20000e29        0x1 obj/src/serial.o
 .bss.t.8420    0x20000e2a        0x1 obj/src/serial.o
 .bss.t.8416    0x20000e2b        0x1 obj/src/serial.o
 .bss.availableBoxes
                0x20000e2c       0x14 obj/src/serial.o
 .bss.guiConnected
                0x20000e40        0x1 obj/src/serial.o
 *fill*         0x20000e41        0x3 00
 .bss.inBuf     0x20000e44       0x40 obj/src/serial.o
 .bss.cmdMSP    0x20000e84        0x1 obj/src/serial.o
 .bss.cliMode   0x20000e85        0x1 obj/src/serial.o
                0x20000e85                cliMode
 .bss.spek_chan_shift
                0x20000e86        0x1 obj/src/spektrum.o
 .bss.rcFrameComplete
                0x20000e87        0x1 obj/src/spektrum.o
 .bss.spekTimeLast.8412
                0x20000e88        0x4 obj/src/spektrum.o
 .bss.spekDataIncoming
                0x20000e8c        0x1 obj/src/spektrum.o
 .bss.spek_chan_mask
                0x20000e8d        0x1 obj/src/spektrum.o
 *fill*         0x20000e8e        0x2 00
 .bss.spekTimeInterval.8413
                0x20000e90        0x4 obj/src/spektrum.o
 .bss.spekFramePosition.8414
                0x20000e94        0x1 obj/src/spektrum.o
 *fill*         0x20000e95        0x3 00
 .bss.spekChannelData.8422
                0x20000e98       0x1c obj/src/spektrum.o
 .bss.cycleNum  0x20000eb4        0x1 obj/src/telemetry.o
 *fill*         0x20000eb5        0x1 00
 .bss.currentCell.8435
                0x20000eb6        0x2 obj/src/telemetry.o
 .bss.telemetryEnabled
                0x20000eb8        0x1 obj/src/telemetry.o
 *fill*         0x20000eb9        0x3 00
 .bss.lastCycleTime
                0x20000ebc        0x4 obj/src/telemetry.o
 *(COMMON)
 COMMON         0x20000ec0      0x3a0 obj/src/config.o
                0x20000ec0                cfg
                0x20000f60                mcfg
 COMMON         0x20001260      0x280 obj/src/drv_uart.o
                0x20001260                tx2Buffer
                0x200012e0                rxBuffer
                0x200013e0                txBuffer
 COMMON         0x200014e0       0x3c obj/src/filter.o
                0x200014e0                firstOrderFilters
 COMMON         0x2000151c       0x3c obj/src/imu.o
                0x2000151c                sonarAlt
                0x20001520                gyroADC
                0x20001528                accVelScale
                0x2000152c                accADC
                0x20001534                EstAlt
                0x20001538                magADC
                0x20001540                AltHold
                0x20001544                accSmooth
                0x2000154c                EstG
 COMMON         0x20001558       0x18 obj/src/mixer.o
                0x20001558                motor
 COMMON         0x20001570       0xec obj/src/mw.o
                0x20001570                GPS_svinfo_chn
                0x20001580                telemTemperature1
                0x20001584                f
                0x20001594                GPS_altitude
                0x20001598                nav_rated
                0x2000159c                lookupThrottleRC
                0x200015b4                nav
                0x200015b8                GPS_speed
                0x200015bc                GPS_hold
                0x200015c4                debug
                0x200015cc                rcCommand
                0x200015d4                vbat
                0x200015d6                batteryWarningVoltage
                0x200015d8                axisPID
                0x200015de                GPS_distanceToHome
                0x200015e0                GPS_home
                0x200015e8                GPS_directionToHome
                0x200015ec                rcOptions
                0x20001600                GPS_svinfo_svid
                0x20001610                GPS_coord
                0x20001618                GPS_svinfo_quality
                0x20001628                dynI8
                0x2000162c                rssi
                0x2000162e                GPS_numSat
                0x2000162f                GPS_numCh
                0x20001630                headFreeModeHold
                0x20001634                dynD8
                0x20001638                dynP8
                0x2000163c                GPS_svinfo_cno
                0x2000164c                AccInflightCalibrationArmed
                0x20001650                lookupPitchRollRC
 COMMON         0x2000165c       0x46 obj/src/sensors.o
                0x2000165c                acc
                0x20001670                magHold
                0x20001674                gyro
                0x20001688                baro
                0x200016a0                heading
 *fill*         0x200016a2        0x2 00
 COMMON         0x200016a4       0x10 obj/src/spektrum.o
                0x200016a4                spekFrame
                0x200016b4                . = ALIGN (0x4)
                0x200016b4                _ebss = .
                0x200016b4                __bss_end__ = _ebss

._user_heap_stack
                0x200016b4      0x400 load address 0x08015fe0
                0x200016b4                . = ALIGN (0x4)
                0x200016b4                PROVIDE (end, .)
                0x200016b4                PROVIDE (_end, .)
                0x200016b4                . = (. + _Min_Heap_Size)
                0x20001ab4                . = (. + _Min_Stack_Size)
 *fill*         0x200016b4      0x400 00
                0x20001ab4                . = ALIGN (0x4)

.memory_b1_text
 *(.mb1text)
 *(.mb1text*)
 *(.mb1rodata)
 *(.mb1rodata*)

/DISCARD/
 libc.a(*)
 libm.a(*)
 libgcc.a(*)

.ARM.attributes
                0x00000000       0x29
 *(.ARM.attributes)
 .ARM.attributes
                0x00000000       0x1d d:/armm4/bin/../lib/gcc/arm-none-eabi/4.7.3/armv7-m/crti.o
 .ARM.attributes
                0x0000001d       0x2d d:/armm4/bin/../lib/gcc/arm-none-eabi/4.7.3/armv7-m/crtbegin.o
 .ARM.attributes
                0x0000004a       0x33 obj/lib/CMSIS/CM3/DeviceSupport/ST/STM32F10x/system_stm32f10x.o
 .ARM.attributes
                0x0000007d       0x33 obj/lib/STM32F10x_StdPeriph_Driver/src/misc.o
 .ARM.attributes
                0x000000b0       0x33 obj/lib/STM32F10x_StdPeriph_Driver/src/stm32f10x_adc.o
 .ARM.attributes
                0x000000e3       0x33 obj/lib/STM32F10x_StdPeriph_Driver/src/stm32f10x_dma.o
 .ARM.attributes
                0x00000116       0x33 obj/lib/STM32F10x_StdPeriph_Driver/src/stm32f10x_exti.o
 .ARM.attributes